Archive member included to satisfy reference by file (symbol)

/usr/lib/gcc/arm-none-eabi/10.3.1/thumb/v6-m/nofp/libgcc.a(_dvmd_tls.o)
                              CMakeFiles/pico-wifi-adapter.dir/pico-sdk/src/rp2_common/pico_divider/divider.S.obj (__aeabi_idiv0)
/usr/lib/gcc/arm-none-eabi/10.3.1/../../../arm-none-eabi/lib/thumb/v6-m/nofp/libc.a(lib_a-atexit.o)
                              /usr/lib/gcc/arm-none-eabi/10.3.1/../../../arm-none-eabi/lib/thumb/v6-m/nofp/crt0.o (atexit)
/usr/lib/gcc/arm-none-eabi/10.3.1/../../../arm-none-eabi/lib/thumb/v6-m/nofp/libc.a(lib_a-calloc.o)
                              CMakeFiles/pico-wifi-adapter.dir/pico-sdk/src/rp2_common/pico_malloc/pico_malloc.c.obj (calloc)
/usr/lib/gcc/arm-none-eabi/10.3.1/../../../arm-none-eabi/lib/thumb/v6-m/nofp/libc.a(lib_a-callocr.o)
                              /usr/lib/gcc/arm-none-eabi/10.3.1/../../../arm-none-eabi/lib/thumb/v6-m/nofp/libc.a(lib_a-calloc.o) (_calloc_r)
/usr/lib/gcc/arm-none-eabi/10.3.1/../../../arm-none-eabi/lib/thumb/v6-m/nofp/libc.a(lib_a-fini.o)
                              /usr/lib/gcc/arm-none-eabi/10.3.1/../../../arm-none-eabi/lib/thumb/v6-m/nofp/crt0.o (__libc_fini_array)
/usr/lib/gcc/arm-none-eabi/10.3.1/../../../arm-none-eabi/lib/thumb/v6-m/nofp/libc.a(lib_a-impure.o)
                              /usr/lib/gcc/arm-none-eabi/10.3.1/../../../arm-none-eabi/lib/thumb/v6-m/nofp/libc.a(lib_a-calloc.o) (_impure_ptr)
/usr/lib/gcc/arm-none-eabi/10.3.1/../../../arm-none-eabi/lib/thumb/v6-m/nofp/libc.a(lib_a-init.o)
                              /usr/lib/gcc/arm-none-eabi/10.3.1/../../../arm-none-eabi/lib/thumb/v6-m/nofp/crt0.o (__libc_init_array)
/usr/lib/gcc/arm-none-eabi/10.3.1/../../../arm-none-eabi/lib/thumb/v6-m/nofp/libc.a(lib_a-malloc.o)
                              CMakeFiles/pico-wifi-adapter.dir/pico-sdk/src/rp2_common/pico_malloc/pico_malloc.c.obj (malloc)
/usr/lib/gcc/arm-none-eabi/10.3.1/../../../arm-none-eabi/lib/thumb/v6-m/nofp/libc.a(lib_a-mallocr.o)
                              /usr/lib/gcc/arm-none-eabi/10.3.1/../../../arm-none-eabi/lib/thumb/v6-m/nofp/libc.a(lib_a-callocr.o) (_malloc_r)
/usr/lib/gcc/arm-none-eabi/10.3.1/../../../arm-none-eabi/lib/thumb/v6-m/nofp/libc.a(lib_a-memcmp.o)
                              CMakeFiles/pico-wifi-adapter.dir/pico-sdk/lib/cyw43-driver/src/cyw43_ll.c.obj (memcmp)
/usr/lib/gcc/arm-none-eabi/10.3.1/../../../arm-none-eabi/lib/thumb/v6-m/nofp/libc.a(lib_a-memmove.o)
                              CMakeFiles/pico-wifi-adapter.dir/pico-sdk/lib/tinyusb/src/class/msc/msc_device.c.obj (memmove)
/usr/lib/gcc/arm-none-eabi/10.3.1/../../../arm-none-eabi/lib/thumb/v6-m/nofp/libc.a(lib_a-mlock.o)
                              /usr/lib/gcc/arm-none-eabi/10.3.1/../../../arm-none-eabi/lib/thumb/v6-m/nofp/libc.a(lib_a-mallocr.o) (__malloc_lock)
/usr/lib/gcc/arm-none-eabi/10.3.1/../../../arm-none-eabi/lib/thumb/v6-m/nofp/libc.a(lib_a-realloc.o)
                              CMakeFiles/pico-wifi-adapter.dir/pico-sdk/src/rp2_common/pico_malloc/pico_malloc.c.obj (realloc)
/usr/lib/gcc/arm-none-eabi/10.3.1/../../../arm-none-eabi/lib/thumb/v6-m/nofp/libc.a(lib_a-reallocr.o)
                              /usr/lib/gcc/arm-none-eabi/10.3.1/../../../arm-none-eabi/lib/thumb/v6-m/nofp/libc.a(lib_a-realloc.o) (_realloc_r)
/usr/lib/gcc/arm-none-eabi/10.3.1/../../../arm-none-eabi/lib/thumb/v6-m/nofp/libc.a(lib_a-sbrkr.o)
                              /usr/lib/gcc/arm-none-eabi/10.3.1/../../../arm-none-eabi/lib/thumb/v6-m/nofp/libc.a(lib_a-mallocr.o) (_sbrk_r)
/usr/lib/gcc/arm-none-eabi/10.3.1/../../../arm-none-eabi/lib/thumb/v6-m/nofp/libc.a(lib_a-strlen-stub.o)
                              CMakeFiles/pico-wifi-adapter.dir/usb_descriptors.c.obj (strlen)
/usr/lib/gcc/arm-none-eabi/10.3.1/../../../arm-none-eabi/lib/thumb/v6-m/nofp/libc.a(lib_a-strncmp.o)
                              CMakeFiles/pico-wifi-adapter.dir/pico-sdk/lib/cyw43-driver/src/cyw43_ll.c.obj (strncmp)
/usr/lib/gcc/arm-none-eabi/10.3.1/../../../arm-none-eabi/lib/thumb/v6-m/nofp/libc.a(lib_a-__atexit.o)
                              /usr/lib/gcc/arm-none-eabi/10.3.1/../../../arm-none-eabi/lib/thumb/v6-m/nofp/libc.a(lib_a-atexit.o) (__register_exitproc)
/usr/lib/gcc/arm-none-eabi/10.3.1/../../../arm-none-eabi/lib/thumb/v6-m/nofp/libc.a(lib_a-freer.o)
                              /usr/lib/gcc/arm-none-eabi/10.3.1/../../../arm-none-eabi/lib/thumb/v6-m/nofp/libc.a(lib_a-malloc.o) (_free_r)
/usr/lib/gcc/arm-none-eabi/10.3.1/../../../arm-none-eabi/lib/thumb/v6-m/nofp/libc.a(lib_a-reent.o)
                              /usr/lib/gcc/arm-none-eabi/10.3.1/../../../arm-none-eabi/lib/thumb/v6-m/nofp/libc.a(lib_a-sbrkr.o) (errno)

Discarded input sections

 .text          0x0000000000000000        0x0 /usr/lib/gcc/arm-none-eabi/10.3.1/thumb/v6-m/nofp/crti.o
 .data          0x0000000000000000        0x0 /usr/lib/gcc/arm-none-eabi/10.3.1/thumb/v6-m/nofp/crti.o
[...]
Memory Configuration

Name             Origin             Length             Attributes
FLASH            0x0000000010000000 0x0000000000200000 xr
RAM              0x0000000020000000 0x0000000000040000 xrw
SCRATCH_X        0x0000000020040000 0x0000000000001000 xrw
SCRATCH_Y        0x0000000020041000 0x0000000000001000 xrw
*default*        0x0000000000000000 0xffffffffffffffff

Linker script and memory map

LOAD /usr/lib/gcc/arm-none-eabi/10.3.1/thumb/v6-m/nofp/crti.o
LOAD /usr/lib/gcc/arm-none-eabi/10.3.1/thumb/v6-m/nofp/crtbegin.o
LOAD /usr/lib/gcc/arm-none-eabi/10.3.1/../../../arm-none-eabi/lib/thumb/v6-m/nofp/crt0.o

.flash_begin    0x0000000010000000        0x0
                0x0000000010000000                __flash_binary_start = .

.boot2          0x0000000010000000      0x100
                0x0000000010000000                __boot2_start__ = .
 *(.boot2)
 .boot2         0x0000000010000000      0x100 /tmp/ccFpx761.o
                0x0000000010000100                __boot2_end__ = .
                0x0000000000000001                ASSERT (((__boot2_end__ - __boot2_start__) == 0x100), ERROR: Pico second stage bootloader must be 256 bytes in size)

.text           0x0000000010000100     0x4c30
                0x0000000010000100                __logical_binary_start = .
 *(.vectors)
 .vectors       0x0000000010000100       0xd4 CMakeFiles/pico-wifi-adapter.dir/pico-sdk/src/rp2_common/pico_standard_link/crt0.S.obj
                0x0000000010000100                __vectors
                0x0000000010000100                __VECTOR_TABLE
                0x00000000100001c0                isr_invalid
                0x00000000100001c0                __default_isrs_start
                0x00000000100001c2                isr_nmi
                0x00000000100001c4                isr_hardfault
                0x00000000100001c6                isr_svcall
                0x00000000100001c8                isr_pendsv
                0x00000000100001ca                isr_systick
                0x00000000100001cc                isr_irq30
                0x00000000100001cc                __unhandled_user_irq
                0x00000000100001cc                isr_irq13
                0x00000000100001cc                isr_irq27
                0x00000000100001cc                isr_irq31
                0x00000000100001cc                isr_irq5
                0x00000000100001cc                isr_irq11
                0x00000000100001cc                isr_irq23
                0x00000000100001cc                isr_irq18
                0x00000000100001cc                isr_irq28
                0x00000000100001cc                isr_irq19
                0x00000000100001cc                isr_irq0
                0x00000000100001cc                isr_irq6
                0x00000000100001cc                isr_irq22
                0x00000000100001cc                isr_irq17
                0x00000000100001cc                isr_irq14
                0x00000000100001cc                isr_irq2
                0x00000000100001cc                isr_irq10
                0x00000000100001cc                isr_irq8
                0x00000000100001cc                isr_irq24
                0x00000000100001cc                isr_irq1
                0x00000000100001cc                isr_irq7
                0x00000000100001cc                isr_irq21
                0x00000000100001cc                isr_irq20
                0x00000000100001cc                isr_irq15
                0x00000000100001cc                isr_irq25
                0x00000000100001cc                isr_irq4
                0x00000000100001cc                isr_irq16
                0x00000000100001cc                isr_irq29
                0x00000000100001cc                isr_irq26
                0x00000000100001cc                __default_isrs_end
                0x00000000100001cc                isr_irq3
                0x00000000100001cc                isr_irq12
                0x00000000100001cc                isr_irq9
                0x00000000100001d2                unhandled_user_irq_num_in_r0
 *(.binary_info_header)
 .binary_info_header
                0x00000000100001d4       0x14 CMakeFiles/pico-wifi-adapter.dir/pico-sdk/src/rp2_common/pico_standard_link/crt0.S.obj
                0x00000000100001e8                __binary_info_header_end = .
 *(.reset)
 .reset         0x00000000100001e8       0xa0 CMakeFiles/pico-wifi-adapter.dir/pico-sdk/src/rp2_common/pico_standard_link/crt0.S.obj
                0x00000000100001e8                _entry_point
 .reset         0x0000000010000288       0x30 CMakeFiles/pico-wifi-adapter.dir/pico-sdk/src/rp2_common/pico_standard_link/binary_info.c.obj
 *(.init)
 .init          0x00000000100002b8        0x4 /usr/lib/gcc/arm-none-eabi/10.3.1/thumb/v6-m/nofp/crti.o
                0x00000000100002b8                _init
 *(EXCLUDE_FILE(*libm.a: *libc.a:*lib_a-mem*.o *libgcc.a:) .text*)
 .text          0x00000000100002bc       0x98 /usr/lib/gcc/arm-none-eabi/10.3.1/thumb/v6-m/nofp/crtbegin.o
 .text.startup.main
                0x0000000010000354       0xf4 CMakeFiles/pico-wifi-adapter.dir/main.c.obj
                0x0000000010000354                main
 .text.tud_mount_cb
                0x0000000010000448        0x4 CMakeFiles/pico-wifi-adapter.dir/main.c.obj
                0x0000000010000448                tud_mount_cb
 .text.tud_umount_cb
                0x000000001000044c        0x4 CMakeFiles/pico-wifi-adapter.dir/main.c.obj
                0x000000001000044c                tud_umount_cb
 .text.tud_suspend_cb
                0x0000000010000450        0x4 CMakeFiles/pico-wifi-adapter.dir/main.c.obj
                0x0000000010000450                tud_suspend_cb
 .text.tud_resume_cb
                0x0000000010000454        0x4 CMakeFiles/pico-wifi-adapter.dir/main.c.obj
                0x0000000010000454                tud_resume_cb
 .text.tud_cdc_line_state_cb
                0x0000000010000458       0x1c CMakeFiles/pico-wifi-adapter.dir/main.c.obj
                0x0000000010000458                tud_cdc_line_state_cb
 .text.tud_cdc_rx_cb
                0x0000000010000474        0x4 CMakeFiles/pico-wifi-adapter.dir/main.c.obj
                0x0000000010000474                tud_cdc_rx_cb
 .text.tud_msc_inquiry_cb
                0x0000000010000478       0x58 CMakeFiles/pico-wifi-adapter.dir/msc_disk.c.obj
                0x0000000010000478                tud_msc_inquiry_cb
 .text.tud_msc_test_unit_ready_cb
                0x00000000100004d0       0x24 CMakeFiles/pico-wifi-adapter.dir/msc_disk.c.obj
                0x00000000100004d0                tud_msc_test_unit_ready_cb
 .text.tud_msc_capacity_cb
                0x00000000100004f4        0xc CMakeFiles/pico-wifi-adapter.dir/msc_disk.c.obj
                0x00000000100004f4                tud_msc_capacity_cb
 .text.tud_msc_start_stop_cb
                0x0000000010000500       0x18 CMakeFiles/pico-wifi-adapter.dir/msc_disk.c.obj
                0x0000000010000500                tud_msc_start_stop_cb
 .text.tud_msc_read10_cb
                0x0000000010000518       0x24 CMakeFiles/pico-wifi-adapter.dir/msc_disk.c.obj
                0x0000000010000518                tud_msc_read10_cb
 .text.tud_msc_is_writable_cb
                0x000000001000053c        0x4 CMakeFiles/pico-wifi-adapter.dir/msc_disk.c.obj
                0x000000001000053c                tud_msc_is_writable_cb
 .text.tud_msc_write10_cb
                0x0000000010000540       0x28 CMakeFiles/pico-wifi-adapter.dir/msc_disk.c.obj
                0x0000000010000540                tud_msc_write10_cb
 .text.tud_msc_scsi_cb
                0x0000000010000568       0x14 CMakeFiles/pico-wifi-adapter.dir/msc_disk.c.obj
                0x0000000010000568                tud_msc_scsi_cb
 .text.tud_cdc_n_connected
                0x000000001000057c       0x34 CMakeFiles/pico-wifi-adapter.dir/pico-sdk/lib/tinyusb/src/class/cdc/cdc_device.c.obj
                0x000000001000057c                tud_cdc_n_connected
 .text.tud_cdc_n_available
                0x00000000100005b0       0x20 CMakeFiles/pico-wifi-adapter.dir/pico-sdk/lib/tinyusb/src/class/cdc/cdc_device.c.obj
                0x00000000100005b0                tud_cdc_n_available
 .text.tud_cdc_n_read
                0x00000000100005d0       0x8c CMakeFiles/pico-wifi-adapter.dir/pico-sdk/lib/tinyusb/src/class/cdc/cdc_device.c.obj
                0x00000000100005d0                tud_cdc_n_read
 .text.tud_cdc_n_write_flush
                0x000000001000065c       0x78 CMakeFiles/pico-wifi-adapter.dir/pico-sdk/lib/tinyusb/src/class/cdc/cdc_device.c.obj
                0x000000001000065c                tud_cdc_n_write_flush
 .text.tud_cdc_n_write
                0x00000000100006d4       0x48 CMakeFiles/pico-wifi-adapter.dir/pico-sdk/lib/tinyusb/src/class/cdc/cdc_device.c.obj
                0x00000000100006d4                tud_cdc_n_write
 .text.cdcd_init
                0x000000001000071c       0xf8 CMakeFiles/pico-wifi-adapter.dir/pico-sdk/lib/tinyusb/src/class/cdc/cdc_device.c.obj
                0x000000001000071c                cdcd_init
 .text.cdcd_reset
                0x0000000010000814       0x58 CMakeFiles/pico-wifi-adapter.dir/pico-sdk/lib/tinyusb/src/class/cdc/cdc_device.c.obj
                0x0000000010000814                cdcd_reset
 .text.cdcd_open
                0x000000001000086c      0x14c CMakeFiles/pico-wifi-adapter.dir/pico-sdk/lib/tinyusb/src/class/cdc/cdc_device.c.obj
                0x000000001000086c                cdcd_open
 .text.cdcd_control_xfer_cb
                0x00000000100009b8       0xfc CMakeFiles/pico-wifi-adapter.dir/pico-sdk/lib/tinyusb/src/class/cdc/cdc_device.c.obj
                0x00000000100009b8                cdcd_control_xfer_cb
 .text.cdcd_xfer_cb
                0x0000000010000ab4      0x170 CMakeFiles/pico-wifi-adapter.dir/pico-sdk/lib/tinyusb/src/class/cdc/cdc_device.c.obj
                0x0000000010000ab4                cdcd_xfer_cb
 .text.tud_descriptor_device_cb
                0x0000000010000c24        0x8 CMakeFiles/pico-wifi-adapter.dir/usb_descriptors.c.obj
                0x0000000010000c24                tud_descriptor_device_cb
 .text.tud_descriptor_configuration_cb
                0x0000000010000c2c        0x8 CMakeFiles/pico-wifi-adapter.dir/usb_descriptors.c.obj
                0x0000000010000c2c                tud_descriptor_configuration_cb
 .text.tud_descriptor_string_cb
                0x0000000010000c34      0x154 CMakeFiles/pico-wifi-adapter.dir/usb_descriptors.c.obj
                0x0000000010000c34                tud_descriptor_string_cb
 .text.running_on_fpga
                0x0000000010000d88       0x10 CMakeFiles/pico-wifi-adapter.dir/pico-sdk/src/rp2_common/pico_platform/platform.c.obj
                0x0000000010000d88                running_on_fpga
 .text.hw_claim_or_assert
                0x0000000010000d98       0x44 CMakeFiles/pico-wifi-adapter.dir/pico-sdk/src/rp2_common/hardware_claim/claim.c.obj
                0x0000000010000d98                hw_claim_or_assert
 .text.hw_claim_unused_from_range
                0x0000000010000ddc       0x9c CMakeFiles/pico-wifi-adapter.dir/pico-sdk/src/rp2_common/hardware_claim/claim.c.obj
                0x0000000010000ddc                hw_claim_unused_from_range
 .text.spin_locks_reset
                0x0000000010000e78       0x1c CMakeFiles/pico-wifi-adapter.dir/pico-sdk/src/rp2_common/hardware_sync/sync.c.obj
                0x0000000010000e78                spin_locks_reset
 .text.next_striped_spin_lock_num
                0x0000000010000e94       0x18 CMakeFiles/pico-wifi-adapter.dir/pico-sdk/src/rp2_common/hardware_sync/sync.c.obj
                0x0000000010000e94                next_striped_spin_lock_num
 .text.spin_lock_claim_unused
                0x0000000010000eac       0x20 CMakeFiles/pico-wifi-adapter.dir/pico-sdk/src/rp2_common/hardware_sync/sync.c.obj
                0x0000000010000eac                spin_lock_claim_unused
 .text.irq_set_enabled
                0x0000000010000ecc       0x24 CMakeFiles/pico-wifi-adapter.dir/pico-sdk/src/rp2_common/hardware_irq/irq.c.obj
                0x0000000010000ecc                irq_set_enabled
 .text.irq_get_vtable_handler
                0x0000000010000ef0       0x10 CMakeFiles/pico-wifi-adapter.dir/pico-sdk/src/rp2_common/hardware_irq/irq.c.obj
                0x0000000010000ef0                irq_get_vtable_handler
 .text.irq_set_exclusive_handler
                0x0000000010000f00       0x54 CMakeFiles/pico-wifi-adapter.dir/pico-sdk/src/rp2_common/hardware_irq/irq.c.obj
                0x0000000010000f00                irq_set_exclusive_handler
 .text.irq_add_shared_handler
                0x0000000010000f54      0x1e8 CMakeFiles/pico-wifi-adapter.dir/pico-sdk/src/rp2_common/hardware_irq/irq.c.obj
                0x0000000010000f54                irq_add_shared_handler
 .text.irq_remove_handler
                0x000000001000113c      0x1b0 CMakeFiles/pico-wifi-adapter.dir/pico-sdk/src/rp2_common/hardware_irq/irq.c.obj
                0x000000001000113c                irq_remove_handler
 .text.irq_add_tail_to_free_list
                0x00000000100012ec       0xb4 CMakeFiles/pico-wifi-adapter.dir/pico-sdk/src/rp2_common/hardware_irq/irq.c.obj
                0x00000000100012ec                irq_add_tail_to_free_list
 .text.irq_init_priorities
                0x00000000100013a0       0x24 CMakeFiles/pico-wifi-adapter.dir/pico-sdk/src/rp2_common/hardware_irq/irq.c.obj
                0x00000000100013a0                irq_init_priorities
 .text.lock_init
                0x00000000100013c4       0x10 CMakeFiles/pico-wifi-adapter.dir/pico-sdk/src/common/pico_sync/lock_core.c.obj
                0x00000000100013c4                lock_init
 .text.mutex_init
                0x00000000100013d4       0x1c CMakeFiles/pico-wifi-adapter.dir/pico-sdk/src/common/pico_sync/mutex.c.obj
                0x00000000100013d4                mutex_init
 .text.recursive_mutex_init
                0x00000000100013f0       0x1c CMakeFiles/pico-wifi-adapter.dir/pico-sdk/src/common/pico_sync/mutex.c.obj
                0x00000000100013f0                recursive_mutex_init
 .text.critical_section_init
                0x000000001000140c       0x20 CMakeFiles/pico-wifi-adapter.dir/pico-sdk/src/common/pico_sync/critical_section.c.obj
                0x000000001000140c                critical_section_init
 .text.timer_pool_entry_comparator
                0x000000001000142c       0x34 CMakeFiles/pico-wifi-adapter.dir/pico-sdk/src/common/pico_time/time.c.obj
                0x000000001000142c                timer_pool_entry_comparator
 .text.sleep_until_callback
                0x0000000010001460       0x30 CMakeFiles/pico-wifi-adapter.dir/pico-sdk/src/common/pico_time/time.c.obj
 .text.add_alarm_under_lock.isra.0
                0x0000000010001490      0x100 CMakeFiles/pico-wifi-adapter.dir/pico-sdk/src/common/pico_time/time.c.obj
 .text.alarm_pool_alarm_callback
                0x0000000010001590      0x1bc CMakeFiles/pico-wifi-adapter.dir/pico-sdk/src/common/pico_time/time.c.obj
 .text.alarm_pool_init_default
                0x000000001000174c       0x6c CMakeFiles/pico-wifi-adapter.dir/pico-sdk/src/common/pico_time/time.c.obj
                0x000000001000174c                alarm_pool_init_default
 .text.alarm_pool_add_alarm_at
                0x00000000100017b8      0x178 CMakeFiles/pico-wifi-adapter.dir/pico-sdk/src/common/pico_time/time.c.obj
                0x00000000100017b8                alarm_pool_add_alarm_at
 .text.best_effort_wfe_or_timeout
                0x0000000010001930       0xd4 CMakeFiles/pico-wifi-adapter.dir/pico-sdk/src/common/pico_time/time.c.obj
                0x0000000010001930                best_effort_wfe_or_timeout
 .text.hardware_alarm_irq_handler
                0x0000000010001a04       0xbc CMakeFiles/pico-wifi-adapter.dir/pico-sdk/src/rp2_common/hardware_timer/timer.c.obj
 .text.hardware_alarm_claim
                0x0000000010001ac0       0x18 CMakeFiles/pico-wifi-adapter.dir/pico-sdk/src/rp2_common/hardware_timer/timer.c.obj
                0x0000000010001ac0                hardware_alarm_claim
 .text.time_us_64
                0x0000000010001ad8       0x14 CMakeFiles/pico-wifi-adapter.dir/pico-sdk/src/rp2_common/hardware_timer/timer.c.obj
                0x0000000010001ad8                time_us_64
 .text.hardware_alarm_set_callback
                0x0000000010001aec       0x8c CMakeFiles/pico-wifi-adapter.dir/pico-sdk/src/rp2_common/hardware_timer/timer.c.obj
                0x0000000010001aec                hardware_alarm_set_callback
 .text.hardware_alarm_set_target
                0x0000000010001b78       0xd4 CMakeFiles/pico-wifi-adapter.dir/pico-sdk/src/rp2_common/hardware_timer/timer.c.obj
                0x0000000010001b78                hardware_alarm_set_target
 .text.hardware_alarm_cancel
                0x0000000010001c4c       0x3c CMakeFiles/pico-wifi-adapter.dir/pico-sdk/src/rp2_common/hardware_timer/timer.c.obj
                0x0000000010001c4c                hardware_alarm_cancel
 .text.ph_merge_nodes
                0x0000000010001c88       0x68 CMakeFiles/pico-wifi-adapter.dir/pico-sdk/src/common/pico_util/pheap.c.obj
 .text.ph_post_alloc_init
                0x0000000010001cf0       0x3c CMakeFiles/pico-wifi-adapter.dir/pico-sdk/src/common/pico_util/pheap.c.obj
                0x0000000010001cf0                ph_post_alloc_init
 .text.ph_merge_two_pass
                0x0000000010001d2c       0x90 CMakeFiles/pico-wifi-adapter.dir/pico-sdk/src/common/pico_util/pheap.c.obj
                0x0000000010001d2c                ph_merge_two_pass
 .text.ph_remove_any_head
                0x0000000010001dbc      0x100 CMakeFiles/pico-wifi-adapter.dir/pico-sdk/src/common/pico_util/pheap.c.obj
 .text.ph_remove_head
                0x0000000010001ebc      0x104 CMakeFiles/pico-wifi-adapter.dir/pico-sdk/src/common/pico_util/pheap.c.obj
                0x0000000010001ebc                ph_remove_head
 .text.ph_remove_and_free_node
                0x0000000010001fc0       0x7c CMakeFiles/pico-wifi-adapter.dir/pico-sdk/src/common/pico_util/pheap.c.obj
                0x0000000010001fc0                ph_remove_and_free_node
 .text.clocks_init
                0x000000001000203c      0x2d0 CMakeFiles/pico-wifi-adapter.dir/pico-sdk/src/rp2_common/hardware_clocks/clocks.c.obj
                0x000000001000203c                clocks_init
 .text.pll_init
                0x000000001000230c       0xa0 CMakeFiles/pico-wifi-adapter.dir/pico-sdk/src/rp2_common/hardware_pll/pll.c.obj
                0x000000001000230c                pll_init
 .text.watchdog_start_tick
                0x00000000100023ac       0x10 CMakeFiles/pico-wifi-adapter.dir/pico-sdk/src/rp2_common/hardware_watchdog/watchdog.c.obj
                0x00000000100023ac                watchdog_start_tick
 .text.xosc_init
                0x00000000100023bc       0x28 CMakeFiles/pico-wifi-adapter.dir/pico-sdk/src/rp2_common/hardware_xosc/xosc.c.obj
                0x00000000100023bc                xosc_init
 .text.runtime_init
                0x00000000100023e4       0xf0 CMakeFiles/pico-wifi-adapter.dir/pico-sdk/src/rp2_common/pico_runtime/runtime.c.obj
                0x00000000100023e4                runtime_init
 .text._exit    0x00000000100024d4       0x14 CMakeFiles/pico-wifi-adapter.dir/pico-sdk/src/rp2_common/pico_runtime/runtime.c.obj
                0x00000000100024d4                _exit
 .text.exit     0x00000000100024e8        0x8 CMakeFiles/pico-wifi-adapter.dir/pico-sdk/src/rp2_common/pico_runtime/runtime.c.obj
                0x00000000100024e8                exit
 .text.panic    0x00000000100024f0       0x30 CMakeFiles/pico-wifi-adapter.dir/pico-sdk/src/rp2_common/pico_runtime/runtime.c.obj
                0x00000000100024f0                panic
 .text.hard_assertion_failure
                0x0000000010002520        0xc CMakeFiles/pico-wifi-adapter.dir/pico-sdk/src/rp2_common/pico_runtime/runtime.c.obj
                0x0000000010002520                hard_assertion_failure
 .text._out_char
                0x000000001000252c       0x10 CMakeFiles/pico-wifi-adapter.dir/pico-sdk/src/rp2_common/pico_printf/printf.c.obj
 .text.weak_raw_vprintf
                0x000000001000253c       0x30 CMakeFiles/pico-wifi-adapter.dir/pico-sdk/src/rp2_common/pico_printf/printf.c.obj
                0x000000001000253c                weak_raw_vprintf
 .text          0x000000001000256c       0x10 CMakeFiles/pico-wifi-adapter.dir/pico-sdk/src/rp2_common/pico_bit_ops/bit_ops_aeabi.S.obj
 .text.rom_func_lookup
                0x000000001000257c       0x10 CMakeFiles/pico-wifi-adapter.dir/pico-sdk/src/rp2_common/pico_bootrom/bootrom.c.obj
                0x000000001000257c                rom_func_lookup
 .text.rom_data_lookup
                0x000000001000258c       0x10 CMakeFiles/pico-wifi-adapter.dir/pico-sdk/src/rp2_common/pico_bootrom/bootrom.c.obj
                0x000000001000258c                rom_data_lookup
 .text.rom_funcs_lookup
                0x000000001000259c       0x44 CMakeFiles/pico-wifi-adapter.dir/pico-sdk/src/rp2_common/pico_bootrom/bootrom.c.obj
                0x000000001000259c                rom_funcs_lookup
 .text.__wrap___aeabi_uidiv
                0x00000000100025e0       0x4c CMakeFiles/pico-wifi-adapter.dir/pico-sdk/src/rp2_common/pico_divider/divider.S.obj
                0x00000000100025e0                __wrap___aeabi_uidiv
                0x00000000100025e0                __wrap___aeabi_uidivmod
                0x00000000100025e0                div_u32u32
                0x00000000100025e0                divmod_u32u32
                0x00000000100025e8                divmod_u32u32_unsafe
                0x0000000010002610                divmod_u32u32_savestate
 .text.missing_double_func_shim
                0x000000001000262c        0xc CMakeFiles/pico-wifi-adapter.dir/pico-sdk/src/rp2_common/pico_double/double_init_rom.c.obj
 .text.__aeabi_double_init
                0x0000000010002638       0x98 CMakeFiles/pico-wifi-adapter.dir/pico-sdk/src/rp2_common/pico_double/double_init_rom.c.obj
                0x0000000010002638                __aeabi_double_init
 .text.double_table_shim_on_use_helper
                0x00000000100026d0       0x2c CMakeFiles/pico-wifi-adapter.dir/pico-sdk/src/rp2_common/pico_double/double_v1_rom_shim.S.obj
                0x00000000100026d0                double_table_shim_on_use_helper
 .text.__aeabi_lmul
                0x00000000100026fc       0x32 CMakeFiles/pico-wifi-adapter.dir/pico-sdk/src/rp2_common/pico_int64_ops/pico_int64_ops_aeabi.S.obj
                0x00000000100026fc                __wrap___aeabi_lmul
 *fill*         0x000000001000272e        0x2 
 .text.missing_float_func_shim
                0x0000000010002730        0xc CMakeFiles/pico-wifi-adapter.dir/pico-sdk/src/rp2_common/pico_float/float_init_rom.c.obj
 .text.__aeabi_float_init
                0x000000001000273c       0x5c CMakeFiles/pico-wifi-adapter.dir/pico-sdk/src/rp2_common/pico_float/float_init_rom.c.obj
                0x000000001000273c                __aeabi_float_init
 .text          0x0000000010002798       0x10 CMakeFiles/pico-wifi-adapter.dir/pico-sdk/src/rp2_common/pico_mem_ops/mem_ops_aeabi.S.obj
                0x0000000010002798                __aeabi_mem_init
 .text.memset   0x00000000100027a8        0xc CMakeFiles/pico-wifi-adapter.dir/pico-sdk/src/rp2_common/pico_mem_ops/mem_ops_aeabi.S.obj
                0x00000000100027a8                __wrap_memset
 .text.memcpy   0x00000000100027b4        0xc CMakeFiles/pico-wifi-adapter.dir/pico-sdk/src/rp2_common/pico_mem_ops/mem_ops_aeabi.S.obj
                0x00000000100027b4                __wrap___aeabi_memcpy
                0x00000000100027b4                __wrap_memcpy
 .text.stdio_out_chars_no_crlf
                0x00000000100027c0       0x10 CMakeFiles/pico-wifi-adapter.dir/pico-sdk/src/rp2_common/pico_stdio/stdio.c.obj
 .text.stdio_out_chars_crlf
                0x00000000100027d0       0xb4 CMakeFiles/pico-wifi-adapter.dir/pico-sdk/src/rp2_common/pico_stdio/stdio.c.obj
 .text.stdio_put_string.isra.0
                0x0000000010002884       0xfc CMakeFiles/pico-wifi-adapter.dir/pico-sdk/src/rp2_common/pico_stdio/stdio.c.obj
 .text.__wrap_putchar
                0x0000000010002980       0x98 CMakeFiles/pico-wifi-adapter.dir/pico-sdk/src/rp2_common/pico_stdio/stdio.c.obj
                0x0000000010002980                __wrap_putchar
 .text.__wrap_puts
                0x0000000010002a18       0x3c CMakeFiles/pico-wifi-adapter.dir/pico-sdk/src/rp2_common/pico_stdio/stdio.c.obj
                0x0000000010002a18                __wrap_puts
 .text.startup._retrieve_unique_id_on_boot
                0x0000000010002a54       0x10 CMakeFiles/pico-wifi-adapter.dir/pico-sdk/src/rp2_common/pico_unique_id/unique_id.c.obj
 .text.pico_get_unique_board_id
                0x0000000010002a64       0x10 CMakeFiles/pico-wifi-adapter.dir/pico-sdk/src/rp2_common/pico_unique_id/unique_id.c.obj
                0x0000000010002a64                pico_get_unique_board_id
 .text.flash_get_unique_id
                0x0000000010002a74       0x40 CMakeFiles/pico-wifi-adapter.dir/pico-sdk/src/rp2_common/hardware_flash/flash.c.obj
                0x0000000010002a74                flash_get_unique_id
 .text.board_get_unique_id
                0x0000000010002ab4       0x24 CMakeFiles/pico-wifi-adapter.dir/pico-sdk/lib/tinyusb/hw/bsp/rp2040/family.c.obj
                0x0000000010002ab4                board_get_unique_id
 .text.board_init
                0x0000000010002ad8        0x4 CMakeFiles/pico-wifi-adapter.dir/pico-sdk/lib/tinyusb/hw/bsp/rp2040/family.c.obj
                0x0000000010002ad8                board_init
 .text.dcd_int_enable
                0x0000000010002adc        0xc CMakeFiles/pico-wifi-adapter.dir/pico-sdk/lib/tinyusb/src/portable/raspberrypi/rp2040/dcd_rp2040.c.obj
                0x0000000010002adc                dcd_int_enable
 .text.dcd_set_address
                0x0000000010002ae8       0x14 CMakeFiles/pico-wifi-adapter.dir/pico-sdk/lib/tinyusb/src/portable/raspberrypi/rp2040/dcd_rp2040.c.obj
                0x0000000010002ae8                dcd_set_address
 .text.dcd_connect
                0x0000000010002afc       0x10 CMakeFiles/pico-wifi-adapter.dir/pico-sdk/lib/tinyusb/src/portable/raspberrypi/rp2040/dcd_rp2040.c.obj
                0x0000000010002afc                dcd_connect
 .text.dcd_init
                0x0000000010002b0c       0x98 CMakeFiles/pico-wifi-adapter.dir/pico-sdk/lib/tinyusb/src/portable/raspberrypi/rp2040/dcd_rp2040.c.obj
                0x0000000010002b0c                dcd_init
 .text.dcd_edpt0_status_complete
                0x0000000010002ba4       0x1c CMakeFiles/pico-wifi-adapter.dir/pico-sdk/lib/tinyusb/src/portable/raspberrypi/rp2040/dcd_rp2040.c.obj
                0x0000000010002ba4                dcd_edpt0_status_complete
 .text.dcd_edpt_open
                0x0000000010002bc0      0x108 CMakeFiles/pico-wifi-adapter.dir/pico-sdk/lib/tinyusb/src/portable/raspberrypi/rp2040/dcd_rp2040.c.obj
                0x0000000010002bc0                dcd_edpt_open
 .text.dcd_edpt_close_all
                0x0000000010002cc8        0x8 CMakeFiles/pico-wifi-adapter.dir/pico-sdk/lib/tinyusb/src/portable/raspberrypi/rp2040/dcd_rp2040.c.obj
                0x0000000010002cc8                dcd_edpt_close_all
 .text.dcd_edpt_xfer
                0x0000000010002cd0       0x24 CMakeFiles/pico-wifi-adapter.dir/pico-sdk/lib/tinyusb/src/portable/raspberrypi/rp2040/dcd_rp2040.c.obj
                0x0000000010002cd0                dcd_edpt_xfer
 .text.dcd_edpt_stall
                0x0000000010002cf4       0x38 CMakeFiles/pico-wifi-adapter.dir/pico-sdk/lib/tinyusb/src/portable/raspberrypi/rp2040/dcd_rp2040.c.obj
                0x0000000010002cf4                dcd_edpt_stall
 .text.dcd_edpt_clear_stall
                0x0000000010002d2c       0x30 CMakeFiles/pico-wifi-adapter.dir/pico-sdk/lib/tinyusb/src/portable/raspberrypi/rp2040/dcd_rp2040.c.obj
                0x0000000010002d2c                dcd_edpt_clear_stall
 .text.rp2040_usb_init
                0x0000000010002d5c       0x4c CMakeFiles/pico-wifi-adapter.dir/pico-sdk/lib/tinyusb/src/portable/raspberrypi/rp2040/rp2040_usb.c.obj
                0x0000000010002d5c                rp2040_usb_init
 .text.hw_endpoint_xfer_start
                0x0000000010002da8       0x50 CMakeFiles/pico-wifi-adapter.dir/pico-sdk/lib/tinyusb/src/portable/raspberrypi/rp2040/rp2040_usb.c.obj
                0x0000000010002da8                hw_endpoint_xfer_start
 .text.tud_mounted
                0x0000000010002df8       0x10 CMakeFiles/pico-wifi-adapter.dir/pico-sdk/lib/tinyusb/src/device/usbd.c.obj
                0x0000000010002df8                tud_mounted
 .text.tud_suspended
                0x0000000010002e08       0x10 CMakeFiles/pico-wifi-adapter.dir/pico-sdk/lib/tinyusb/src/device/usbd.c.obj
                0x0000000010002e08                tud_suspended
 .text.tud_init
                0x0000000010002e18       0xdc CMakeFiles/pico-wifi-adapter.dir/pico-sdk/lib/tinyusb/src/device/usbd.c.obj
                0x0000000010002e18                tud_init
 .text.tud_task_ext
                0x0000000010002ef4      0x86c CMakeFiles/pico-wifi-adapter.dir/pico-sdk/lib/tinyusb/src/device/usbd.c.obj
                0x0000000010002ef4                tud_task_ext
 .text.usbd_open_edpt_pair
                0x0000000010003760       0x9c CMakeFiles/pico-wifi-adapter.dir/pico-sdk/lib/tinyusb/src/device/usbd.c.obj
                0x0000000010003760                usbd_open_edpt_pair
 .text.usbd_edpt_open
                0x00000000100037fc       0x34 CMakeFiles/pico-wifi-adapter.dir/pico-sdk/lib/tinyusb/src/device/usbd.c.obj
                0x00000000100037fc                usbd_edpt_open
 .text.usbd_edpt_claim
                0x0000000010003830       0x28 CMakeFiles/pico-wifi-adapter.dir/pico-sdk/lib/tinyusb/src/device/usbd.c.obj
                0x0000000010003830                usbd_edpt_claim
 .text.usbd_edpt_release
                0x0000000010003858       0x28 CMakeFiles/pico-wifi-adapter.dir/pico-sdk/lib/tinyusb/src/device/usbd.c.obj
                0x0000000010003858                usbd_edpt_release
 .text.usbd_edpt_xfer
                0x0000000010003880       0x4c CMakeFiles/pico-wifi-adapter.dir/pico-sdk/lib/tinyusb/src/device/usbd.c.obj
                0x0000000010003880                usbd_edpt_xfer
 .text.usbd_edpt_busy
                0x00000000100038cc       0x1c CMakeFiles/pico-wifi-adapter.dir/pico-sdk/lib/tinyusb/src/device/usbd.c.obj
                0x00000000100038cc                usbd_edpt_busy
 .text.usbd_edpt_stall
                0x00000000100038e8       0x3c CMakeFiles/pico-wifi-adapter.dir/pico-sdk/lib/tinyusb/src/device/usbd.c.obj
                0x00000000100038e8                usbd_edpt_stall
 .text.usbd_edpt_stalled
                0x0000000010003924       0x1c CMakeFiles/pico-wifi-adapter.dir/pico-sdk/lib/tinyusb/src/device/usbd.c.obj
                0x0000000010003924                usbd_edpt_stalled
 .text.tud_control_status
                0x0000000010003940       0x30 CMakeFiles/pico-wifi-adapter.dir/pico-sdk/lib/tinyusb/src/device/usbd_control.c.obj
                0x0000000010003940                tud_control_status
 .text.tud_control_xfer
                0x0000000010003970       0xbc CMakeFiles/pico-wifi-adapter.dir/pico-sdk/lib/tinyusb/src/device/usbd_control.c.obj
                0x0000000010003970                tud_control_xfer
 .text.usbd_control_reset
                0x0000000010003a2c       0x14 CMakeFiles/pico-wifi-adapter.dir/pico-sdk/lib/tinyusb/src/device/usbd_control.c.obj
                0x0000000010003a2c                usbd_control_reset
 .text.usbd_control_set_complete_callback
                0x0000000010003a40        0xc CMakeFiles/pico-wifi-adapter.dir/pico-sdk/lib/tinyusb/src/device/usbd_control.c.obj
                0x0000000010003a40                usbd_control_set_complete_callback
 .text.usbd_control_set_request
                0x0000000010003a4c       0x1c CMakeFiles/pico-wifi-adapter.dir/pico-sdk/lib/tinyusb/src/device/usbd_control.c.obj
                0x0000000010003a4c                usbd_control_set_request
 .text.usbd_control_xfer_cb
                0x0000000010003a68       0xfc CMakeFiles/pico-wifi-adapter.dir/pico-sdk/lib/tinyusb/src/device/usbd_control.c.obj
                0x0000000010003a68                usbd_control_xfer_cb
 .text.proc_read10_cmd.constprop.0
                0x0000000010003b64       0xf0 CMakeFiles/pico-wifi-adapter.dir/pico-sdk/lib/tinyusb/src/class/msc/msc_device.c.obj
 .text.proc_write10_cmd.constprop.0
                0x0000000010003c54       0x8c CMakeFiles/pico-wifi-adapter.dir/pico-sdk/lib/tinyusb/src/class/msc/msc_device.c.obj
 .text.tud_msc_set_sense
                0x0000000010003ce0       0x18 CMakeFiles/pico-wifi-adapter.dir/pico-sdk/lib/tinyusb/src/class/msc/msc_device.c.obj
                0x0000000010003ce0                tud_msc_set_sense
 .text.mscd_init
                0x0000000010003cf8       0x14 CMakeFiles/pico-wifi-adapter.dir/pico-sdk/lib/tinyusb/src/class/msc/msc_device.c.obj
                0x0000000010003cf8                mscd_init
 .text.mscd_reset
                0x0000000010003d0c       0x14 CMakeFiles/pico-wifi-adapter.dir/pico-sdk/lib/tinyusb/src/class/msc/msc_device.c.obj
                0x0000000010003d0c                mscd_reset
 .text.mscd_open
                0x0000000010003d20       0x64 CMakeFiles/pico-wifi-adapter.dir/pico-sdk/lib/tinyusb/src/class/msc/msc_device.c.obj
                0x0000000010003d20                mscd_open
 .text.mscd_control_xfer_cb
                0x0000000010003d84      0x13c CMakeFiles/pico-wifi-adapter.dir/pico-sdk/lib/tinyusb/src/class/msc/msc_device.c.obj
                0x0000000010003d84                mscd_control_xfer_cb
 .text.mscd_xfer_cb
                0x0000000010003ec0      0x72c CMakeFiles/pico-wifi-adapter.dir/pico-sdk/lib/tinyusb/src/class/msc/msc_device.c.obj
                0x0000000010003ec0                mscd_xfer_cb
 .text.tu_edpt_claim
                0x00000000100045ec       0x50 CMakeFiles/pico-wifi-adapter.dir/pico-sdk/lib/tinyusb/src/tusb.c.obj
                0x00000000100045ec                tu_edpt_claim
 .text.tu_edpt_release
                0x000000001000463c       0x38 CMakeFiles/pico-wifi-adapter.dir/pico-sdk/lib/tinyusb/src/tusb.c.obj
                0x000000001000463c                tu_edpt_release
 .text.tu_edpt_validate
                0x0000000010004674       0x78 CMakeFiles/pico-wifi-adapter.dir/pico-sdk/lib/tinyusb/src/tusb.c.obj
                0x0000000010004674                tu_edpt_validate
 .text.tu_edpt_bind_driver
                0x00000000100046ec       0x34 CMakeFiles/pico-wifi-adapter.dir/pico-sdk/lib/tinyusb/src/tusb.c.obj
                0x00000000100046ec                tu_edpt_bind_driver
 .text.tu_fifo_config
                0x0000000010004720       0x70 CMakeFiles/pico-wifi-adapter.dir/pico-sdk/lib/tinyusb/src/common/tusb_fifo.c.obj
                0x0000000010004720                tu_fifo_config
 .text.tu_fifo_count
                0x0000000010004790       0x2c CMakeFiles/pico-wifi-adapter.dir/pico-sdk/lib/tinyusb/src/common/tusb_fifo.c.obj
                0x0000000010004790                tu_fifo_count
 .text.tu_fifo_empty
                0x00000000100047bc       0x10 CMakeFiles/pico-wifi-adapter.dir/pico-sdk/lib/tinyusb/src/common/tusb_fifo.c.obj
                0x00000000100047bc                tu_fifo_empty
 .text.tu_fifo_remaining
                0x00000000100047cc       0x2c CMakeFiles/pico-wifi-adapter.dir/pico-sdk/lib/tinyusb/src/common/tusb_fifo.c.obj
                0x00000000100047cc                tu_fifo_remaining
 .text.tu_fifo_read
                0x00000000100047f8       0xa0 CMakeFiles/pico-wifi-adapter.dir/pico-sdk/lib/tinyusb/src/common/tusb_fifo.c.obj
                0x00000000100047f8                tu_fifo_read
 .text.tu_fifo_read_n
                0x0000000010004898       0xec CMakeFiles/pico-wifi-adapter.dir/pico-sdk/lib/tinyusb/src/common/tusb_fifo.c.obj
                0x0000000010004898                tu_fifo_read_n
 .text.tu_fifo_write
                0x0000000010004984       0x88 CMakeFiles/pico-wifi-adapter.dir/pico-sdk/lib/tinyusb/src/common/tusb_fifo.c.obj
                0x0000000010004984                tu_fifo_write
 .text.tu_fifo_write_n
                0x0000000010004a0c      0x168 CMakeFiles/pico-wifi-adapter.dir/pico-sdk/lib/tinyusb/src/common/tusb_fifo.c.obj
                0x0000000010004a0c                tu_fifo_write_n
 .text.tu_fifo_clear
                0x0000000010004b74       0x40 CMakeFiles/pico-wifi-adapter.dir/pico-sdk/lib/tinyusb/src/common/tusb_fifo.c.obj
                0x0000000010004b74                tu_fifo_clear
 .text.tu_fifo_set_overwritable
                0x0000000010004bb4       0x48 CMakeFiles/pico-wifi-adapter.dir/pico-sdk/lib/tinyusb/src/common/tusb_fifo.c.obj
                0x0000000010004bb4                tu_fifo_set_overwritable
 .text          0x0000000010004bfc       0x5c /usr/lib/gcc/arm-none-eabi/10.3.1/../../../arm-none-eabi/lib/thumb/v6-m/nofp/libc.a(lib_a-strlen-stub.o)
                0x0000000010004bfc                strlen
 *(.fini)
 .fini          0x0000000010004c58        0x4 /usr/lib/gcc/arm-none-eabi/10.3.1/thumb/v6-m/nofp/crti.o
                0x0000000010004c58                _fini
 *fill*         0x0000000010004c5c        0x4 
 .fini.__stub   0x0000000010004c60       0xd0 linker stubs
 *crtbegin.o(.ctors)
 *crtbegin?.o(.ctors)
 *(EXCLUDE_FILE(*crtend.o *crtend?.o) .ctors)
 *(SORT_BY_NAME(.ctors.*))
 *(.ctors)
 *crtbegin.o(.dtors)
 *crtbegin?.o(.dtors)
 *(EXCLUDE_FILE(*crtend.o *crtend?.o) .dtors)
 *(SORT_BY_NAME(.dtors.*))
 *(.dtors)
 *(.eh_frame*)
 .eh_frame      0x0000000010004d30        0x0 /usr/lib/gcc/arm-none-eabi/10.3.1/thumb/v6-m/nofp/crtbegin.o
                0x0000000010004d30                . = ALIGN (0x4)

.glue_7         0x0000000010004d30        0x0
 .glue_7        0x0000000010004d30        0x0 linker stubs

.glue_7t        0x0000000010004d30        0x0
 .glue_7t       0x0000000010004d30        0x0 linker stubs

.vfp11_veneer   0x0000000010004d30        0x0
 .vfp11_veneer  0x0000000010004d30        0x0 linker stubs

.v4_bx          0x0000000010004d30        0x0
 .v4_bx         0x0000000010004d30        0x0 linker stubs

.iplt           0x0000000010004d30        0x0
 .iplt          0x0000000010004d30        0x0 /usr/lib/gcc/arm-none-eabi/10.3.1/thumb/v6-m/nofp/crtbegin.o

.rodata         0x0000000010004d30      0x3dc
 *(EXCLUDE_FILE(*libm.a: *libc.a:*lib_a-mem*.o *libgcc.a:) .rodata*)
 .rodata.tud_cdc_line_state_cb.str1.4
                0x0000000010004d30       0x22 CMakeFiles/pico-wifi-adapter.dir/main.c.obj
 *fill*         0x0000000010004d52        0x2 
 .rodata.tud_msc_inquiry_cb.str1.4
                0x0000000010004d54       0x15 CMakeFiles/pico-wifi-adapter.dir/msc_disk.c.obj
 *fill*         0x0000000010004d69        0x3 
 .rodata.tud_descriptor_string_cb.str1.4
                0x0000000010004d6c       0x11 CMakeFiles/pico-wifi-adapter.dir/usb_descriptors.c.obj
 *fill*         0x0000000010004d7d        0x3 
 .rodata.str1.4
                0x0000000010004d80       0x30 CMakeFiles/pico-wifi-adapter.dir/usb_descriptors.c.obj
                                         0x38 (size before relaxing)
 .rodata.__compound_literal.0
                0x0000000010004db0        0x2 CMakeFiles/pico-wifi-adapter.dir/usb_descriptors.c.obj
 *fill*         0x0000000010004db2        0x2 
 .rodata.desc_device
                0x0000000010004db4       0x12 CMakeFiles/pico-wifi-adapter.dir/usb_descriptors.c.obj
                0x0000000010004db4                desc_device
 *fill*         0x0000000010004dc6        0x2 
 .rodata.desc_fs_configuration
                0x0000000010004dc8       0xa4 CMakeFiles/pico-wifi-adapter.dir/usb_descriptors.c.obj
                0x0000000010004dc8                desc_fs_configuration
 .rodata.spin_lock_claim_unused.str1.4
                0x0000000010004e6c       0x1b CMakeFiles/pico-wifi-adapter.dir/pico-sdk/src/rp2_common/hardware_sync/sync.c.obj
 *fill*         0x0000000010004e87        0x1 
 .rodata.hardware_alarm_claim.str1.4
                0x0000000010004e88       0x22 CMakeFiles/pico-wifi-adapter.dir/pico-sdk/src/rp2_common/hardware_timer/timer.c.obj
 *fill*         0x0000000010004eaa        0x2 
 .rodata.panic.str1.4
                0x0000000010004eac       0x10 CMakeFiles/pico-wifi-adapter.dir/pico-sdk/src/rp2_common/pico_runtime/runtime.c.obj
                                         0x12 (size before relaxing)
 .rodata.hard_assertion_failure.str1.4
                0x0000000010004ebc        0xc CMakeFiles/pico-wifi-adapter.dir/pico-sdk/src/rp2_common/pico_runtime/runtime.c.obj
 .rodata.missing_double_func_shim.str1.4
                0x0000000010004ec8       0x18 CMakeFiles/pico-wifi-adapter.dir/pico-sdk/src/rp2_common/pico_double/double_init_rom.c.obj
 .rodata.missing_float_func_shim.str1.4
                0x0000000010004ee0       0x18 CMakeFiles/pico-wifi-adapter.dir/pico-sdk/src/rp2_common/pico_float/float_init_rom.c.obj
                                          0x1 (size before relaxing)
 .rodata.str1.4
                0x0000000010004ee0       0x48 CMakeFiles/pico-wifi-adapter.dir/pico-sdk/src/rp2_common/pico_standard_link/binary_info.c.obj
 .rodata.__bi_44
                0x0000000010004f28        0xc CMakeFiles/pico-wifi-adapter.dir/pico-sdk/src/rp2_common/pico_standard_link/binary_info.c.obj
 .rodata.__bi_75
                0x0000000010004f34        0xc CMakeFiles/pico-wifi-adapter.dir/pico-sdk/src/rp2_common/pico_standard_link/binary_info.c.obj
 .rodata.__bi_81
                0x0000000010004f40        0xc CMakeFiles/pico-wifi-adapter.dir/pico-sdk/src/rp2_common/pico_standard_link/binary_info.c.obj
 .rodata.crlf_str.0
                0x0000000010004f4c        0x2 CMakeFiles/pico-wifi-adapter.dir/pico-sdk/src/rp2_common/pico_stdio/stdio.c.obj
 *fill*         0x0000000010004f4e        0x2 
 .rodata.str1.4
                0x0000000010004f50       0x14 CMakeFiles/pico-wifi-adapter.dir/pico-sdk/lib/tinyusb/src/portable/raspberrypi/rp2040/dcd_rp2040.c.obj
 .rodata.str1.4
                0x0000000010004f64       0x53 CMakeFiles/pico-wifi-adapter.dir/pico-sdk/lib/tinyusb/src/portable/raspberrypi/rp2040/rp2040_usb.c.obj
 *fill*         0x0000000010004fb7        0x1 
 .rodata.tud_task_ext
                0x0000000010004fb8       0x8c CMakeFiles/pico-wifi-adapter.dir/pico-sdk/lib/tinyusb/src/device/usbd.c.obj
 .rodata._usbd_driver
                0x0000000010005044       0x30 CMakeFiles/pico-wifi-adapter.dir/pico-sdk/lib/tinyusb/src/device/usbd.c.obj
 .rodata.mscd_xfer_cb
                0x0000000010005074       0x98 CMakeFiles/pico-wifi-adapter.dir/pico-sdk/lib/tinyusb/src/class/msc/msc_device.c.obj
                0x000000001000510c                . = ALIGN (0x4)
 *(SORT_BY_ALIGNMENT(SORT_BY_NAME(.flashdata*)))
                0x000000001000510c                . = ALIGN (0x4)

.ARM.extab
 *(.ARM.extab* .gnu.linkonce.armextab.*)
                0x000000001000510c                __exidx_start = .

.ARM.exidx
 *(.ARM.exidx* .gnu.linkonce.armexidx.*)
                0x000000001000510c                __exidx_end = .
                0x000000001000510c                . = ALIGN (0x4)
                0x000000001000510c                __binary_info_start = .

.binary_info    0x000000001000510c       0x1c
 *(.binary_info.keep.*)
 .binary_info.keep.__bi_ptr22
                0x000000001000510c        0x4 CMakeFiles/pico-wifi-adapter.dir/pico-sdk/src/rp2_common/pico_standard_link/binary_info.c.obj
 .binary_info.keep.__bi_ptr30
                0x0000000010005110        0x4 CMakeFiles/pico-wifi-adapter.dir/pico-sdk/src/rp2_common/pico_standard_link/binary_info.c.obj
 .binary_info.keep.__bi_ptr38
                0x0000000010005114        0x4 CMakeFiles/pico-wifi-adapter.dir/pico-sdk/src/rp2_common/pico_standard_link/binary_info.c.obj
 .binary_info.keep.__bi_ptr44
                0x0000000010005118        0x4 CMakeFiles/pico-wifi-adapter.dir/pico-sdk/src/rp2_common/pico_standard_link/binary_info.c.obj
 .binary_info.keep.__bi_ptr50
                0x000000001000511c        0x4 CMakeFiles/pico-wifi-adapter.dir/pico-sdk/src/rp2_common/pico_standard_link/binary_info.c.obj
 .binary_info.keep.__bi_ptr75
                0x0000000010005120        0x4 CMakeFiles/pico-wifi-adapter.dir/pico-sdk/src/rp2_common/pico_standard_link/binary_info.c.obj
 .binary_info.keep.__bi_ptr81
                0x0000000010005124        0x4 CMakeFiles/pico-wifi-adapter.dir/pico-sdk/src/rp2_common/pico_standard_link/binary_info.c.obj
 *(.binary_info.*)
                0x0000000010005128                __binary_info_end = .

.rel.dyn        0x0000000010005128        0x0
 .rel.iplt      0x0000000010005128        0x0 /usr/lib/gcc/arm-none-eabi/10.3.1/thumb/v6-m/nofp/crtbegin.o
                0x0000000010005128                . = ALIGN (0x4)

.ram_vector_table
                0x0000000020000000       0xc0
 *(.ram_vector_table)
 .ram_vector_table
                0x0000000020000000       0xc0 CMakeFiles/pico-wifi-adapter.dir/pico-sdk/src/rp2_common/pico_runtime/runtime.c.obj
                0x0000000020000000                ram_vector_table

.data           0x00000000200000c0     0x2ed0 load address 0x0000000010005128
                0x00000000200000c0                __data_start__ = .
 *(vtable)
 *(.time_critical*)
 .time_critical.mutex_try_enter_block_until
                0x00000000200000c0       0x9c CMakeFiles/pico-wifi-adapter.dir/pico-sdk/src/common/pico_sync/mutex.c.obj
                0x00000000200000c0                mutex_try_enter_block_until
 .time_critical.mutex_enter_timeout_ms
                0x000000002000015c       0x90 CMakeFiles/pico-wifi-adapter.dir/pico-sdk/src/common/pico_sync/mutex.c.obj
                0x000000002000015c                mutex_enter_timeout_ms
 .time_critical.mutex_exit
                0x00000000200001ec       0x28 CMakeFiles/pico-wifi-adapter.dir/pico-sdk/src/common/pico_sync/mutex.c.obj
                0x00000000200001ec                mutex_exit
 .time_critical.flash_init_boot2_copyout
                0x0000000020000214       0x30 CMakeFiles/pico-wifi-adapter.dir/pico-sdk/src/rp2_common/hardware_flash/flash.c.obj
 .time_critical.flash_enable_xip_via_boot2
                0x0000000020000244       0x10 CMakeFiles/pico-wifi-adapter.dir/pico-sdk/src/rp2_common/hardware_flash/flash.c.obj
 .time_critical.flash_cs_force
                0x0000000020000254       0x38 CMakeFiles/pico-wifi-adapter.dir/pico-sdk/src/rp2_common/hardware_flash/flash.c.obj
 .time_critical.flash_do_cmd
                0x000000002000028c       0xc4 CMakeFiles/pico-wifi-adapter.dir/pico-sdk/src/rp2_common/hardware_flash/flash.c.obj
                0x000000002000028c                flash_do_cmd
 .time_critical.reset_non_control_endpoints
                0x0000000020000350       0xbc CMakeFiles/pico-wifi-adapter.dir/pico-sdk/lib/tinyusb/src/portable/raspberrypi/rp2040/dcd_rp2040.c.obj
 .time_critical.hw_handle_buff_status
                0x000000002000040c       0xa8 CMakeFiles/pico-wifi-adapter.dir/pico-sdk/lib/tinyusb/src/portable/raspberrypi/rp2040/dcd_rp2040.c.obj
 .time_critical.dcd_rp2040_irq
                0x00000000200004b4      0x4d8 CMakeFiles/pico-wifi-adapter.dir/pico-sdk/lib/tinyusb/src/portable/raspberrypi/rp2040/dcd_rp2040.c.obj
 .time_critical.e15_is_bulkin_ep
                0x000000002000098c       0x28 CMakeFiles/pico-wifi-adapter.dir/pico-sdk/lib/tinyusb/src/portable/raspberrypi/rp2040/rp2040_usb.c.obj
 .time_critical.e15_is_critical_frame_period
                0x00000000200009b4       0x34 CMakeFiles/pico-wifi-adapter.dir/pico-sdk/lib/tinyusb/src/portable/raspberrypi/rp2040/rp2040_usb.c.obj
 .time_critical.prepare_ep_buffer
                0x00000000200009e8       0x70 CMakeFiles/pico-wifi-adapter.dir/pico-sdk/lib/tinyusb/src/portable/raspberrypi/rp2040/rp2040_usb.c.obj
 .time_critical.sync_ep_buffer
                0x0000000020000a58       0x4c CMakeFiles/pico-wifi-adapter.dir/pico-sdk/lib/tinyusb/src/portable/raspberrypi/rp2040/rp2040_usb.c.obj
 .time_critical._hw_endpoint_xfer_sync
                0x0000000020000aa4       0x28 CMakeFiles/pico-wifi-adapter.dir/pico-sdk/lib/tinyusb/src/portable/raspberrypi/rp2040/rp2040_usb.c.obj
 .time_critical.hw_endpoint_reset_transfer
                0x0000000020000acc        0xc CMakeFiles/pico-wifi-adapter.dir/pico-sdk/lib/tinyusb/src/portable/raspberrypi/rp2040/rp2040_usb.c.obj
                0x0000000020000acc                hw_endpoint_reset_transfer
 .time_critical._hw_endpoint_buffer_control_update32
                0x0000000020000ad8       0x58 CMakeFiles/pico-wifi-adapter.dir/pico-sdk/lib/tinyusb/src/portable/raspberrypi/rp2040/rp2040_usb.c.obj
                0x0000000020000ad8                _hw_endpoint_buffer_control_update32
 .time_critical.hw_endpoint_start_next_buffer
                0x0000000020000b30       0x6c CMakeFiles/pico-wifi-adapter.dir/pico-sdk/lib/tinyusb/src/portable/raspberrypi/rp2040/rp2040_usb.c.obj
                0x0000000020000b30                hw_endpoint_start_next_buffer
 .time_critical.hw_endpoint_xfer_continue
                0x0000000020000b9c       0x50 CMakeFiles/pico-wifi-adapter.dir/pico-sdk/lib/tinyusb/src/portable/raspberrypi/rp2040/rp2040_usb.c.obj
                0x0000000020000b9c                hw_endpoint_xfer_continue
 .time_critical.tinyusb
                0x0000000020000bec      0x17c CMakeFiles/pico-wifi-adapter.dir/pico-sdk/lib/tinyusb/src/device/usbd.c.obj
                0x0000000020000bec                dcd_event_handler
 *(.text*)
 .text          0x0000000020000d68        0x4 /usr/lib/gcc/arm-none-eabi/10.3.1/thumb/v6-m/nofp/libgcc.a(_dvmd_tls.o)
                0x0000000020000d68                __aeabi_ldiv0
                0x0000000020000d68                __aeabi_idiv0
 .text          0x0000000020000d6c       0xac /usr/lib/gcc/arm-none-eabi/10.3.1/../../../arm-none-eabi/lib/thumb/v6-m/nofp/libc.a(lib_a-memmove.o)
                0x0000000020000d6c                memmove
 .text.__stub   0x0000000020000e18       0x70 linker stubs
                0x0000000020000e88                . = ALIGN (0x4)
 *(.rodata*)
                0x0000000020000e88                . = ALIGN (0x4)
 *(.data*)
 .data.msc_disk
                0x0000000020000e88     0x2000 CMakeFiles/pico-wifi-adapter.dir/msc_disk.c.obj
                0x0000000020000e88                msc_disk
 .data.string_desc_arr
                0x0000000020002e88       0x18 CMakeFiles/pico-wifi-adapter.dir/usb_descriptors.c.obj
                0x0000000020002e88                string_desc_arr
 .data.striped_spin_lock_num
                0x0000000020002ea0        0x1 CMakeFiles/pico-wifi-adapter.dir/pico-sdk/src/rp2_common/hardware_sync/sync.c.obj
 *fill*         0x0000000020002ea1        0x3 
 .data          0x0000000020002ea4       0x48 CMakeFiles/pico-wifi-adapter.dir/pico-sdk/src/rp2_common/hardware_irq/irq_handler_chain.S.obj
                0x0000000020002ea4                irq_handler_chain_slots
                0x0000000020002ed4                irq_handler_chain_first_slot
                0x0000000020002ede                irq_handler_chain_remove_tail
 .data.default_alarm_pool
                0x0000000020002eec       0x18 CMakeFiles/pico-wifi-adapter.dir/pico-sdk/src/common/pico_time/time.c.obj
 .data.default_alarm_pool_heap
                0x0000000020002f04       0x10 CMakeFiles/pico-wifi-adapter.dir/pico-sdk/src/common/pico_time/time.c.obj
 *fill*         0x0000000020002f14        0xc 
 .data.aeabi_bits_funcs
                0x0000000020002f20       0x10 CMakeFiles/pico-wifi-adapter.dir/pico-sdk/src/rp2_common/pico_bit_ops/bit_ops_aeabi.S.obj
                0x0000000020002f20                aeabi_bits_funcs
                0x0000000020002f30                aeabi_bits_funcs_end
 .data.aeabi_mem_funcs
                0x0000000020002f30       0x10 CMakeFiles/pico-wifi-adapter.dir/pico-sdk/src/rp2_common/pico_mem_ops/mem_ops_aeabi.S.obj
                0x0000000020002f30                aeabi_mem_funcs
                0x0000000020002f40                aeabi_mem_funcs_end
 .data.ep_dir_string
                0x0000000020002f40        0x8 CMakeFiles/pico-wifi-adapter.dir/pico-sdk/lib/tinyusb/src/portable/raspberrypi/rp2040/rp2040_usb.c.obj
                0x0000000020002f40                ep_dir_string
 .data._usbd_qdef
                0x0000000020002f48       0x1c CMakeFiles/pico-wifi-adapter.dir/pico-sdk/lib/tinyusb/src/device/usbd.c.obj
                0x0000000020002f48                _usbd_qdef
 .data._usbd_rhport
                0x0000000020002f64        0x1 CMakeFiles/pico-wifi-adapter.dir/pico-sdk/lib/tinyusb/src/device/usbd.c.obj
                0x0000000020002f68                . = ALIGN (0x4)
 *fill*         0x0000000020002f65        0x3 
 *(.after_data.*)
                0x0000000020002f68                . = ALIGN (0x4)
                0x0000000020002f68                PROVIDE (__mutex_array_start = .)
 *(SORT_BY_NAME(.mutex_array.*))
 *(.mutex_array)
 .mutex_array   0x0000000020002f68        0x8 CMakeFiles/pico-wifi-adapter.dir/pico-sdk/src/rp2_common/pico_malloc/pico_malloc.c.obj
 .mutex_array   0x0000000020002f70        0x8 CMakeFiles/pico-wifi-adapter.dir/pico-sdk/src/rp2_common/pico_stdio/stdio.c.obj
                0x0000000020002f78                PROVIDE (__mutex_array_end = .)
                0x0000000020002f78                . = ALIGN (0x4)
                0x0000000020002f78                PROVIDE (__preinit_array_start = .)
 *(SORT_BY_NAME(.preinit_array.*))
 .preinit_array.00001
                0x0000000020002f78        0x4 CMakeFiles/pico-wifi-adapter.dir/pico-sdk/src/rp2_common/pico_mem_ops/mem_ops_aeabi.S.obj
 .preinit_array.00010
                0x0000000020002f7c        0x4 CMakeFiles/pico-wifi-adapter.dir/pico-sdk/src/rp2_common/pico_bit_ops/bit_ops_aeabi.S.obj
 .preinit_array.00020
                0x0000000020002f80        0x4 CMakeFiles/pico-wifi-adapter.dir/pico-sdk/src/rp2_common/pico_double/double_aeabi.S.obj
 .preinit_array.00020
                0x0000000020002f84        0x4 CMakeFiles/pico-wifi-adapter.dir/pico-sdk/src/rp2_common/pico_float/float_aeabi.S.obj
 *(.preinit_array)
                0x0000000020002f88                PROVIDE (__preinit_array_end = .)
                0x0000000020002f88                . = ALIGN (0x4)
                0x0000000020002f88                PROVIDE (__init_array_start = .)
 *(SORT_BY_NAME(.init_array.*))
 *(.init_array)
 .init_array    0x0000000020002f88        0x4 /usr/lib/gcc/arm-none-eabi/10.3.1/thumb/v6-m/nofp/crtbegin.o
 .init_array    0x0000000020002f8c        0x4 CMakeFiles/pico-wifi-adapter.dir/pico-sdk/src/rp2_common/pico_unique_id/unique_id.c.obj
                0x0000000020002f90                PROVIDE (__init_array_end = .)
                0x0000000020002f90                . = ALIGN (0x4)
                0x0000000020002f90                PROVIDE (__fini_array_start = .)
 *(SORT_BY_NAME(.fini_array.*))
 *(.fini_array)
                0x0000000020002f90                PROVIDE (__fini_array_end = .)
 *(.jcr)
                0x0000000020002f90                . = ALIGN (0x4)
                0x0000000020002f90                __data_end__ = .
                0x0000000010005128                __etext = LOADADDR (.data)

.tm_clone_table
                0x0000000020002f90        0x0 load address 0x0000000010007ff8
 .tm_clone_table
                0x0000000020002f90        0x0 /usr/lib/gcc/arm-none-eabi/10.3.1/thumb/v6-m/nofp/crtbegin.o
 .tm_clone_table
                0x0000000020002f90        0x0 /usr/lib/gcc/arm-none-eabi/10.3.1/thumb/v6-m/nofp/crtend.o

.igot.plt       0x0000000020002f90        0x0 load address 0x0000000010007ff8
 .igot.plt      0x0000000020002f90        0x0 /usr/lib/gcc/arm-none-eabi/10.3.1/thumb/v6-m/nofp/crtbegin.o

.uninitialized_data
                0x0000000020002f90        0x0 load address 0x0000000010007ff8
                0x0000000020002f90                . = ALIGN (0x4)
 *(.uninitialized_data*)

.scratch_x      0x0000000020040000        0x0 load address 0x0000000010007ff8
                0x0000000020040000                __scratch_x_start__ = .
 *(.scratch_x.*)
                0x0000000020040000                . = ALIGN (0x4)
                0x0000000020040000                __scratch_x_end__ = .
                0x0000000010007ff8                __scratch_x_source__ = LOADADDR (.scratch_x)

.scratch_y      0x0000000020041000        0x0 load address 0x0000000010007ff8
                0x0000000020041000                __scratch_y_start__ = .
 *(.scratch_y.*)
                0x0000000020041000                . = ALIGN (0x4)
                0x0000000020041000                __scratch_y_end__ = .
                0x0000000010007ff8                __scratch_y_source__ = LOADADDR (.scratch_y)

.bss            0x0000000020002f90      0xf74
                0x0000000020002f90                . = ALIGN (0x4)
                0x0000000020002f90                __bss_start__ = .
 *(SORT_BY_ALIGNMENT(SORT_BY_NAME(.bss*)))
 .bss.default_alarm_pool_entries
                0x0000000020002f90      0x100 CMakeFiles/pico-wifi-adapter.dir/pico-sdk/src/common/pico_time/time.c.obj
 .bss.sd_table  0x0000000020003090      0x100 CMakeFiles/pico-wifi-adapter.dir/pico-sdk/src/rp2_common/pico_double/double_init_rom.c.obj
                0x0000000020003090                sd_table
 .bss           0x0000000020003190       0x1c /usr/lib/gcc/arm-none-eabi/10.3.1/thumb/v6-m/nofp/crtbegin.o
 .bss._app_driver
                0x00000000200031ac        0x4 CMakeFiles/pico-wifi-adapter.dir/pico-sdk/lib/tinyusb/src/device/usbd.c.obj
 .bss._cdcd_itf
                0x00000000200031b0      0x290 CMakeFiles/pico-wifi-adapter.dir/pico-sdk/lib/tinyusb/src/class/cdc/cdc_device.c.obj
 .bss._ctrl_xfer
                0x0000000020003440       0x14 CMakeFiles/pico-wifi-adapter.dir/pico-sdk/lib/tinyusb/src/device/usbd_control.c.obj
 .bss._desc_str
                0x0000000020003454       0x42 CMakeFiles/pico-wifi-adapter.dir/usb_descriptors.c.obj
 *fill*         0x0000000020003496        0x2 
 .bss._mscd_buf
                0x0000000020003498      0x200 CMakeFiles/pico-wifi-adapter.dir/pico-sdk/lib/tinyusb/src/class/msc/msc_device.c.obj
 .bss._mscd_itf
                0x0000000020003698       0x40 CMakeFiles/pico-wifi-adapter.dir/pico-sdk/lib/tinyusb/src/class/msc/msc_device.c.obj
 .bss._ubsd_mutexdef
                0x00000000200036d8        0x8 CMakeFiles/pico-wifi-adapter.dir/pico-sdk/lib/tinyusb/src/device/usbd.c.obj
 .bss._usbd_ctrl_buf
                0x00000000200036e0       0x40 CMakeFiles/pico-wifi-adapter.dir/pico-sdk/lib/tinyusb/src/device/usbd_control.c.obj
 .bss._usbd_dev
                0x0000000020003720       0x53 CMakeFiles/pico-wifi-adapter.dir/pico-sdk/lib/tinyusb/src/device/usbd.c.obj
 *fill*         0x0000000020003773        0x1 
 .bss._usbd_mutex
                0x0000000020003774        0x4 CMakeFiles/pico-wifi-adapter.dir/pico-sdk/lib/tinyusb/src/device/usbd.c.obj
 .bss._usbd_q   0x0000000020003778        0x4 CMakeFiles/pico-wifi-adapter.dir/pico-sdk/lib/tinyusb/src/device/usbd.c.obj
 .bss._usbd_qdef_buf
                0x000000002000377c       0xc0 CMakeFiles/pico-wifi-adapter.dir/pico-sdk/lib/tinyusb/src/device/usbd.c.obj
                0x000000002000377c                _usbd_qdef_buf
 .bss.alarm_callbacks
                0x000000002000383c       0x10 CMakeFiles/pico-wifi-adapter.dir/pico-sdk/src/rp2_common/hardware_timer/timer.c.obj
 .bss.boot2_copyout
                0x000000002000384c      0x100 CMakeFiles/pico-wifi-adapter.dir/pico-sdk/src/rp2_common/hardware_flash/flash.c.obj
 .bss.claimed   0x000000002000394c        0x4 CMakeFiles/pico-wifi-adapter.dir/pico-sdk/src/rp2_common/hardware_sync/sync.c.obj
 .bss.configured_freq
                0x0000000020003950       0x28 CMakeFiles/pico-wifi-adapter.dir/pico-sdk/src/rp2_common/hardware_clocks/clocks.c.obj
 .bss.default_alarm_pool_entry_ids_high
                0x0000000020003978       0x10 CMakeFiles/pico-wifi-adapter.dir/pico-sdk/src/common/pico_time/time.c.obj
 .bss.default_alarm_pool_heap_nodes
                0x0000000020003988       0x30 CMakeFiles/pico-wifi-adapter.dir/pico-sdk/src/common/pico_time/time.c.obj
 .bss.drivers   0x00000000200039b8        0x4 CMakeFiles/pico-wifi-adapter.dir/pico-sdk/src/rp2_common/pico_stdio/stdio.c.obj
 .bss.e15_last_sof
                0x00000000200039bc        0x4 CMakeFiles/pico-wifi-adapter.dir/pico-sdk/lib/tinyusb/src/portable/raspberrypi/rp2040/rp2040_usb.c.obj
                0x00000000200039bc                e15_last_sof
 .bss.filter    0x00000000200039c0        0x4 CMakeFiles/pico-wifi-adapter.dir/pico-sdk/src/rp2_common/pico_stdio/stdio.c.obj
 .bss.hw_endpoints
                0x00000000200039c4      0x400 CMakeFiles/pico-wifi-adapter.dir/pico-sdk/lib/tinyusb/src/portable/raspberrypi/rp2040/dcd_rp2040.c.obj
 .bss.lazy_vsnprintf
                0x0000000020003dc4        0x4 CMakeFiles/pico-wifi-adapter.dir/pico-sdk/src/rp2_common/pico_printf/printf.c.obj
 .bss.next_buffer_ptr
                0x0000000020003dc8        0x4 CMakeFiles/pico-wifi-adapter.dir/pico-sdk/lib/tinyusb/src/portable/raspberrypi/rp2040/dcd_rp2040.c.obj
 .bss.pools     0x0000000020003dcc       0x10 CMakeFiles/pico-wifi-adapter.dir/pico-sdk/src/common/pico_time/time.c.obj
 .bss.retrieved_id
                0x0000000020003ddc        0x8 CMakeFiles/pico-wifi-adapter.dir/pico-sdk/src/rp2_common/pico_unique_id/unique_id.c.obj
 .bss.sf_clz_func
                0x0000000020003de4        0x4 CMakeFiles/pico-wifi-adapter.dir/pico-sdk/src/rp2_common/pico_double/double_init_rom.c.obj
                0x0000000020003de4                sf_clz_func
 .bss.sf_table  0x0000000020003de8      0x100 CMakeFiles/pico-wifi-adapter.dir/pico-sdk/src/rp2_common/pico_float/float_init_rom.c.obj
                0x0000000020003de8                sf_table
 .bss.sleep_notifier
                0x0000000020003ee8        0x4 CMakeFiles/pico-wifi-adapter.dir/pico-sdk/src/common/pico_time/time.c.obj
 .bss.target_hi
                0x0000000020003eec       0x10 CMakeFiles/pico-wifi-adapter.dir/pico-sdk/src/rp2_common/hardware_timer/timer.c.obj
 .bss._app_driver_count
                0x0000000020003efc        0x1 CMakeFiles/pico-wifi-adapter.dir/pico-sdk/lib/tinyusb/src/device/usbd.c.obj
 .bss._sof_enable
                0x0000000020003efd        0x1 CMakeFiles/pico-wifi-adapter.dir/pico-sdk/lib/tinyusb/src/portable/raspberrypi/rp2040/dcd_rp2040.c.obj
 .bss.boot2_copyout_valid
                0x0000000020003efe        0x1 CMakeFiles/pico-wifi-adapter.dir/pico-sdk/src/rp2_common/hardware_flash/flash.c.obj
 .bss.claimed   0x0000000020003eff        0x1 CMakeFiles/pico-wifi-adapter.dir/pico-sdk/src/rp2_common/hardware_timer/timer.c.obj
 .bss.ejected   0x0000000020003f00        0x1 CMakeFiles/pico-wifi-adapter.dir/msc_disk.c.obj
 .bss.irq_hander_chain_free_slot_head
                0x0000000020003f01        0x1 CMakeFiles/pico-wifi-adapter.dir/pico-sdk/src/rp2_common/hardware_irq/irq.c.obj
 .bss.timer_callbacks_pending
                0x0000000020003f02        0x1 CMakeFiles/pico-wifi-adapter.dir/pico-sdk/src/rp2_common/hardware_timer/timer.c.obj
 *(COMMON)
                0x0000000020003f04                . = ALIGN (0x4)
 *fill*         0x0000000020003f03        0x1 
                0x0000000020003f04                __bss_end__ = .

.heap           0x0000000020003f04      0x800
                0x0000000020003f04                __end__ = .
                0x0000000020003f04                end = __end__
 *(.heap*)
 .heap          0x0000000020003f04      0x800 CMakeFiles/pico-wifi-adapter.dir/pico-sdk/src/rp2_common/pico_standard_link/crt0.S.obj
                0x0000000020004704                __HeapLimit = .

.stack1_dummy   0x0000000020040000      0x800
 *(.stack1*)
 .stack1        0x0000000020040000      0x800 CMakeFiles/pico-wifi-adapter.dir/pico-sdk/src/rp2_common/pico_multicore/multicore.c.obj

.stack_dummy    0x0000000020041000      0x800
 *(.stack*)
 .stack         0x0000000020041000      0x800 CMakeFiles/pico-wifi-adapter.dir/pico-sdk/src/rp2_common/pico_standard_link/crt0.S.obj

.flash_end      0x0000000010007ff8        0x0
                0x0000000010007ff8                PROVIDE (__flash_binary_end = .)
                0x0000000020040000                __StackLimit = (ORIGIN (RAM) + LENGTH (RAM))
                0x0000000020041000                __StackOneTop = (ORIGIN (SCRATCH_X) + LENGTH (SCRATCH_X))
                0x0000000020042000                __StackTop = (ORIGIN (SCRATCH_Y) + LENGTH (SCRATCH_Y))
                0x0000000020040800                __StackOneBottom = (__StackOneTop - SIZEOF (.stack1_dummy))
                0x0000000020041800                __StackBottom = (__StackTop - SIZEOF (.stack_dummy))
                0x0000000020042000                PROVIDE (__stack = __StackTop)
                0x0000000000000001                ASSERT ((__StackLimit >= __HeapLimit), region RAM overflowed)
                0x0000000000000001                ASSERT (((__binary_info_header_end - __logical_binary_start) <= 0x100), Binary info must be in first 256 bytes of the binary)
LOAD CMakeFiles/pico-wifi-adapter.dir/main.c.obj
LOAD CMakeFiles/pico-wifi-adapter.dir/msc_disk.c.obj
LOAD CMakeFiles/pico-wifi-adapter.dir/pico-sdk/lib/tinyusb/src/class/cdc/cdc_device.c.obj
LOAD CMakeFiles/pico-wifi-adapter.dir/usb_descriptors.c.obj
LOAD CMakeFiles/pico-wifi-adapter.dir/pico-sdk/src/rp2_common/pico_stdlib/stdlib.c.obj
LOAD CMakeFiles/pico-wifi-adapter.dir/pico-sdk/src/rp2_common/hardware_gpio/gpio.c.obj
LOAD CMakeFiles/pico-wifi-adapter.dir/pico-sdk/src/rp2_common/pico_platform/platform.c.obj
LOAD CMakeFiles/pico-wifi-adapter.dir/pico-sdk/src/rp2_common/hardware_claim/claim.c.obj
LOAD CMakeFiles/pico-wifi-adapter.dir/pico-sdk/src/rp2_common/hardware_sync/sync.c.obj
LOAD CMakeFiles/pico-wifi-adapter.dir/pico-sdk/src/rp2_common/hardware_irq/irq.c.obj
LOAD CMakeFiles/pico-wifi-adapter.dir/pico-sdk/src/rp2_common/hardware_irq/irq_handler_chain.S.obj
LOAD CMakeFiles/pico-wifi-adapter.dir/pico-sdk/src/common/pico_sync/sem.c.obj
LOAD CMakeFiles/pico-wifi-adapter.dir/pico-sdk/src/common/pico_sync/lock_core.c.obj
LOAD CMakeFiles/pico-wifi-adapter.dir/pico-sdk/src/common/pico_sync/mutex.c.obj
LOAD CMakeFiles/pico-wifi-adapter.dir/pico-sdk/src/common/pico_sync/critical_section.c.obj
LOAD CMakeFiles/pico-wifi-adapter.dir/pico-sdk/src/common/pico_time/time.c.obj
LOAD CMakeFiles/pico-wifi-adapter.dir/pico-sdk/src/common/pico_time/timeout_helper.c.obj
LOAD CMakeFiles/pico-wifi-adapter.dir/pico-sdk/src/rp2_common/hardware_timer/timer.c.obj
LOAD CMakeFiles/pico-wifi-adapter.dir/pico-sdk/src/common/pico_util/datetime.c.obj
LOAD CMakeFiles/pico-wifi-adapter.dir/pico-sdk/src/common/pico_util/pheap.c.obj
LOAD CMakeFiles/pico-wifi-adapter.dir/pico-sdk/src/common/pico_util/queue.c.obj
LOAD CMakeFiles/pico-wifi-adapter.dir/pico-sdk/src/rp2_common/hardware_uart/uart.c.obj
LOAD CMakeFiles/pico-wifi-adapter.dir/pico-sdk/src/rp2_common/hardware_clocks/clocks.c.obj
LOAD CMakeFiles/pico-wifi-adapter.dir/pico-sdk/src/rp2_common/hardware_pll/pll.c.obj
LOAD CMakeFiles/pico-wifi-adapter.dir/pico-sdk/src/rp2_common/hardware_vreg/vreg.c.obj
LOAD CMakeFiles/pico-wifi-adapter.dir/pico-sdk/src/rp2_common/hardware_watchdog/watchdog.c.obj
LOAD CMakeFiles/pico-wifi-adapter.dir/pico-sdk/src/rp2_common/hardware_xosc/xosc.c.obj
LOAD CMakeFiles/pico-wifi-adapter.dir/pico-sdk/src/rp2_common/hardware_divider/divider.S.obj
LOAD CMakeFiles/pico-wifi-adapter.dir/pico-sdk/src/rp2_common/pico_runtime/runtime.c.obj
LOAD CMakeFiles/pico-wifi-adapter.dir/pico-sdk/src/rp2_common/pico_printf/printf.c.obj
LOAD CMakeFiles/pico-wifi-adapter.dir/pico-sdk/src/rp2_common/pico_bit_ops/bit_ops_aeabi.S.obj
LOAD CMakeFiles/pico-wifi-adapter.dir/pico-sdk/src/rp2_common/pico_bootrom/bootrom.c.obj
LOAD CMakeFiles/pico-wifi-adapter.dir/pico-sdk/src/rp2_common/pico_divider/divider.S.obj
LOAD CMakeFiles/pico-wifi-adapter.dir/pico-sdk/src/rp2_common/pico_double/double_aeabi.S.obj
LOAD CMakeFiles/pico-wifi-adapter.dir/pico-sdk/src/rp2_common/pico_double/double_init_rom.c.obj
LOAD CMakeFiles/pico-wifi-adapter.dir/pico-sdk/src/rp2_common/pico_double/double_math.c.obj
LOAD CMakeFiles/pico-wifi-adapter.dir/pico-sdk/src/rp2_common/pico_double/double_v1_rom_shim.S.obj
LOAD CMakeFiles/pico-wifi-adapter.dir/pico-sdk/src/rp2_common/pico_int64_ops/pico_int64_ops_aeabi.S.obj
LOAD CMakeFiles/pico-wifi-adapter.dir/pico-sdk/src/rp2_common/pico_float/float_aeabi.S.obj
LOAD CMakeFiles/pico-wifi-adapter.dir/pico-sdk/src/rp2_common/pico_float/float_init_rom.c.obj
LOAD CMakeFiles/pico-wifi-adapter.dir/pico-sdk/src/rp2_common/pico_float/float_math.c.obj
LOAD CMakeFiles/pico-wifi-adapter.dir/pico-sdk/src/rp2_common/pico_float/float_v1_rom_shim.S.obj
LOAD CMakeFiles/pico-wifi-adapter.dir/pico-sdk/src/rp2_common/pico_malloc/pico_malloc.c.obj
LOAD CMakeFiles/pico-wifi-adapter.dir/pico-sdk/src/rp2_common/pico_mem_ops/mem_ops_aeabi.S.obj
LOAD CMakeFiles/pico-wifi-adapter.dir/pico-sdk/src/rp2_common/pico_standard_link/crt0.S.obj
LOAD CMakeFiles/pico-wifi-adapter.dir/pico-sdk/src/rp2_common/pico_standard_link/new_delete.cpp.obj
LOAD CMakeFiles/pico-wifi-adapter.dir/pico-sdk/src/rp2_common/pico_standard_link/binary_info.c.obj
LOAD CMakeFiles/pico-wifi-adapter.dir/pico-sdk/src/rp2_common/pico_stdio/stdio.c.obj
LOAD CMakeFiles/pico-wifi-adapter.dir/pico-sdk/src/rp2_common/pico_unique_id/unique_id.c.obj
LOAD CMakeFiles/pico-wifi-adapter.dir/pico-sdk/src/rp2_common/hardware_flash/flash.c.obj
LOAD CMakeFiles/pico-wifi-adapter.dir/pico-sdk/lib/tinyusb/hw/bsp/rp2040/family.c.obj
LOAD CMakeFiles/pico-wifi-adapter.dir/pico-sdk/lib/tinyusb/src/portable/raspberrypi/rp2040/dcd_rp2040.c.obj
LOAD CMakeFiles/pico-wifi-adapter.dir/pico-sdk/lib/tinyusb/src/portable/raspberrypi/rp2040/rp2040_usb.c.obj
LOAD CMakeFiles/pico-wifi-adapter.dir/pico-sdk/lib/tinyusb/src/device/usbd.c.obj
LOAD CMakeFiles/pico-wifi-adapter.dir/pico-sdk/lib/tinyusb/src/device/usbd_control.c.obj
LOAD CMakeFiles/pico-wifi-adapter.dir/pico-sdk/lib/tinyusb/src/class/audio/audio_device.c.obj
LOAD CMakeFiles/pico-wifi-adapter.dir/pico-sdk/lib/tinyusb/src/class/dfu/dfu_device.c.obj
LOAD CMakeFiles/pico-wifi-adapter.dir/pico-sdk/lib/tinyusb/src/class/dfu/dfu_rt_device.c.obj
LOAD CMakeFiles/pico-wifi-adapter.dir/pico-sdk/lib/tinyusb/src/class/hid/hid_device.c.obj
LOAD CMakeFiles/pico-wifi-adapter.dir/pico-sdk/lib/tinyusb/src/class/midi/midi_device.c.obj
LOAD CMakeFiles/pico-wifi-adapter.dir/pico-sdk/lib/tinyusb/src/class/msc/msc_device.c.obj
LOAD CMakeFiles/pico-wifi-adapter.dir/pico-sdk/lib/tinyusb/src/class/net/ecm_rndis_device.c.obj
LOAD CMakeFiles/pico-wifi-adapter.dir/pico-sdk/lib/tinyusb/src/class/net/ncm_device.c.obj
LOAD CMakeFiles/pico-wifi-adapter.dir/pico-sdk/lib/tinyusb/src/class/usbtmc/usbtmc_device.c.obj
LOAD CMakeFiles/pico-wifi-adapter.dir/pico-sdk/lib/tinyusb/src/class/vendor/vendor_device.c.obj
LOAD CMakeFiles/pico-wifi-adapter.dir/pico-sdk/lib/tinyusb/src/class/video/video_device.c.obj
LOAD CMakeFiles/pico-wifi-adapter.dir/pico-sdk/lib/tinyusb/src/tusb.c.obj
LOAD CMakeFiles/pico-wifi-adapter.dir/pico-sdk/lib/tinyusb/src/common/tusb_fifo.c.obj
LOAD CMakeFiles/pico-wifi-adapter.dir/pico-sdk/src/rp2_common/pico_fix/rp2040_usb_device_enumeration/rp2040_usb_device_enumeration.c.obj
LOAD CMakeFiles/pico-wifi-adapter.dir/pico-sdk/src/rp2_common/pico_cyw43_arch/cyw43_arch.c.obj
LOAD CMakeFiles/pico-wifi-adapter.dir/pico-sdk/src/rp2_common/pico_cyw43_arch/cyw43_arch_poll.c.obj
LOAD CMakeFiles/pico-wifi-adapter.dir/pico-sdk/src/rp2_common/pico_cyw43_arch/cyw43_arch_threadsafe_background.c.obj
LOAD CMakeFiles/pico-wifi-adapter.dir/pico-sdk/src/rp2_common/pico_cyw43_arch/cyw43_arch_freertos.c.obj
LOAD CMakeFiles/pico-wifi-adapter.dir/pico-sdk/src/rp2_common/pico_cyw43_driver/cyw43_bus_pio_spi.c.obj
LOAD CMakeFiles/pico-wifi-adapter.dir/pico-sdk/lib/cyw43-driver/src/cyw43_ll.c.obj
LOAD CMakeFiles/pico-wifi-adapter.dir/pico-sdk/lib/cyw43-driver/src/cyw43_stats.c.obj
LOAD CMakeFiles/pico-wifi-adapter.dir/pico-sdk/lib/cyw43-driver/src/cyw43_lwip.c.obj
LOAD CMakeFiles/pico-wifi-adapter.dir/pico-sdk/lib/cyw43-driver/src/cyw43_ctrl.c.obj
LOAD CMakeFiles/pico-wifi-adapter.dir/pico-sdk/src/rp2_common/pico_cyw43_driver/cybt_shared_bus/cybt_shared_bus.c.obj
LOAD CMakeFiles/pico-wifi-adapter.dir/pico-sdk/src/rp2_common/pico_cyw43_driver/cybt_shared_bus/cybt_shared_bus_driver.c.obj
LOAD CMakeFiles/pico-wifi-adapter.dir/pico-sdk/src/rp2_common/hardware_pio/pio.c.obj
LOAD CMakeFiles/pico-wifi-adapter.dir/pico-sdk/src/rp2_common/hardware_dma/dma.c.obj
LOAD CMakeFiles/pico-wifi-adapter.dir/pico-sdk/src/rp2_common/hardware_exception/exception.c.obj
LOAD CMakeFiles/pico-wifi-adapter.dir/pico-sdk/src/rp2_common/pico_cyw43_driver/cyw43_driver.c.obj
LOAD CMakeFiles/pico-wifi-adapter.dir/pico-sdk/src/rp2_common/pico_async_context/async_context_threadsafe_background.c.obj
LOAD CMakeFiles/pico-wifi-adapter.dir/pico-sdk/src/rp2_common/pico_async_context/async_context_base.c.obj
LOAD CMakeFiles/pico-wifi-adapter.dir/pico-sdk/src/rp2_common/pico_multicore/multicore.c.obj
LOAD /tmp/ccFpx761.o
LOAD /usr/lib/gcc/arm-none-eabi/10.3.1/../../../arm-none-eabi/lib/thumb/v6-m/nofp/libstdc++.a
LOAD /usr/lib/gcc/arm-none-eabi/10.3.1/../../../arm-none-eabi/lib/thumb/v6-m/nofp/libm.a
START GROUP
LOAD /usr/lib/gcc/arm-none-eabi/10.3.1/thumb/v6-m/nofp/libgcc.a
LOAD /usr/lib/gcc/arm-none-eabi/10.3.1/../../../arm-none-eabi/lib/thumb/v6-m/nofp/libc.a
END GROUP
START GROUP
LOAD /usr/lib/gcc/arm-none-eabi/10.3.1/thumb/v6-m/nofp/libgcc.a
LOAD /usr/lib/gcc/arm-none-eabi/10.3.1/../../../arm-none-eabi/lib/thumb/v6-m/nofp/libc.a
LOAD /usr/lib/gcc/arm-none-eabi/10.3.1/../../../arm-none-eabi/lib/thumb/v6-m/nofp/libnosys.a
END GROUP
LOAD /usr/lib/gcc/arm-none-eabi/10.3.1/thumb/v6-m/nofp/crtend.o
LOAD /usr/lib/gcc/arm-none-eabi/10.3.1/thumb/v6-m/nofp/crtn.o
OUTPUT(pico-wifi-adapter.elf elf32-littlearm)
LOAD linker stubs

.ARM.attributes
                0x0000000000000000       0x28
 .ARM.attributes
                0x0000000000000000       0x1e /usr/lib/gcc/arm-none-eabi/10.3.1/thumb/v6-m/nofp/crti.o
 .ARM.attributes
                0x000000000000001e       0x2c /usr/lib/gcc/arm-none-eabi/10.3.1/thumb/v6-m/nofp/crtbegin.o
 .ARM.attributes
                0x000000000000004a       0x2c CMakeFiles/pico-wifi-adapter.dir/main.c.obj
 .ARM.attributes
                0x0000000000000076       0x2c CMakeFiles/pico-wifi-adapter.dir/msc_disk.c.obj
 .ARM.attributes
                0x00000000000000a2       0x2c CMakeFiles/pico-wifi-adapter.dir/pico-sdk/lib/tinyusb/src/class/cdc/cdc_device.c.obj
 .ARM.attributes
                0x00000000000000ce       0x2c CMakeFiles/pico-wifi-adapter.dir/usb_descriptors.c.obj
 .ARM.attributes
                0x00000000000000fa       0x2c CMakeFiles/pico-wifi-adapter.dir/pico-sdk/src/rp2_common/pico_platform/platform.c.obj
 .ARM.attributes
                0x0000000000000126       0x2c CMakeFiles/pico-wifi-adapter.dir/pico-sdk/src/rp2_common/hardware_claim/claim.c.obj
 .ARM.attributes
                0x0000000000000152       0x2c CMakeFiles/pico-wifi-adapter.dir/pico-sdk/src/rp2_common/hardware_sync/sync.c.obj
 .ARM.attributes
                0x000000000000017e       0x2c CMakeFiles/pico-wifi-adapter.dir/pico-sdk/src/rp2_common/hardware_irq/irq.c.obj
 .ARM.attributes
                0x00000000000001aa       0x22 CMakeFiles/pico-wifi-adapter.dir/pico-sdk/src/rp2_common/hardware_irq/irq_handler_chain.S.obj
 .ARM.attributes
                0x00000000000001cc       0x2c CMakeFiles/pico-wifi-adapter.dir/pico-sdk/src/common/pico_sync/lock_core.c.obj
 .ARM.attributes
                0x00000000000001f8       0x2c CMakeFiles/pico-wifi-adapter.dir/pico-sdk/src/common/pico_sync/mutex.c.obj
 .ARM.attributes
                0x0000000000000224       0x2c CMakeFiles/pico-wifi-adapter.dir/pico-sdk/src/common/pico_sync/critical_section.c.obj
 .ARM.attributes
                0x0000000000000250       0x2c CMakeFiles/pico-wifi-adapter.dir/pico-sdk/src/common/pico_time/time.c.obj
 .ARM.attributes
                0x000000000000027c       0x2c CMakeFiles/pico-wifi-adapter.dir/pico-sdk/src/rp2_common/hardware_timer/timer.c.obj
 .ARM.attributes
                0x00000000000002a8       0x2c CMakeFiles/pico-wifi-adapter.dir/pico-sdk/src/common/pico_util/pheap.c.obj
 .ARM.attributes
                0x00000000000002d4       0x2c CMakeFiles/pico-wifi-adapter.dir/pico-sdk/src/rp2_common/hardware_clocks/clocks.c.obj
 .ARM.attributes
                0x0000000000000300       0x2c CMakeFiles/pico-wifi-adapter.dir/pico-sdk/src/rp2_common/hardware_pll/pll.c.obj
 .ARM.attributes
                0x000000000000032c       0x2c CMakeFiles/pico-wifi-adapter.dir/pico-sdk/src/rp2_common/hardware_watchdog/watchdog.c.obj
 .ARM.attributes
                0x0000000000000358       0x2c CMakeFiles/pico-wifi-adapter.dir/pico-sdk/src/rp2_common/hardware_xosc/xosc.c.obj
 .ARM.attributes
                0x0000000000000384       0x2c CMakeFiles/pico-wifi-adapter.dir/pico-sdk/src/rp2_common/pico_runtime/runtime.c.obj
 .ARM.attributes
                0x00000000000003b0       0x2c CMakeFiles/pico-wifi-adapter.dir/pico-sdk/src/rp2_common/pico_printf/printf.c.obj
 .ARM.attributes
                0x00000000000003dc       0x22 CMakeFiles/pico-wifi-adapter.dir/pico-sdk/src/rp2_common/pico_bit_ops/bit_ops_aeabi.S.obj
 .ARM.attributes
                0x00000000000003fe       0x2c CMakeFiles/pico-wifi-adapter.dir/pico-sdk/src/rp2_common/pico_bootrom/bootrom.c.obj
 .ARM.attributes
                0x000000000000042a       0x22 CMakeFiles/pico-wifi-adapter.dir/pico-sdk/src/rp2_common/pico_divider/divider.S.obj
 .ARM.attributes
                0x000000000000044c       0x22 CMakeFiles/pico-wifi-adapter.dir/pico-sdk/src/rp2_common/pico_double/double_aeabi.S.obj
 .ARM.attributes
                0x000000000000046e       0x2c CMakeFiles/pico-wifi-adapter.dir/pico-sdk/src/rp2_common/pico_double/double_init_rom.c.obj
 .ARM.attributes
                0x000000000000049a       0x22 CMakeFiles/pico-wifi-adapter.dir/pico-sdk/src/rp2_common/pico_double/double_v1_rom_shim.S.obj
 .ARM.attributes
                0x00000000000004bc       0x22 CMakeFiles/pico-wifi-adapter.dir/pico-sdk/src/rp2_common/pico_int64_ops/pico_int64_ops_aeabi.S.obj
 .ARM.attributes
                0x00000000000004de       0x22 CMakeFiles/pico-wifi-adapter.dir/pico-sdk/src/rp2_common/pico_float/float_aeabi.S.obj
 .ARM.attributes
                0x0000000000000500       0x2c CMakeFiles/pico-wifi-adapter.dir/pico-sdk/src/rp2_common/pico_float/float_init_rom.c.obj
 .ARM.attributes
                0x000000000000052c       0x2c CMakeFiles/pico-wifi-adapter.dir/pico-sdk/src/rp2_common/pico_malloc/pico_malloc.c.obj
 .ARM.attributes
                0x0000000000000558       0x22 CMakeFiles/pico-wifi-adapter.dir/pico-sdk/src/rp2_common/pico_mem_ops/mem_ops_aeabi.S.obj
 .ARM.attributes
                0x000000000000057a       0x22 CMakeFiles/pico-wifi-adapter.dir/pico-sdk/src/rp2_common/pico_standard_link/crt0.S.obj
 .ARM.attributes
                0x000000000000059c       0x32 CMakeFiles/pico-wifi-adapter.dir/pico-sdk/src/rp2_common/pico_standard_link/binary_info.c.obj
 .ARM.attributes
                0x00000000000005ce       0x2c CMakeFiles/pico-wifi-adapter.dir/pico-sdk/src/rp2_common/pico_stdio/stdio.c.obj
 .ARM.attributes
                0x00000000000005fa       0x2c CMakeFiles/pico-wifi-adapter.dir/pico-sdk/src/rp2_common/pico_unique_id/unique_id.c.obj
 .ARM.attributes
                0x0000000000000626       0x2c CMakeFiles/pico-wifi-adapter.dir/pico-sdk/src/rp2_common/hardware_flash/flash.c.obj
 .ARM.attributes
                0x0000000000000652       0x2c CMakeFiles/pico-wifi-adapter.dir/pico-sdk/lib/tinyusb/hw/bsp/rp2040/family.c.obj
 .ARM.attributes
                0x000000000000067e       0x2c CMakeFiles/pico-wifi-adapter.dir/pico-sdk/lib/tinyusb/src/portable/raspberrypi/rp2040/dcd_rp2040.c.obj
 .ARM.attributes
                0x00000000000006aa       0x2c CMakeFiles/pico-wifi-adapter.dir/pico-sdk/lib/tinyusb/src/portable/raspberrypi/rp2040/rp2040_usb.c.obj
 .ARM.attributes
                0x00000000000006d6       0x2c CMakeFiles/pico-wifi-adapter.dir/pico-sdk/lib/tinyusb/src/device/usbd.c.obj
 .ARM.attributes
                0x0000000000000702       0x2c CMakeFiles/pico-wifi-adapter.dir/pico-sdk/lib/tinyusb/src/device/usbd_control.c.obj
 .ARM.attributes
                0x000000000000072e       0x2c CMakeFiles/pico-wifi-adapter.dir/pico-sdk/lib/tinyusb/src/class/msc/msc_device.c.obj
 .ARM.attributes
                0x000000000000075a       0x2c CMakeFiles/pico-wifi-adapter.dir/pico-sdk/lib/tinyusb/src/tusb.c.obj
 .ARM.attributes
                0x0000000000000786       0x2c CMakeFiles/pico-wifi-adapter.dir/pico-sdk/lib/tinyusb/src/common/tusb_fifo.c.obj
 .ARM.attributes
                0x00000000000007b2       0x2c CMakeFiles/pico-wifi-adapter.dir/pico-sdk/src/rp2_common/pico_multicore/multicore.c.obj
 .ARM.attributes
                0x00000000000007de       0x22 /tmp/ccFpx761.o
 .ARM.attributes
                0x0000000000000800       0x1e /usr/lib/gcc/arm-none-eabi/10.3.1/thumb/v6-m/nofp/libgcc.a(_dvmd_tls.o)
 .ARM.attributes
                0x000000000000081e       0x2c /usr/lib/gcc/arm-none-eabi/10.3.1/../../../arm-none-eabi/lib/thumb/v6-m/nofp/libc.a(lib_a-memmove.o)
 .ARM.attributes
                0x000000000000084a       0x2c /usr/lib/gcc/arm-none-eabi/10.3.1/../../../arm-none-eabi/lib/thumb/v6-m/nofp/libc.a(lib_a-strlen-stub.o)
 .ARM.attributes
                0x0000000000000876       0x2c /usr/lib/gcc/arm-none-eabi/10.3.1/thumb/v6-m/nofp/crtend.o

.comment        0x0000000000000000       0x33
 .comment       0x0000000000000000       0x33 /usr/lib/gcc/arm-none-eabi/10.3.1/thumb/v6-m/nofp/crtbegin.o
                                         0x34 (size before relaxing)
 .comment       0x0000000000000033       0x34 CMakeFiles/pico-wifi-adapter.dir/main.c.obj
 .comment       0x0000000000000033       0x34 CMakeFiles/pico-wifi-adapter.dir/msc_disk.c.obj
 .comment       0x0000000000000033       0x34 CMakeFiles/pico-wifi-adapter.dir/pico-sdk/lib/tinyusb/src/class/cdc/cdc_device.c.obj
 .comment       0x0000000000000033       0x34 CMakeFiles/pico-wifi-adapter.dir/usb_descriptors.c.obj
 .comment       0x0000000000000033       0x34 CMakeFiles/pico-wifi-adapter.dir/pico-sdk/src/rp2_common/pico_platform/platform.c.obj
 .comment       0x0000000000000033       0x34 CMakeFiles/pico-wifi-adapter.dir/pico-sdk/src/rp2_common/hardware_claim/claim.c.obj
 .comment       0x0000000000000033       0x34 CMakeFiles/pico-wifi-adapter.dir/pico-sdk/src/rp2_common/hardware_sync/sync.c.obj
 .comment       0x0000000000000033       0x34 CMakeFiles/pico-wifi-adapter.dir/pico-sdk/src/rp2_common/hardware_irq/irq.c.obj
 .comment       0x0000000000000033       0x34 CMakeFiles/pico-wifi-adapter.dir/pico-sdk/src/common/pico_sync/lock_core.c.obj
 .comment       0x0000000000000033       0x34 CMakeFiles/pico-wifi-adapter.dir/pico-sdk/src/common/pico_sync/mutex.c.obj
 .comment       0x0000000000000033       0x34 CMakeFiles/pico-wifi-adapter.dir/pico-sdk/src/common/pico_sync/critical_section.c.obj
 .comment       0x0000000000000033       0x34 CMakeFiles/pico-wifi-adapter.dir/pico-sdk/src/common/pico_time/time.c.obj
 .comment       0x0000000000000033       0x34 CMakeFiles/pico-wifi-adapter.dir/pico-sdk/src/rp2_common/hardware_timer/timer.c.obj
 .comment       0x0000000000000033       0x34 CMakeFiles/pico-wifi-adapter.dir/pico-sdk/src/common/pico_util/pheap.c.obj
 .comment       0x0000000000000033       0x34 CMakeFiles/pico-wifi-adapter.dir/pico-sdk/src/rp2_common/hardware_clocks/clocks.c.obj
 .comment       0x0000000000000033       0x34 CMakeFiles/pico-wifi-adapter.dir/pico-sdk/src/rp2_common/hardware_pll/pll.c.obj
 .comment       0x0000000000000033       0x34 CMakeFiles/pico-wifi-adapter.dir/pico-sdk/src/rp2_common/hardware_watchdog/watchdog.c.obj
 .comment       0x0000000000000033       0x34 CMakeFiles/pico-wifi-adapter.dir/pico-sdk/src/rp2_common/hardware_xosc/xosc.c.obj
 .comment       0x0000000000000033       0x34 CMakeFiles/pico-wifi-adapter.dir/pico-sdk/src/rp2_common/pico_runtime/runtime.c.obj
 .comment       0x0000000000000033       0x34 CMakeFiles/pico-wifi-adapter.dir/pico-sdk/src/rp2_common/pico_printf/printf.c.obj
 .comment       0x0000000000000033       0x34 CMakeFiles/pico-wifi-adapter.dir/pico-sdk/src/rp2_common/pico_bootrom/bootrom.c.obj
 .comment       0x0000000000000033       0x34 CMakeFiles/pico-wifi-adapter.dir/pico-sdk/src/rp2_common/pico_double/double_init_rom.c.obj
 .comment       0x0000000000000033       0x34 CMakeFiles/pico-wifi-adapter.dir/pico-sdk/src/rp2_common/pico_float/float_init_rom.c.obj
 .comment       0x0000000000000033       0x34 CMakeFiles/pico-wifi-adapter.dir/pico-sdk/src/rp2_common/pico_malloc/pico_malloc.c.obj
 .comment       0x0000000000000033       0x34 CMakeFiles/pico-wifi-adapter.dir/pico-sdk/src/rp2_common/pico_standard_link/binary_info.c.obj
 .comment       0x0000000000000033       0x34 CMakeFiles/pico-wifi-adapter.dir/pico-sdk/src/rp2_common/pico_stdio/stdio.c.obj
 .comment       0x0000000000000033       0x34 CMakeFiles/pico-wifi-adapter.dir/pico-sdk/src/rp2_common/pico_unique_id/unique_id.c.obj
 .comment       0x0000000000000033       0x34 CMakeFiles/pico-wifi-adapter.dir/pico-sdk/src/rp2_common/hardware_flash/flash.c.obj
 .comment       0x0000000000000033       0x34 CMakeFiles/pico-wifi-adapter.dir/pico-sdk/lib/tinyusb/hw/bsp/rp2040/family.c.obj
 .comment       0x0000000000000033       0x34 CMakeFiles/pico-wifi-adapter.dir/pico-sdk/lib/tinyusb/src/portable/raspberrypi/rp2040/dcd_rp2040.c.obj
 .comment       0x0000000000000033       0x34 CMakeFiles/pico-wifi-adapter.dir/pico-sdk/lib/tinyusb/src/portable/raspberrypi/rp2040/rp2040_usb.c.obj
 .comment       0x0000000000000033       0x34 CMakeFiles/pico-wifi-adapter.dir/pico-sdk/lib/tinyusb/src/device/usbd.c.obj
 .comment       0x0000000000000033       0x34 CMakeFiles/pico-wifi-adapter.dir/pico-sdk/lib/tinyusb/src/device/usbd_control.c.obj
 .comment       0x0000000000000033       0x34 CMakeFiles/pico-wifi-adapter.dir/pico-sdk/lib/tinyusb/src/class/msc/msc_device.c.obj
 .comment       0x0000000000000033       0x34 CMakeFiles/pico-wifi-adapter.dir/pico-sdk/lib/tinyusb/src/tusb.c.obj
 .comment       0x0000000000000033       0x34 CMakeFiles/pico-wifi-adapter.dir/pico-sdk/lib/tinyusb/src/common/tusb_fifo.c.obj
 .comment       0x0000000000000033       0x34 CMakeFiles/pico-wifi-adapter.dir/pico-sdk/src/rp2_common/pico_multicore/multicore.c.obj
 .comment       0x0000000000000033       0x34 /usr/lib/gcc/arm-none-eabi/10.3.1/../../../arm-none-eabi/lib/thumb/v6-m/nofp/libc.a(lib_a-memmove.o)
 .comment       0x0000000000000033       0x34 /usr/lib/gcc/arm-none-eabi/10.3.1/../../../arm-none-eabi/lib/thumb/v6-m/nofp/libc.a(lib_a-strlen-stub.o)
 .comment       0x0000000000000033       0x34 /usr/lib/gcc/arm-none-eabi/10.3.1/thumb/v6-m/nofp/crtend.o

.debug_line     0x0000000000000000      0x3b3
 .debug_line    0x0000000000000000       0x60 /usr/lib/gcc/arm-none-eabi/10.3.1/thumb/v6-m/nofp/libgcc.a(_dvmd_tls.o)
 .debug_line    0x0000000000000060      0x1e1 /usr/lib/gcc/arm-none-eabi/10.3.1/../../../arm-none-eabi/lib/thumb/v6-m/nofp/libc.a(lib_a-memmove.o)
 .debug_line    0x0000000000000241      0x172 /usr/lib/gcc/arm-none-eabi/10.3.1/../../../arm-none-eabi/lib/thumb/v6-m/nofp/libc.a(lib_a-strlen-stub.o)

.debug_info     0x0000000000000000      0x266
 .debug_info    0x0000000000000000       0x26 /usr/lib/gcc/arm-none-eabi/10.3.1/thumb/v6-m/nofp/libgcc.a(_dvmd_tls.o)
 .debug_info    0x0000000000000026      0x152 /usr/lib/gcc/arm-none-eabi/10.3.1/../../../arm-none-eabi/lib/thumb/v6-m/nofp/libc.a(lib_a-memmove.o)
 .debug_info    0x0000000000000178       0xee /usr/lib/gcc/arm-none-eabi/10.3.1/../../../arm-none-eabi/lib/thumb/v6-m/nofp/libc.a(lib_a-strlen-stub.o)

.debug_abbrev   0x0000000000000000      0x163
 .debug_abbrev  0x0000000000000000       0x14 /usr/lib/gcc/arm-none-eabi/10.3.1/thumb/v6-m/nofp/libgcc.a(_dvmd_tls.o)
 .debug_abbrev  0x0000000000000014       0xc0 /usr/lib/gcc/arm-none-eabi/10.3.1/../../../arm-none-eabi/lib/thumb/v6-m/nofp/libc.a(lib_a-memmove.o)
 .debug_abbrev  0x00000000000000d4       0x8f /usr/lib/gcc/arm-none-eabi/10.3.1/../../../arm-none-eabi/lib/thumb/v6-m/nofp/libc.a(lib_a-strlen-stub.o)

.debug_aranges  0x0000000000000000       0x60
 .debug_aranges
                0x0000000000000000       0x20 /usr/lib/gcc/arm-none-eabi/10.3.1/thumb/v6-m/nofp/libgcc.a(_dvmd_tls.o)
 .debug_aranges
                0x0000000000000020       0x20 /usr/lib/gcc/arm-none-eabi/10.3.1/../../../arm-none-eabi/lib/thumb/v6-m/nofp/libc.a(lib_a-memmove.o)
 .debug_aranges
                0x0000000000000040       0x20 /usr/lib/gcc/arm-none-eabi/10.3.1/../../../arm-none-eabi/lib/thumb/v6-m/nofp/libc.a(lib_a-strlen-stub.o)

.debug_str      0x0000000000000000      0x2f9
 .debug_str     0x0000000000000000       0xa6 /usr/lib/gcc/arm-none-eabi/10.3.1/thumb/v6-m/nofp/libgcc.a(_dvmd_tls.o)
 .debug_str     0x00000000000000a6      0x19a /usr/lib/gcc/arm-none-eabi/10.3.1/../../../arm-none-eabi/lib/thumb/v6-m/nofp/libc.a(lib_a-memmove.o)
                                        0x1d3 (size before relaxing)
 .debug_str     0x0000000000000240       0xb9 /usr/lib/gcc/arm-none-eabi/10.3.1/../../../arm-none-eabi/lib/thumb/v6-m/nofp/libc.a(lib_a-strlen-stub.o)
                                        0x1c5 (size before relaxing)

.debug_loc      0x0000000000000000      0x598
 .debug_loc     0x0000000000000000      0x508 /usr/lib/gcc/arm-none-eabi/10.3.1/../../../arm-none-eabi/lib/thumb/v6-m/nofp/libc.a(lib_a-memmove.o)
 .debug_loc     0x0000000000000508       0x90 /usr/lib/gcc/arm-none-eabi/10.3.1/../../../arm-none-eabi/lib/thumb/v6-m/nofp/libc.a(lib_a-strlen-stub.o)

.debug_frame    0x0000000000000000       0x58
 .debug_frame   0x0000000000000000       0x30 /usr/lib/gcc/arm-none-eabi/10.3.1/../../../arm-none-eabi/lib/thumb/v6-m/nofp/libc.a(lib_a-memmove.o)
 .debug_frame   0x0000000000000030       0x28 /usr/lib/gcc/arm-none-eabi/10.3.1/../../../arm-none-eabi/lib/thumb/v6-m/nofp/libc.a(lib_a-strlen-stub.o)
