Archive member included to satisfy reference by file (symbol)

/usr/lib/gcc/arm-none-eabi/10.3.1/thumb/v6-m/nofp/libgcc.a(_dvmd_tls.o)
                              CMakeFiles/picow-usb-composite-wifi-adapter.dir/pico-sdk/src/rp2_common/pico_divider/divider.S.obj (__aeabi_idiv0)
/usr/lib/gcc/arm-none-eabi/10.3.1/../../../arm-none-eabi/lib/thumb/v6-m/nofp/libc.a(lib_a-atexit.o)
                              /usr/lib/gcc/arm-none-eabi/10.3.1/../../../arm-none-eabi/lib/thumb/v6-m/nofp/crt0.o (atexit)
/usr/lib/gcc/arm-none-eabi/10.3.1/../../../arm-none-eabi/lib/thumb/v6-m/nofp/libc.a(lib_a-calloc.o)
                              CMakeFiles/picow-usb-composite-wifi-adapter.dir/pico-sdk/src/rp2_common/pico_malloc/pico_malloc.c.obj (calloc)
/usr/lib/gcc/arm-none-eabi/10.3.1/../../../arm-none-eabi/lib/thumb/v6-m/nofp/libc.a(lib_a-callocr.o)
                              /usr/lib/gcc/arm-none-eabi/10.3.1/../../../arm-none-eabi/lib/thumb/v6-m/nofp/libc.a(lib_a-calloc.o) (_calloc_r)
/usr/lib/gcc/arm-none-eabi/10.3.1/../../../arm-none-eabi/lib/thumb/v6-m/nofp/libc.a(lib_a-fini.o)
                              /usr/lib/gcc/arm-none-eabi/10.3.1/../../../arm-none-eabi/lib/thumb/v6-m/nofp/crt0.o (__libc_fini_array)
/usr/lib/gcc/arm-none-eabi/10.3.1/../../../arm-none-eabi/lib/thumb/v6-m/nofp/libc.a(lib_a-impure.o)
                              /usr/lib/gcc/arm-none-eabi/10.3.1/../../../arm-none-eabi/lib/thumb/v6-m/nofp/libc.a(lib_a-calloc.o) (_impure_ptr)
/usr/lib/gcc/arm-none-eabi/10.3.1/../../../arm-none-eabi/lib/thumb/v6-m/nofp/libc.a(lib_a-init.o)
                              /usr/lib/gcc/arm-none-eabi/10.3.1/../../../arm-none-eabi/lib/thumb/v6-m/nofp/crt0.o (__libc_init_array)
/usr/lib/gcc/arm-none-eabi/10.3.1/../../../arm-none-eabi/lib/thumb/v6-m/nofp/libc.a(lib_a-malloc.o)
                              CMakeFiles/picow-usb-composite-wifi-adapter.dir/pico-sdk/src/rp2_common/pico_malloc/pico_malloc.c.obj (malloc)
/usr/lib/gcc/arm-none-eabi/10.3.1/../../../arm-none-eabi/lib/thumb/v6-m/nofp/libc.a(lib_a-mallocr.o)
                              /usr/lib/gcc/arm-none-eabi/10.3.1/../../../arm-none-eabi/lib/thumb/v6-m/nofp/libc.a(lib_a-callocr.o) (_malloc_r)
/usr/lib/gcc/arm-none-eabi/10.3.1/../../../arm-none-eabi/lib/thumb/v6-m/nofp/libc.a(lib_a-memcmp.o)
                              CMakeFiles/picow-usb-composite-wifi-adapter.dir/pico-sdk/lib/lwip/src/netif/ethernet.c.obj (memcmp)
/usr/lib/gcc/arm-none-eabi/10.3.1/../../../arm-none-eabi/lib/thumb/v6-m/nofp/libc.a(lib_a-memmove.o)
                              CMakeFiles/picow-usb-composite-wifi-adapter.dir/pico-sdk/lib/cyw43-driver/src/cyw43_ll.c.obj (memmove)
/usr/lib/gcc/arm-none-eabi/10.3.1/../../../arm-none-eabi/lib/thumb/v6-m/nofp/libc.a(lib_a-mlock.o)
                              /usr/lib/gcc/arm-none-eabi/10.3.1/../../../arm-none-eabi/lib/thumb/v6-m/nofp/libc.a(lib_a-mallocr.o) (__malloc_lock)
/usr/lib/gcc/arm-none-eabi/10.3.1/../../../arm-none-eabi/lib/thumb/v6-m/nofp/libc.a(lib_a-realloc.o)
                              CMakeFiles/picow-usb-composite-wifi-adapter.dir/pico-sdk/src/rp2_common/pico_malloc/pico_malloc.c.obj (realloc)
/usr/lib/gcc/arm-none-eabi/10.3.1/../../../arm-none-eabi/lib/thumb/v6-m/nofp/libc.a(lib_a-reallocr.o)
                              /usr/lib/gcc/arm-none-eabi/10.3.1/../../../arm-none-eabi/lib/thumb/v6-m/nofp/libc.a(lib_a-realloc.o) (_realloc_r)
/usr/lib/gcc/arm-none-eabi/10.3.1/../../../arm-none-eabi/lib/thumb/v6-m/nofp/libc.a(lib_a-sbrkr.o)
                              /usr/lib/gcc/arm-none-eabi/10.3.1/../../../arm-none-eabi/lib/thumb/v6-m/nofp/libc.a(lib_a-mallocr.o) (_sbrk_r)
/usr/lib/gcc/arm-none-eabi/10.3.1/../../../arm-none-eabi/lib/thumb/v6-m/nofp/libc.a(lib_a-strchr.o)
                              CMakeFiles/picow-usb-composite-wifi-adapter.dir/pico-sdk/lib/lwip/src/apps/http/httpd.c.obj (strchr)
/usr/lib/gcc/arm-none-eabi/10.3.1/../../../arm-none-eabi/lib/thumb/v6-m/nofp/libc.a(lib_a-strlen-stub.o)
                              CMakeFiles/picow-usb-composite-wifi-adapter.dir/usb_descriptors.c.obj (strlen)
/usr/lib/gcc/arm-none-eabi/10.3.1/../../../arm-none-eabi/lib/thumb/v6-m/nofp/libc.a(lib_a-strncmp.o)
                              CMakeFiles/picow-usb-composite-wifi-adapter.dir/pico-sdk/lib/lwip/src/apps/http/httpd.c.obj (strncmp)
/usr/lib/gcc/arm-none-eabi/10.3.1/../../../arm-none-eabi/lib/thumb/v6-m/nofp/libc.a(lib_a-__atexit.o)
                              /usr/lib/gcc/arm-none-eabi/10.3.1/../../../arm-none-eabi/lib/thumb/v6-m/nofp/libc.a(lib_a-atexit.o) (__register_exitproc)
/usr/lib/gcc/arm-none-eabi/10.3.1/../../../arm-none-eabi/lib/thumb/v6-m/nofp/libc.a(lib_a-freer.o)
                              /usr/lib/gcc/arm-none-eabi/10.3.1/../../../arm-none-eabi/lib/thumb/v6-m/nofp/libc.a(lib_a-malloc.o) (_free_r)
/usr/lib/gcc/arm-none-eabi/10.3.1/../../../arm-none-eabi/lib/thumb/v6-m/nofp/libc.a(lib_a-reent.o)
[...]
Memory Configuration

Name             Origin             Length             Attributes
FLASH            0x0000000010000000 0x0000000000200000 xr
RAM              0x0000000020000000 0x0000000000040000 xrw
SCRATCH_X        0x0000000020040000 0x0000000000001000 xrw
SCRATCH_Y        0x0000000020041000 0x0000000000001000 xrw
*default*        0x0000000000000000 0xffffffffffffffff

Linker script and memory map

LOAD /usr/lib/gcc/arm-none-eabi/10.3.1/thumb/v6-m/nofp/crti.o
LOAD /usr/lib/gcc/arm-none-eabi/10.3.1/thumb/v6-m/nofp/crtbegin.o
LOAD /usr/lib/gcc/arm-none-eabi/10.3.1/../../../arm-none-eabi/lib/thumb/v6-m/nofp/crt0.o

.flash_begin    0x0000000010000000        0x0
                0x0000000010000000                __flash_binary_start = .

.boot2          0x0000000010000000      0x100
                0x0000000010000000                __boot2_start__ = .
 *(.boot2)
 .boot2         0x0000000010000000      0x100 /tmp/cchEQz8V.o
                0x0000000010000100                __boot2_end__ = .
                0x0000000000000001                ASSERT (((__boot2_end__ - __boot2_start__) == 0x100), ERROR: Pico second stage bootloader must be 256 bytes in size)

.text           0x0000000010000100     0xd218
                0x0000000010000100                __logical_binary_start = .
 *(.vectors)
 .vectors       0x0000000010000100       0xd4 CMakeFiles/picow-usb-composite-wifi-adapter.dir/pico-sdk/src/rp2_common/pico_standard_link/crt0.S.obj
                0x0000000010000100                __vectors
                0x0000000010000100                __VECTOR_TABLE
                0x00000000100001c0                isr_invalid
                0x00000000100001c0                __default_isrs_start
                0x00000000100001c2                isr_nmi
                0x00000000100001c4                isr_hardfault
                0x00000000100001c6                isr_svcall
                0x00000000100001c8                isr_pendsv
                0x00000000100001ca                isr_systick
                0x00000000100001cc                isr_irq30
                0x00000000100001cc                __unhandled_user_irq
                0x00000000100001cc                isr_irq13
                0x00000000100001cc                isr_irq27
                0x00000000100001cc                isr_irq31
                0x00000000100001cc                isr_irq5
                0x00000000100001cc                isr_irq11
                0x00000000100001cc                isr_irq23
                0x00000000100001cc                isr_irq18
                0x00000000100001cc                isr_irq28
                0x00000000100001cc                isr_irq19
                0x00000000100001cc                isr_irq0
                0x00000000100001cc                isr_irq6
                0x00000000100001cc                isr_irq22
                0x00000000100001cc                isr_irq17
                0x00000000100001cc                isr_irq14
                0x00000000100001cc                isr_irq2
                0x00000000100001cc                isr_irq10
                0x00000000100001cc                isr_irq8
                0x00000000100001cc                isr_irq24
                0x00000000100001cc                isr_irq1
                0x00000000100001cc                isr_irq7
                0x00000000100001cc                isr_irq21
                0x00000000100001cc                isr_irq20
                0x00000000100001cc                isr_irq15
                0x00000000100001cc                isr_irq25
                0x00000000100001cc                isr_irq4
                0x00000000100001cc                isr_irq16
                0x00000000100001cc                isr_irq29
                0x00000000100001cc                isr_irq26
                0x00000000100001cc                __default_isrs_end
                0x00000000100001cc                isr_irq3
                0x00000000100001cc                isr_irq12
                0x00000000100001cc                isr_irq9
                0x00000000100001d2                unhandled_user_irq_num_in_r0
 *(.binary_info_header)
 .binary_info_header
                0x00000000100001d4       0x14 CMakeFiles/picow-usb-composite-wifi-adapter.dir/pico-sdk/src/rp2_common/pico_standard_link/crt0.S.obj
                0x00000000100001e8                __binary_info_header_end = .
 *(.reset)
 .reset         0x00000000100001e8       0xa0 CMakeFiles/picow-usb-composite-wifi-adapter.dir/pico-sdk/src/rp2_common/pico_standard_link/crt0.S.obj
                0x00000000100001e8                _entry_point
 .reset         0x0000000010000288       0x30 CMakeFiles/picow-usb-composite-wifi-adapter.dir/pico-sdk/src/rp2_common/pico_standard_link/binary_info.c.obj
 *(.init)
 .init          0x00000000100002b8        0x4 /usr/lib/gcc/arm-none-eabi/10.3.1/thumb/v6-m/nofp/crti.o
                0x00000000100002b8                _init
 *(EXCLUDE_FILE(*libm.a: *libc.a:*lib_a-mem*.o *libgcc.a:) .text*)
 .text          0x00000000100002bc       0x98 /usr/lib/gcc/arm-none-eabi/10.3.1/thumb/v6-m/nofp/crtbegin.o
 .text.tud_network_recv_cb
                0x0000000010000354       0x3c CMakeFiles/picow-usb-composite-wifi-adapter.dir/main.c.obj
                0x0000000010000354                tud_network_recv_cb
 .text.tud_network_xmit_cb
                0x0000000010000390       0x14 CMakeFiles/picow-usb-composite-wifi-adapter.dir/main.c.obj
                0x0000000010000390                tud_network_xmit_cb
 .text.tud_network_init_cb
                0x00000000100003a4       0x18 CMakeFiles/picow-usb-composite-wifi-adapter.dir/main.c.obj
                0x00000000100003a4                tud_network_init_cb
 .text.startup.main
                0x00000000100003bc      0x14c CMakeFiles/picow-usb-composite-wifi-adapter.dir/main.c.obj
                0x00000000100003bc                main
 .text.tud_cdc_line_state_cb
                0x0000000010000508       0x1c CMakeFiles/picow-usb-composite-wifi-adapter.dir/main.c.obj
                0x0000000010000508                tud_cdc_line_state_cb
 .text.tud_cdc_rx_cb
                0x0000000010000524        0x4 CMakeFiles/picow-usb-composite-wifi-adapter.dir/main.c.obj
                0x0000000010000524                tud_cdc_rx_cb
 .text.sys_arch_protect
                0x0000000010000528        0x4 CMakeFiles/picow-usb-composite-wifi-adapter.dir/main.c.obj
                0x0000000010000528                sys_arch_protect
 .text.sys_arch_unprotect
                0x000000001000052c        0x4 CMakeFiles/picow-usb-composite-wifi-adapter.dir/main.c.obj
                0x000000001000052c                sys_arch_unprotect
 .text.sys_now  0x0000000010000530       0x20 CMakeFiles/picow-usb-composite-wifi-adapter.dir/main.c.obj
                0x0000000010000530                sys_now
 .text.tud_cdc_n_connected
                0x0000000010000550       0x34 CMakeFiles/picow-usb-composite-wifi-adapter.dir/pico-sdk/lib/tinyusb/src/class/cdc/cdc_device.c.obj
                0x0000000010000550                tud_cdc_n_connected
 .text.tud_cdc_n_available
                0x0000000010000584       0x20 CMakeFiles/picow-usb-composite-wifi-adapter.dir/pico-sdk/lib/tinyusb/src/class/cdc/cdc_device.c.obj
                0x0000000010000584                tud_cdc_n_available
 .text.tud_cdc_n_read
                0x00000000100005a4       0x8c CMakeFiles/picow-usb-composite-wifi-adapter.dir/pico-sdk/lib/tinyusb/src/class/cdc/cdc_device.c.obj
                0x00000000100005a4                tud_cdc_n_read
 .text.tud_cdc_n_write_flush
                0x0000000010000630       0x78 CMakeFiles/picow-usb-composite-wifi-adapter.dir/pico-sdk/lib/tinyusb/src/class/cdc/cdc_device.c.obj
                0x0000000010000630                tud_cdc_n_write_flush
 .text.tud_cdc_n_write
                0x00000000100006a8       0x48 CMakeFiles/picow-usb-composite-wifi-adapter.dir/pico-sdk/lib/tinyusb/src/class/cdc/cdc_device.c.obj
                0x00000000100006a8                tud_cdc_n_write
 .text.cdcd_init
                0x00000000100006f0       0x6c CMakeFiles/picow-usb-composite-wifi-adapter.dir/pico-sdk/lib/tinyusb/src/class/cdc/cdc_device.c.obj
                0x00000000100006f0                cdcd_init
 .text.cdcd_reset
                0x000000001000075c       0x2c CMakeFiles/picow-usb-composite-wifi-adapter.dir/pico-sdk/lib/tinyusb/src/class/cdc/cdc_device.c.obj
                0x000000001000075c                cdcd_reset
 .text.cdcd_open
                0x0000000010000788       0xe4 CMakeFiles/picow-usb-composite-wifi-adapter.dir/pico-sdk/lib/tinyusb/src/class/cdc/cdc_device.c.obj
                0x0000000010000788                cdcd_open
 .text.cdcd_control_xfer_cb
                0x000000001000086c       0xe4 CMakeFiles/picow-usb-composite-wifi-adapter.dir/pico-sdk/lib/tinyusb/src/class/cdc/cdc_device.c.obj
                0x000000001000086c                cdcd_control_xfer_cb
 .text.cdcd_xfer_cb
                0x0000000010000950      0x144 CMakeFiles/picow-usb-composite-wifi-adapter.dir/pico-sdk/lib/tinyusb/src/class/cdc/cdc_device.c.obj
                0x0000000010000950                cdcd_xfer_cb
 .text.cyw43_cb_tcpip_set_link_up
                0x0000000010000a94        0xc CMakeFiles/picow-usb-composite-wifi-adapter.dir/wifi_code.c.obj
                0x0000000010000a94                cyw43_cb_tcpip_set_link_up
 .text.cyw43_cb_tcpip_set_link_down
                0x0000000010000aa0        0xc CMakeFiles/picow-usb-composite-wifi-adapter.dir/wifi_code.c.obj
                0x0000000010000aa0                cyw43_cb_tcpip_set_link_down
 .text.cyw43_cb_process_ethernet
                0x0000000010000aac       0x64 CMakeFiles/picow-usb-composite-wifi-adapter.dir/wifi_code.c.obj
                0x0000000010000aac                cyw43_cb_process_ethernet
 .text.core1_entry
                0x0000000010000b10       0xf4 CMakeFiles/picow-usb-composite-wifi-adapter.dir/wifi_code.c.obj
                0x0000000010000b10                core1_entry
 .text.tud_descriptor_device_cb
                0x0000000010000c04        0x8 CMakeFiles/picow-usb-composite-wifi-adapter.dir/usb_descriptors.c.obj
                0x0000000010000c04                tud_descriptor_device_cb
 .text.tud_descriptor_configuration_cb
                0x0000000010000c0c       0x14 CMakeFiles/picow-usb-composite-wifi-adapter.dir/usb_descriptors.c.obj
                0x0000000010000c0c                tud_descriptor_configuration_cb
 .text.tud_descriptor_string_cb
                0x0000000010000c20      0x1c8 CMakeFiles/picow-usb-composite-wifi-adapter.dir/usb_descriptors.c.obj
                0x0000000010000c20                tud_descriptor_string_cb
 .text.rndis_class_set_handler
                0x0000000010000de8      0x2d4 CMakeFiles/picow-usb-composite-wifi-adapter.dir/pico-sdk/lib/tinyusb/lib/networking/rndis_reports.c.obj
                0x0000000010000de8                rndis_class_set_handler
 .text.mem_free
                0x00000000100010bc      0x128 CMakeFiles/picow-usb-composite-wifi-adapter.dir/pico-sdk/lib/lwip/src/core/mem.c.obj
                0x00000000100010bc                mem_free
 .text.mem_malloc
                0x00000000100011e4      0x130 CMakeFiles/picow-usb-composite-wifi-adapter.dir/pico-sdk/lib/lwip/src/core/mem.c.obj
                0x00000000100011e4                mem_malloc
 .text.memp_malloc
                0x0000000010001314       0x4c CMakeFiles/picow-usb-composite-wifi-adapter.dir/pico-sdk/lib/lwip/src/core/memp.c.obj
                0x0000000010001314                memp_malloc
 .text.memp_free
                0x0000000010001360       0x30 CMakeFiles/picow-usb-composite-wifi-adapter.dir/pico-sdk/lib/lwip/src/core/memp.c.obj
                0x0000000010001360                memp_free
 .text.pbuf_free.part.0
                0x0000000010001390       0x80 CMakeFiles/picow-usb-composite-wifi-adapter.dir/pico-sdk/lib/lwip/src/core/pbuf.c.obj
 .text.pbuf_free_ooseq
                0x0000000010001410       0x34 CMakeFiles/picow-usb-composite-wifi-adapter.dir/pico-sdk/lib/lwip/src/core/pbuf.c.obj
                0x0000000010001410                pbuf_free_ooseq
 .text.pbuf_alloc
                0x0000000010001444      0x12c CMakeFiles/picow-usb-composite-wifi-adapter.dir/pico-sdk/lib/lwip/src/core/pbuf.c.obj
                0x0000000010001444                pbuf_alloc
 .text.pbuf_free
                0x0000000010001570       0x10 CMakeFiles/picow-usb-composite-wifi-adapter.dir/pico-sdk/lib/lwip/src/core/pbuf.c.obj
                0x0000000010001570                pbuf_free
 .text.pbuf_copy_partial
                0x0000000010001580       0x70 CMakeFiles/picow-usb-composite-wifi-adapter.dir/pico-sdk/lib/lwip/src/core/pbuf.c.obj
                0x0000000010001580                pbuf_copy_partial
 .text.tcp_free_ooseq
                0x00000000100015f0       0x40 CMakeFiles/picow-usb-composite-wifi-adapter.dir/pico-sdk/lib/lwip/src/core/tcp.c.obj
                0x00000000100015f0                tcp_free_ooseq
 .text.sys_check_timeouts
                0x0000000010001630       0x68 CMakeFiles/picow-usb-composite-wifi-adapter.dir/pico-sdk/lib/lwip/src/core/timeouts.c.obj
                0x0000000010001630                sys_check_timeouts
 .text.set_sys_clock_pll
                0x0000000010001698       0x78 CMakeFiles/picow-usb-composite-wifi-adapter.dir/pico-sdk/src/rp2_common/pico_stdlib/stdlib.c.obj
                0x0000000010001698                set_sys_clock_pll
 .text.check_sys_clock_khz
                0x0000000010001710      0x17c CMakeFiles/picow-usb-composite-wifi-adapter.dir/pico-sdk/src/rp2_common/pico_stdlib/stdlib.c.obj
                0x0000000010001710                check_sys_clock_khz
 .text.gpio_set_function
                0x000000001000188c       0x30 CMakeFiles/picow-usb-composite-wifi-adapter.dir/pico-sdk/src/rp2_common/hardware_gpio/gpio.c.obj
                0x000000001000188c                gpio_set_function
 .text.gpio_set_pulls
                0x00000000100018bc       0x30 CMakeFiles/picow-usb-composite-wifi-adapter.dir/pico-sdk/src/rp2_common/hardware_gpio/gpio.c.obj
                0x00000000100018bc                gpio_set_pulls
 .text.gpio_set_input_hysteresis_enabled
                0x00000000100018ec       0x28 CMakeFiles/picow-usb-composite-wifi-adapter.dir/pico-sdk/src/rp2_common/hardware_gpio/gpio.c.obj
                0x00000000100018ec                gpio_set_input_hysteresis_enabled
 .text.gpio_set_irq_enabled
                0x0000000010001914       0x54 CMakeFiles/picow-usb-composite-wifi-adapter.dir/pico-sdk/src/rp2_common/hardware_gpio/gpio.c.obj
                0x0000000010001914                gpio_set_irq_enabled
 .text.gpio_add_raw_irq_handler_with_order_priority_masked
                0x0000000010001968       0x44 CMakeFiles/picow-usb-composite-wifi-adapter.dir/pico-sdk/src/rp2_common/hardware_gpio/gpio.c.obj
                0x0000000010001968                gpio_add_raw_irq_handler_with_order_priority_masked
 .text.gpio_remove_raw_irq_handler_masked
                0x00000000100019ac       0x20 CMakeFiles/picow-usb-composite-wifi-adapter.dir/pico-sdk/src/rp2_common/hardware_gpio/gpio.c.obj
                0x00000000100019ac                gpio_remove_raw_irq_handler_masked
 .text.gpio_init
                0x00000000100019cc       0x3c CMakeFiles/picow-usb-composite-wifi-adapter.dir/pico-sdk/src/rp2_common/hardware_gpio/gpio.c.obj
                0x00000000100019cc                gpio_init
 .text.running_on_fpga
                0x0000000010001a08       0x10 CMakeFiles/picow-usb-composite-wifi-adapter.dir/pico-sdk/src/rp2_common/pico_platform/platform.c.obj
                0x0000000010001a08                running_on_fpga
 .text.hw_claim_lock
                0x0000000010001a18       0x18 CMakeFiles/picow-usb-composite-wifi-adapter.dir/pico-sdk/src/rp2_common/hardware_claim/claim.c.obj
                0x0000000010001a18                hw_claim_lock
 .text.hw_claim_unlock
                0x0000000010001a30       0x14 CMakeFiles/picow-usb-composite-wifi-adapter.dir/pico-sdk/src/rp2_common/hardware_claim/claim.c.obj
                0x0000000010001a30                hw_claim_unlock
 .text.hw_claim_or_assert
                0x0000000010001a44       0x44 CMakeFiles/picow-usb-composite-wifi-adapter.dir/pico-sdk/src/rp2_common/hardware_claim/claim.c.obj
                0x0000000010001a44                hw_claim_or_assert
 .text.hw_claim_unused_from_range
                0x0000000010001a88       0x9c CMakeFiles/picow-usb-composite-wifi-adapter.dir/pico-sdk/src/rp2_common/hardware_claim/claim.c.obj
                0x0000000010001a88                hw_claim_unused_from_range
 .text.hw_claim_clear
                0x0000000010001b24       0x38 CMakeFiles/picow-usb-composite-wifi-adapter.dir/pico-sdk/src/rp2_common/hardware_claim/claim.c.obj
                0x0000000010001b24                hw_claim_clear
 .text.spin_locks_reset
                0x0000000010001b5c       0x1c CMakeFiles/picow-usb-composite-wifi-adapter.dir/pico-sdk/src/rp2_common/hardware_sync/sync.c.obj
                0x0000000010001b5c                spin_locks_reset
 .text.next_striped_spin_lock_num
                0x0000000010001b78       0x18 CMakeFiles/picow-usb-composite-wifi-adapter.dir/pico-sdk/src/rp2_common/hardware_sync/sync.c.obj
                0x0000000010001b78                next_striped_spin_lock_num
 .text.spin_lock_claim_unused
                0x0000000010001b90       0x20 CMakeFiles/picow-usb-composite-wifi-adapter.dir/pico-sdk/src/rp2_common/hardware_sync/sync.c.obj
                0x0000000010001b90                spin_lock_claim_unused
 .text.irq_set_enabled
                0x0000000010001bb0       0x24 CMakeFiles/picow-usb-composite-wifi-adapter.dir/pico-sdk/src/rp2_common/hardware_irq/irq.c.obj
                0x0000000010001bb0                irq_set_enabled
 .text.irq_is_enabled
                0x0000000010001bd4       0x18 CMakeFiles/picow-usb-composite-wifi-adapter.dir/pico-sdk/src/rp2_common/hardware_irq/irq.c.obj
                0x0000000010001bd4                irq_is_enabled
 .text.irq_set_pending
                0x0000000010001bec       0x10 CMakeFiles/picow-usb-composite-wifi-adapter.dir/pico-sdk/src/rp2_common/hardware_irq/irq.c.obj
                0x0000000010001bec                irq_set_pending
 .text.irq_get_vtable_handler
                0x0000000010001bfc       0x10 CMakeFiles/picow-usb-composite-wifi-adapter.dir/pico-sdk/src/rp2_common/hardware_irq/irq.c.obj
                0x0000000010001bfc                irq_get_vtable_handler
 .text.irq_set_exclusive_handler
                0x0000000010001c0c       0x54 CMakeFiles/picow-usb-composite-wifi-adapter.dir/pico-sdk/src/rp2_common/hardware_irq/irq.c.obj
                0x0000000010001c0c                irq_set_exclusive_handler
 .text.irq_add_shared_handler
                0x0000000010001c60      0x1e8 CMakeFiles/picow-usb-composite-wifi-adapter.dir/pico-sdk/src/rp2_common/hardware_irq/irq.c.obj
                0x0000000010001c60                irq_add_shared_handler
 .text.irq_remove_handler
                0x0000000010001e48      0x1b0 CMakeFiles/picow-usb-composite-wifi-adapter.dir/pico-sdk/src/rp2_common/hardware_irq/irq.c.obj
                0x0000000010001e48                irq_remove_handler
 .text.irq_set_priority
                0x0000000010001ff8       0x28 CMakeFiles/picow-usb-composite-wifi-adapter.dir/pico-sdk/src/rp2_common/hardware_irq/irq.c.obj
                0x0000000010001ff8                irq_set_priority
 .text.irq_add_tail_to_free_list
                0x0000000010002020       0xb4 CMakeFiles/picow-usb-composite-wifi-adapter.dir/pico-sdk/src/rp2_common/hardware_irq/irq.c.obj
                0x0000000010002020                irq_add_tail_to_free_list
 .text.irq_init_priorities
                0x00000000100020d4       0x24 CMakeFiles/picow-usb-composite-wifi-adapter.dir/pico-sdk/src/rp2_common/hardware_irq/irq.c.obj
                0x00000000100020d4                irq_init_priorities
 .text.user_irq_unclaim
                0x00000000100020f8       0x14 CMakeFiles/picow-usb-composite-wifi-adapter.dir/pico-sdk/src/rp2_common/hardware_irq/irq.c.obj
                0x00000000100020f8                user_irq_unclaim
 .text.user_irq_claim_unused
                0x000000001000210c       0x28 CMakeFiles/picow-usb-composite-wifi-adapter.dir/pico-sdk/src/rp2_common/hardware_irq/irq.c.obj
                0x000000001000210c                user_irq_claim_unused
 .text.sem_init
                0x0000000010002134       0x20 CMakeFiles/picow-usb-composite-wifi-adapter.dir/pico-sdk/src/common/pico_sync/sem.c.obj
                0x0000000010002134                sem_init
 .text.lock_init
                0x0000000010002154       0x10 CMakeFiles/picow-usb-composite-wifi-adapter.dir/pico-sdk/src/common/pico_sync/lock_core.c.obj
                0x0000000010002154                lock_init
 .text.mutex_init
                0x0000000010002164       0x1c CMakeFiles/picow-usb-composite-wifi-adapter.dir/pico-sdk/src/common/pico_sync/mutex.c.obj
                0x0000000010002164                mutex_init
 .text.recursive_mutex_init
                0x0000000010002180       0x1c CMakeFiles/picow-usb-composite-wifi-adapter.dir/pico-sdk/src/common/pico_sync/mutex.c.obj
                0x0000000010002180                recursive_mutex_init
 .text.critical_section_init
                0x000000001000219c       0x20 CMakeFiles/picow-usb-composite-wifi-adapter.dir/pico-sdk/src/common/pico_sync/critical_section.c.obj
                0x000000001000219c                critical_section_init
 .text.timer_pool_entry_comparator
                0x00000000100021bc       0x34 CMakeFiles/picow-usb-composite-wifi-adapter.dir/pico-sdk/src/common/pico_time/time.c.obj
                0x00000000100021bc                timer_pool_entry_comparator
 .text.sleep_until_callback
                0x00000000100021f0       0x30 CMakeFiles/picow-usb-composite-wifi-adapter.dir/pico-sdk/src/common/pico_time/time.c.obj
 .text.add_alarm_under_lock.isra.0
                0x0000000010002220      0x100 CMakeFiles/picow-usb-composite-wifi-adapter.dir/pico-sdk/src/common/pico_time/time.c.obj
 .text.alarm_pool_alarm_callback
                0x0000000010002320      0x1bc CMakeFiles/picow-usb-composite-wifi-adapter.dir/pico-sdk/src/common/pico_time/time.c.obj
 .text.alarm_pool_init_default
                0x00000000100024dc       0x6c CMakeFiles/picow-usb-composite-wifi-adapter.dir/pico-sdk/src/common/pico_time/time.c.obj
                0x00000000100024dc                alarm_pool_init_default
 .text.alarm_pool_get_default
                0x0000000010002548        0x8 CMakeFiles/picow-usb-composite-wifi-adapter.dir/pico-sdk/src/common/pico_time/time.c.obj
                0x0000000010002548                alarm_pool_get_default
 .text.alarm_pool_create_with_unused_hardware_alarm
                0x0000000010002550       0x74 CMakeFiles/picow-usb-composite-wifi-adapter.dir/pico-sdk/src/common/pico_time/time.c.obj
                0x0000000010002550                alarm_pool_create_with_unused_hardware_alarm
 .text.alarm_pool_destroy
                0x00000000100025c4       0x44 CMakeFiles/picow-usb-composite-wifi-adapter.dir/pico-sdk/src/common/pico_time/time.c.obj
                0x00000000100025c4                alarm_pool_destroy
 .text.alarm_pool_add_alarm_at
                0x0000000010002608      0x178 CMakeFiles/picow-usb-composite-wifi-adapter.dir/pico-sdk/src/common/pico_time/time.c.obj
                0x0000000010002608                alarm_pool_add_alarm_at
 .text.alarm_pool_add_alarm_at_force_in_context
                0x0000000010002780      0x124 CMakeFiles/picow-usb-composite-wifi-adapter.dir/pico-sdk/src/common/pico_time/time.c.obj
                0x0000000010002780                alarm_pool_add_alarm_at_force_in_context
 .text.alarm_pool_cancel_alarm
                0x00000000100028a4       0x78 CMakeFiles/picow-usb-composite-wifi-adapter.dir/pico-sdk/src/common/pico_time/time.c.obj
                0x00000000100028a4                alarm_pool_cancel_alarm
 .text.alarm_pool_core_num
                0x000000001000291c        0x4 CMakeFiles/picow-usb-composite-wifi-adapter.dir/pico-sdk/src/common/pico_time/time.c.obj
                0x000000001000291c                alarm_pool_core_num
 .text.sleep_until
                0x0000000010002920       0xc4 CMakeFiles/picow-usb-composite-wifi-adapter.dir/pico-sdk/src/common/pico_time/time.c.obj
                0x0000000010002920                sleep_until
 .text.sleep_ms
                0x00000000100029e4       0x34 CMakeFiles/picow-usb-composite-wifi-adapter.dir/pico-sdk/src/common/pico_time/time.c.obj
                0x00000000100029e4                sleep_ms
 .text.best_effort_wfe_or_timeout
                0x0000000010002a18       0xd4 CMakeFiles/picow-usb-composite-wifi-adapter.dir/pico-sdk/src/common/pico_time/time.c.obj
                0x0000000010002a18                best_effort_wfe_or_timeout
 .text.hardware_alarm_irq_handler
                0x0000000010002aec       0xbc CMakeFiles/picow-usb-composite-wifi-adapter.dir/pico-sdk/src/rp2_common/hardware_timer/timer.c.obj
 .text.hardware_alarm_claim
                0x0000000010002ba8       0x18 CMakeFiles/picow-usb-composite-wifi-adapter.dir/pico-sdk/src/rp2_common/hardware_timer/timer.c.obj
                0x0000000010002ba8                hardware_alarm_claim
 .text.hardware_alarm_unclaim
                0x0000000010002bc0       0x10 CMakeFiles/picow-usb-composite-wifi-adapter.dir/pico-sdk/src/rp2_common/hardware_timer/timer.c.obj
                0x0000000010002bc0                hardware_alarm_unclaim
 .text.hardware_alarm_claim_unused
                0x0000000010002bd0       0x20 CMakeFiles/picow-usb-composite-wifi-adapter.dir/pico-sdk/src/rp2_common/hardware_timer/timer.c.obj
                0x0000000010002bd0                hardware_alarm_claim_unused
 .text.time_us_64
                0x0000000010002bf0       0x14 CMakeFiles/picow-usb-composite-wifi-adapter.dir/pico-sdk/src/rp2_common/hardware_timer/timer.c.obj
                0x0000000010002bf0                time_us_64
 .text.busy_wait_until
                0x0000000010002c04       0x20 CMakeFiles/picow-usb-composite-wifi-adapter.dir/pico-sdk/src/rp2_common/hardware_timer/timer.c.obj
                0x0000000010002c04                busy_wait_until
 .text.hardware_alarm_set_callback
                0x0000000010002c24       0x8c CMakeFiles/picow-usb-composite-wifi-adapter.dir/pico-sdk/src/rp2_common/hardware_timer/timer.c.obj
                0x0000000010002c24                hardware_alarm_set_callback
 .text.hardware_alarm_set_target
                0x0000000010002cb0       0xd4 CMakeFiles/picow-usb-composite-wifi-adapter.dir/pico-sdk/src/rp2_common/hardware_timer/timer.c.obj
                0x0000000010002cb0                hardware_alarm_set_target
 .text.hardware_alarm_cancel
                0x0000000010002d84       0x3c CMakeFiles/picow-usb-composite-wifi-adapter.dir/pico-sdk/src/rp2_common/hardware_timer/timer.c.obj
                0x0000000010002d84                hardware_alarm_cancel
 .text.hardware_alarm_force_irq
                0x0000000010002dc0       0x3c CMakeFiles/picow-usb-composite-wifi-adapter.dir/pico-sdk/src/rp2_common/hardware_timer/timer.c.obj
                0x0000000010002dc0                hardware_alarm_force_irq
 .text.ph_merge_nodes
                0x0000000010002dfc       0x68 CMakeFiles/picow-usb-composite-wifi-adapter.dir/pico-sdk/src/common/pico_util/pheap.c.obj
 .text.ph_create
                0x0000000010002e64       0x60 CMakeFiles/picow-usb-composite-wifi-adapter.dir/pico-sdk/src/common/pico_util/pheap.c.obj
                0x0000000010002e64                ph_create
 .text.ph_post_alloc_init
                0x0000000010002ec4       0x3c CMakeFiles/picow-usb-composite-wifi-adapter.dir/pico-sdk/src/common/pico_util/pheap.c.obj
                0x0000000010002ec4                ph_post_alloc_init
 .text.ph_destroy
                0x0000000010002f00       0x14 CMakeFiles/picow-usb-composite-wifi-adapter.dir/pico-sdk/src/common/pico_util/pheap.c.obj
                0x0000000010002f00                ph_destroy
 .text.ph_merge_two_pass
                0x0000000010002f14       0x90 CMakeFiles/picow-usb-composite-wifi-adapter.dir/pico-sdk/src/common/pico_util/pheap.c.obj
                0x0000000010002f14                ph_merge_two_pass
 .text.ph_remove_any_head
                0x0000000010002fa4      0x100 CMakeFiles/picow-usb-composite-wifi-adapter.dir/pico-sdk/src/common/pico_util/pheap.c.obj
 .text.ph_remove_head
                0x00000000100030a4      0x104 CMakeFiles/picow-usb-composite-wifi-adapter.dir/pico-sdk/src/common/pico_util/pheap.c.obj
                0x00000000100030a4                ph_remove_head
 .text.ph_remove_and_free_node
                0x00000000100031a8       0x7c CMakeFiles/picow-usb-composite-wifi-adapter.dir/pico-sdk/src/common/pico_util/pheap.c.obj
                0x00000000100031a8                ph_remove_and_free_node
 .text.clock_configure
                0x0000000010003224      0x118 CMakeFiles/picow-usb-composite-wifi-adapter.dir/pico-sdk/src/rp2_common/hardware_clocks/clocks.c.obj
                0x0000000010003224                clock_configure
 .text.clocks_init
                0x000000001000333c      0x2d0 CMakeFiles/picow-usb-composite-wifi-adapter.dir/pico-sdk/src/rp2_common/hardware_clocks/clocks.c.obj
                0x000000001000333c                clocks_init
 .text.clock_get_hz
                0x000000001000360c        0xc CMakeFiles/picow-usb-composite-wifi-adapter.dir/pico-sdk/src/rp2_common/hardware_clocks/clocks.c.obj
                0x000000001000360c                clock_get_hz
 .text.pll_init
                0x0000000010003618       0xa0 CMakeFiles/picow-usb-composite-wifi-adapter.dir/pico-sdk/src/rp2_common/hardware_pll/pll.c.obj
                0x0000000010003618                pll_init
 .text.watchdog_start_tick
                0x00000000100036b8       0x10 CMakeFiles/picow-usb-composite-wifi-adapter.dir/pico-sdk/src/rp2_common/hardware_watchdog/watchdog.c.obj
                0x00000000100036b8                watchdog_start_tick
 .text.xosc_init
                0x00000000100036c8       0x28 CMakeFiles/picow-usb-composite-wifi-adapter.dir/pico-sdk/src/rp2_common/hardware_xosc/xosc.c.obj
                0x00000000100036c8                xosc_init
 .text.runtime_init
                0x00000000100036f0       0xf0 CMakeFiles/picow-usb-composite-wifi-adapter.dir/pico-sdk/src/rp2_common/pico_runtime/runtime.c.obj
                0x00000000100036f0                runtime_init
 .text._exit    0x00000000100037e0       0x14 CMakeFiles/picow-usb-composite-wifi-adapter.dir/pico-sdk/src/rp2_common/pico_runtime/runtime.c.obj
                0x00000000100037e0                _exit
 .text._sbrk    0x00000000100037f4       0x34 CMakeFiles/picow-usb-composite-wifi-adapter.dir/pico-sdk/src/rp2_common/pico_runtime/runtime.c.obj
                0x00000000100037f4                _sbrk
 .text.exit     0x0000000010003828        0x8 CMakeFiles/picow-usb-composite-wifi-adapter.dir/pico-sdk/src/rp2_common/pico_runtime/runtime.c.obj
                0x0000000010003828                exit
 .text.panic    0x0000000010003830       0x30 CMakeFiles/picow-usb-composite-wifi-adapter.dir/pico-sdk/src/rp2_common/pico_runtime/runtime.c.obj
                0x0000000010003830                panic
 .text.hard_assertion_failure
                0x0000000010003860        0xc CMakeFiles/picow-usb-composite-wifi-adapter.dir/pico-sdk/src/rp2_common/pico_runtime/runtime.c.obj
                0x0000000010003860                hard_assertion_failure
 .text._out_null
                0x000000001000386c        0x4 CMakeFiles/picow-usb-composite-wifi-adapter.dir/pico-sdk/src/rp2_common/pico_printf/printf.c.obj
 .text._out_rev
                0x0000000010003870       0x9c CMakeFiles/picow-usb-composite-wifi-adapter.dir/pico-sdk/src/rp2_common/pico_printf/printf.c.obj
 .text._ntoa_format
                0x000000001000390c      0x1cc CMakeFiles/picow-usb-composite-wifi-adapter.dir/pico-sdk/src/rp2_common/pico_printf/printf.c.obj
 .text._out_char
                0x0000000010003ad8       0x10 CMakeFiles/picow-usb-composite-wifi-adapter.dir/pico-sdk/src/rp2_common/pico_printf/printf.c.obj
 .text._out_fct
                0x0000000010003ae8       0x10 CMakeFiles/picow-usb-composite-wifi-adapter.dir/pico-sdk/src/rp2_common/pico_printf/printf.c.obj
 .text._etoa    0x0000000010003af8      0x44c CMakeFiles/picow-usb-composite-wifi-adapter.dir/pico-sdk/src/rp2_common/pico_printf/printf.c.obj
 .text._ftoa    0x0000000010003f44      0x398 CMakeFiles/picow-usb-composite-wifi-adapter.dir/pico-sdk/src/rp2_common/pico_printf/printf.c.obj
 .text._vsnprintf
                0x00000000100042dc      0xb04 CMakeFiles/picow-usb-composite-wifi-adapter.dir/pico-sdk/src/rp2_common/pico_printf/printf.c.obj
 .text.vfctprintf
                0x0000000010004de0       0x20 CMakeFiles/picow-usb-composite-wifi-adapter.dir/pico-sdk/src/rp2_common/pico_printf/printf.c.obj
                0x0000000010004de0                vfctprintf
 .text.weak_raw_vprintf
                0x0000000010004e00       0x30 CMakeFiles/picow-usb-composite-wifi-adapter.dir/pico-sdk/src/rp2_common/pico_printf/printf.c.obj
                0x0000000010004e00                weak_raw_vprintf
 .text          0x0000000010004e30       0x10 CMakeFiles/picow-usb-composite-wifi-adapter.dir/pico-sdk/src/rp2_common/pico_bit_ops/bit_ops_aeabi.S.obj
 .text.ctzsi    0x0000000010004e40        0xc CMakeFiles/picow-usb-composite-wifi-adapter.dir/pico-sdk/src/rp2_common/pico_bit_ops/bit_ops_aeabi.S.obj
                0x0000000010004e40                __wrap___ctzsi2
 .text.rom_func_lookup
                0x0000000010004e4c       0x10 CMakeFiles/picow-usb-composite-wifi-adapter.dir/pico-sdk/src/rp2_common/pico_bootrom/bootrom.c.obj
                0x0000000010004e4c                rom_func_lookup
 .text.rom_data_lookup
                0x0000000010004e5c       0x10 CMakeFiles/picow-usb-composite-wifi-adapter.dir/pico-sdk/src/rp2_common/pico_bootrom/bootrom.c.obj
                0x0000000010004e5c                rom_data_lookup
 .text.rom_funcs_lookup
                0x0000000010004e6c       0x44 CMakeFiles/picow-usb-composite-wifi-adapter.dir/pico-sdk/src/rp2_common/pico_bootrom/bootrom.c.obj
                0x0000000010004e6c                rom_funcs_lookup
 .text.__wrap___aeabi_idiv
                0x0000000010004eb0       0x50 CMakeFiles/picow-usb-composite-wifi-adapter.dir/pico-sdk/src/rp2_common/pico_divider/divider.S.obj
                0x0000000010004eb0                __wrap___aeabi_idivmod
                0x0000000010004eb0                divmod_s32s32
                0x0000000010004eb0                div_s32s32
                0x0000000010004eb0                __wrap___aeabi_idiv
                0x0000000010004eb8                divmod_s32s32_unsafe
                0x0000000010004ee4                divmod_s32s32_savestate
 .text.__wrap___aeabi_uidiv
                0x0000000010004f00       0x4c CMakeFiles/picow-usb-composite-wifi-adapter.dir/pico-sdk/src/rp2_common/pico_divider/divider.S.obj
                0x0000000010004f00                __wrap___aeabi_uidiv
                0x0000000010004f00                __wrap___aeabi_uidivmod
                0x0000000010004f00                div_u32u32
                0x0000000010004f00                divmod_u32u32
                0x0000000010004f08                divmod_u32u32_unsafe
                0x0000000010004f30                divmod_u32u32_savestate
 .text.__wrap___aeabi_ldiv
                0x0000000010004f4c      0x424 CMakeFiles/picow-usb-composite-wifi-adapter.dir/pico-sdk/src/rp2_common/pico_divider/divider.S.obj
                0x0000000010004f4c                div_s64s64
                0x0000000010004f4c                divmod_s64s64
                0x0000000010004f4c                __wrap___aeabi_ldivmod
                0x0000000010004f7c                div_u64u64
                0x0000000010004f7c                divmod_u64u64
                0x0000000010004f7c                __wrap___aeabi_uldivmod
                0x0000000010004f8c                divmod_u64u64_savestate
                0x0000000010004fac                divmod_s64s64_unsafe
                0x0000000010005034                divmod_u64u64_unsafe
 .text.__wrap___aeabi_darithmetic
                0x0000000010005370       0x60 CMakeFiles/picow-usb-composite-wifi-adapter.dir/pico-sdk/src/rp2_common/pico_double/double_aeabi.S.obj
                0x0000000010005370                __wrap___aeabi_drsub
                0x0000000010005376                __wrap___aeabi_dsub
                0x0000000010005380                __wrap___aeabi_dadd
                0x000000001000538a                __wrap___aeabi_ddiv
                0x00000000100053be                __wrap___aeabi_dmul
 .text.__wrap___aeabi_cdcmple
                0x00000000100053d0       0x6c CMakeFiles/picow-usb-composite-wifi-adapter.dir/pico-sdk/src/rp2_common/pico_double/double_aeabi.S.obj
                0x00000000100053d0                __wrap___aeabi_cdrcmple
                0x00000000100053e0                __wrap___aeabi_cdcmple
                0x00000000100053e0                __wrap___aeabi_cdcmpeq
 .text.__wrap___aeabi_dcmplt
                0x000000001000543c        0xc CMakeFiles/picow-usb-composite-wifi-adapter.dir/pico-sdk/src/rp2_common/pico_double/double_aeabi.S.obj
                0x000000001000543c                __wrap___aeabi_dcmplt
 .text.__wrap___aeabi_dcmple
                0x0000000010005448       0x10 CMakeFiles/picow-usb-composite-wifi-adapter.dir/pico-sdk/src/rp2_common/pico_double/double_aeabi.S.obj
                0x0000000010005448                __wrap___aeabi_dcmple
 .text.__wrap___aeabi_dcmpge
                0x0000000010005458       0x10 CMakeFiles/picow-usb-composite-wifi-adapter.dir/pico-sdk/src/rp2_common/pico_double/double_aeabi.S.obj
                0x0000000010005458                __wrap___aeabi_dcmpge
 .text.__wrap___aeabi_dcmpgt
                0x0000000010005468        0xa CMakeFiles/picow-usb-composite-wifi-adapter.dir/pico-sdk/src/rp2_common/pico_double/double_aeabi.S.obj
                0x0000000010005468                __wrap___aeabi_dcmpgt
 .text.__wrap___aeabi_dcmpun
                0x0000000010005472       0x1c CMakeFiles/picow-usb-composite-wifi-adapter.dir/pico-sdk/src/rp2_common/pico_double/double_aeabi.S.obj
                0x0000000010005472                __wrap___aeabi_dcmpun
 *fill*         0x000000001000548e        0x2 
 .text.__wrap___aeabi_i2d
                0x0000000010005490       0x38 CMakeFiles/picow-usb-composite-wifi-adapter.dir/pico-sdk/src/rp2_common/pico_double/double_aeabi.S.obj
                0x0000000010005490                __wrap___aeabi_ui2d
                0x0000000010005498                __wrap___aeabi_i2d
 .text.__wrap___aeabi_d2iz
                0x00000000100054c8       0x48 CMakeFiles/picow-usb-composite-wifi-adapter.dir/pico-sdk/src/rp2_common/pico_double/double_aeabi.S.obj
                0x00000000100054c8                __wrap___aeabi_d2iz
                0x00000000100054c8                double2int_z
 .text.__wrap___aeabi_d2uiz
                0x0000000010005510       0x10 CMakeFiles/picow-usb-composite-wifi-adapter.dir/pico-sdk/src/rp2_common/pico_double/double_aeabi.S.obj
                0x0000000010005510                double2uint
                0x0000000010005510                __wrap___aeabi_d2uiz
 .text.missing_double_func_shim
                0x0000000010005520        0xc CMakeFiles/picow-usb-composite-wifi-adapter.dir/pico-sdk/src/rp2_common/pico_double/double_init_rom.c.obj
 .text.__aeabi_double_init
                0x000000001000552c       0x98 CMakeFiles/picow-usb-composite-wifi-adapter.dir/pico-sdk/src/rp2_common/pico_double/double_init_rom.c.obj
                0x000000001000552c                __aeabi_double_init
 .text.double_table_shim_on_use_helper
                0x00000000100055c4       0x2c CMakeFiles/picow-usb-composite-wifi-adapter.dir/pico-sdk/src/rp2_common/pico_double/double_v1_rom_shim.S.obj
                0x00000000100055c4                double_table_shim_on_use_helper
 .text.__aeabi_lmul
                0x00000000100055f0       0x32 CMakeFiles/picow-usb-composite-wifi-adapter.dir/pico-sdk/src/rp2_common/pico_int64_ops/pico_int64_ops_aeabi.S.obj
                0x00000000100055f0                __wrap___aeabi_lmul
 *fill*         0x0000000010005622        0x2 
 .text.missing_float_func_shim
                0x0000000010005624        0xc CMakeFiles/picow-usb-composite-wifi-adapter.dir/pico-sdk/src/rp2_common/pico_float/float_init_rom.c.obj
 .text.__aeabi_float_init
                0x0000000010005630       0x5c CMakeFiles/picow-usb-composite-wifi-adapter.dir/pico-sdk/src/rp2_common/pico_float/float_init_rom.c.obj
                0x0000000010005630                __aeabi_float_init
 .text.__wrap_malloc
                0x000000001000568c       0x3c CMakeFiles/picow-usb-composite-wifi-adapter.dir/pico-sdk/src/rp2_common/pico_malloc/pico_malloc.c.obj
                0x000000001000568c                __wrap_malloc
 .text.__wrap_calloc
                0x00000000100056c8       0x40 CMakeFiles/picow-usb-composite-wifi-adapter.dir/pico-sdk/src/rp2_common/pico_malloc/pico_malloc.c.obj
                0x00000000100056c8                __wrap_calloc
 .text.__wrap_free
                0x0000000010005708       0x20 CMakeFiles/picow-usb-composite-wifi-adapter.dir/pico-sdk/src/rp2_common/pico_malloc/pico_malloc.c.obj
                0x0000000010005708                __wrap_free
 .text          0x0000000010005728       0x10 CMakeFiles/picow-usb-composite-wifi-adapter.dir/pico-sdk/src/rp2_common/pico_mem_ops/mem_ops_aeabi.S.obj
                0x0000000010005728                __aeabi_mem_init
 .text.memset   0x0000000010005738        0xc CMakeFiles/picow-usb-composite-wifi-adapter.dir/pico-sdk/src/rp2_common/pico_mem_ops/mem_ops_aeabi.S.obj
                0x0000000010005738                __wrap_memset
 .text.memcpy   0x0000000010005744        0xc CMakeFiles/picow-usb-composite-wifi-adapter.dir/pico-sdk/src/rp2_common/pico_mem_ops/mem_ops_aeabi.S.obj
                0x0000000010005744                __wrap___aeabi_memcpy
                0x0000000010005744                __wrap_memcpy
 .text.stdio_out_chars_no_crlf
                0x0000000010005750       0x10 CMakeFiles/picow-usb-composite-wifi-adapter.dir/pico-sdk/src/rp2_common/pico_stdio/stdio.c.obj
 .text.stdio_out_chars_crlf
                0x0000000010005760       0xb4 CMakeFiles/picow-usb-composite-wifi-adapter.dir/pico-sdk/src/rp2_common/pico_stdio/stdio.c.obj
 .text.stdio_buffered_printer
                0x0000000010005814       0x64 CMakeFiles/picow-usb-composite-wifi-adapter.dir/pico-sdk/src/rp2_common/pico_stdio/stdio.c.obj
 .text.stdio_put_string.isra.0
                0x0000000010005878       0xfc CMakeFiles/picow-usb-composite-wifi-adapter.dir/pico-sdk/src/rp2_common/pico_stdio/stdio.c.obj
 .text.__wrap_putchar
                0x0000000010005974       0x98 CMakeFiles/picow-usb-composite-wifi-adapter.dir/pico-sdk/src/rp2_common/pico_stdio/stdio.c.obj
                0x0000000010005974                __wrap_putchar
 .text.__wrap_puts
                0x0000000010005a0c       0x3c CMakeFiles/picow-usb-composite-wifi-adapter.dir/pico-sdk/src/rp2_common/pico_stdio/stdio.c.obj
                0x0000000010005a0c                __wrap_puts
 .text.__wrap_vprintf
                0x0000000010005a48       0xd8 CMakeFiles/picow-usb-composite-wifi-adapter.dir/pico-sdk/src/rp2_common/pico_stdio/stdio.c.obj
                0x0000000010005a48                __wrap_vprintf
 .text.__wrap_printf
                0x0000000010005b20       0x18 CMakeFiles/picow-usb-composite-wifi-adapter.dir/pico-sdk/src/rp2_common/pico_stdio/stdio.c.obj
                0x0000000010005b20                __wrap_printf
 .text.startup._retrieve_unique_id_on_boot
                0x0000000010005b38       0x10 CMakeFiles/picow-usb-composite-wifi-adapter.dir/pico-sdk/src/rp2_common/pico_unique_id/unique_id.c.obj
 .text.pico_get_unique_board_id
                0x0000000010005b48       0x10 CMakeFiles/picow-usb-composite-wifi-adapter.dir/pico-sdk/src/rp2_common/pico_unique_id/unique_id.c.obj
                0x0000000010005b48                pico_get_unique_board_id
 .text.flash_get_unique_id
                0x0000000010005b58       0x40 CMakeFiles/picow-usb-composite-wifi-adapter.dir/pico-sdk/src/rp2_common/hardware_flash/flash.c.obj
                0x0000000010005b58                flash_get_unique_id
 .text.board_get_unique_id
                0x0000000010005b98       0x24 CMakeFiles/picow-usb-composite-wifi-adapter.dir/pico-sdk/lib/tinyusb/hw/bsp/rp2040/family.c.obj
                0x0000000010005b98                board_get_unique_id
 .text.board_init
                0x0000000010005bbc        0x4 CMakeFiles/picow-usb-composite-wifi-adapter.dir/pico-sdk/lib/tinyusb/hw/bsp/rp2040/family.c.obj
                0x0000000010005bbc                board_init
 .text.dcd_int_enable
                0x0000000010005bc0        0xc CMakeFiles/picow-usb-composite-wifi-adapter.dir/pico-sdk/lib/tinyusb/src/portable/raspberrypi/rp2040/dcd_rp2040.c.obj
                0x0000000010005bc0                dcd_int_enable
 .text.dcd_set_address
                0x0000000010005bcc       0x14 CMakeFiles/picow-usb-composite-wifi-adapter.dir/pico-sdk/lib/tinyusb/src/portable/raspberrypi/rp2040/dcd_rp2040.c.obj
                0x0000000010005bcc                dcd_set_address
 .text.dcd_connect
                0x0000000010005be0       0x10 CMakeFiles/picow-usb-composite-wifi-adapter.dir/pico-sdk/lib/tinyusb/src/portable/raspberrypi/rp2040/dcd_rp2040.c.obj
                0x0000000010005be0                dcd_connect
 .text.dcd_init
                0x0000000010005bf0       0x98 CMakeFiles/picow-usb-composite-wifi-adapter.dir/pico-sdk/lib/tinyusb/src/portable/raspberrypi/rp2040/dcd_rp2040.c.obj
                0x0000000010005bf0                dcd_init
 .text.dcd_edpt0_status_complete
                0x0000000010005c88       0x1c CMakeFiles/picow-usb-composite-wifi-adapter.dir/pico-sdk/lib/tinyusb/src/portable/raspberrypi/rp2040/dcd_rp2040.c.obj
                0x0000000010005c88                dcd_edpt0_status_complete
 .text.dcd_edpt_open
                0x0000000010005ca4      0x108 CMakeFiles/picow-usb-composite-wifi-adapter.dir/pico-sdk/lib/tinyusb/src/portable/raspberrypi/rp2040/dcd_rp2040.c.obj
                0x0000000010005ca4                dcd_edpt_open
 .text.dcd_edpt_close_all
                0x0000000010005dac        0x8 CMakeFiles/picow-usb-composite-wifi-adapter.dir/pico-sdk/lib/tinyusb/src/portable/raspberrypi/rp2040/dcd_rp2040.c.obj
                0x0000000010005dac                dcd_edpt_close_all
 .text.dcd_edpt_xfer
                0x0000000010005db4       0x24 CMakeFiles/picow-usb-composite-wifi-adapter.dir/pico-sdk/lib/tinyusb/src/portable/raspberrypi/rp2040/dcd_rp2040.c.obj
                0x0000000010005db4                dcd_edpt_xfer
 .text.dcd_edpt_stall
                0x0000000010005dd8       0x38 CMakeFiles/picow-usb-composite-wifi-adapter.dir/pico-sdk/lib/tinyusb/src/portable/raspberrypi/rp2040/dcd_rp2040.c.obj
                0x0000000010005dd8                dcd_edpt_stall
 .text.dcd_edpt_clear_stall
                0x0000000010005e10       0x30 CMakeFiles/picow-usb-composite-wifi-adapter.dir/pico-sdk/lib/tinyusb/src/portable/raspberrypi/rp2040/dcd_rp2040.c.obj
                0x0000000010005e10                dcd_edpt_clear_stall
 .text.rp2040_usb_init
                0x0000000010005e40       0x4c CMakeFiles/picow-usb-composite-wifi-adapter.dir/pico-sdk/lib/tinyusb/src/portable/raspberrypi/rp2040/rp2040_usb.c.obj
                0x0000000010005e40                rp2040_usb_init
 .text.hw_endpoint_xfer_start
                0x0000000010005e8c       0x50 CMakeFiles/picow-usb-composite-wifi-adapter.dir/pico-sdk/lib/tinyusb/src/portable/raspberrypi/rp2040/rp2040_usb.c.obj
                0x0000000010005e8c                hw_endpoint_xfer_start
 .text.tud_mounted
                0x0000000010005edc       0x10 CMakeFiles/picow-usb-composite-wifi-adapter.dir/pico-sdk/lib/tinyusb/src/device/usbd.c.obj
                0x0000000010005edc                tud_mounted
 .text.tud_suspended
                0x0000000010005eec       0x10 CMakeFiles/picow-usb-composite-wifi-adapter.dir/pico-sdk/lib/tinyusb/src/device/usbd.c.obj
                0x0000000010005eec                tud_suspended
 .text.tud_init
                0x0000000010005efc       0xdc CMakeFiles/picow-usb-composite-wifi-adapter.dir/pico-sdk/lib/tinyusb/src/device/usbd.c.obj
                0x0000000010005efc                tud_init
 .text.tud_task_ext
                0x0000000010005fd8      0x86c CMakeFiles/picow-usb-composite-wifi-adapter.dir/pico-sdk/lib/tinyusb/src/device/usbd.c.obj
                0x0000000010005fd8                tud_task_ext
 .text.usbd_open_edpt_pair
                0x0000000010006844       0x9c CMakeFiles/picow-usb-composite-wifi-adapter.dir/pico-sdk/lib/tinyusb/src/device/usbd.c.obj
                0x0000000010006844                usbd_open_edpt_pair
 .text.usbd_edpt_open
                0x00000000100068e0       0x34 CMakeFiles/picow-usb-composite-wifi-adapter.dir/pico-sdk/lib/tinyusb/src/device/usbd.c.obj
                0x00000000100068e0                usbd_edpt_open
 .text.usbd_edpt_claim
                0x0000000010006914       0x28 CMakeFiles/picow-usb-composite-wifi-adapter.dir/pico-sdk/lib/tinyusb/src/device/usbd.c.obj
                0x0000000010006914                usbd_edpt_claim
 .text.usbd_edpt_release
                0x000000001000693c       0x28 CMakeFiles/picow-usb-composite-wifi-adapter.dir/pico-sdk/lib/tinyusb/src/device/usbd.c.obj
                0x000000001000693c                usbd_edpt_release
 .text.usbd_edpt_xfer
                0x0000000010006964       0x4c CMakeFiles/picow-usb-composite-wifi-adapter.dir/pico-sdk/lib/tinyusb/src/device/usbd.c.obj
                0x0000000010006964                usbd_edpt_xfer
 .text.usbd_edpt_busy
                0x00000000100069b0       0x1c CMakeFiles/picow-usb-composite-wifi-adapter.dir/pico-sdk/lib/tinyusb/src/device/usbd.c.obj
                0x00000000100069b0                usbd_edpt_busy
 .text.tud_control_status
                0x00000000100069cc       0x30 CMakeFiles/picow-usb-composite-wifi-adapter.dir/pico-sdk/lib/tinyusb/src/device/usbd_control.c.obj
                0x00000000100069cc                tud_control_status
 .text.tud_control_xfer
                0x00000000100069fc       0xbc CMakeFiles/picow-usb-composite-wifi-adapter.dir/pico-sdk/lib/tinyusb/src/device/usbd_control.c.obj
                0x00000000100069fc                tud_control_xfer
 .text.usbd_control_reset
                0x0000000010006ab8       0x14 CMakeFiles/picow-usb-composite-wifi-adapter.dir/pico-sdk/lib/tinyusb/src/device/usbd_control.c.obj
                0x0000000010006ab8                usbd_control_reset
 .text.usbd_control_set_complete_callback
                0x0000000010006acc        0xc CMakeFiles/picow-usb-composite-wifi-adapter.dir/pico-sdk/lib/tinyusb/src/device/usbd_control.c.obj
                0x0000000010006acc                usbd_control_set_complete_callback
 .text.usbd_control_set_request
                0x0000000010006ad8       0x1c CMakeFiles/picow-usb-composite-wifi-adapter.dir/pico-sdk/lib/tinyusb/src/device/usbd_control.c.obj
                0x0000000010006ad8                usbd_control_set_request
 .text.usbd_control_xfer_cb
                0x0000000010006af4       0xfc CMakeFiles/picow-usb-composite-wifi-adapter.dir/pico-sdk/lib/tinyusb/src/device/usbd_control.c.obj
                0x0000000010006af4                usbd_control_xfer_cb
 .text.tud_network_recv_renew
                0x0000000010006bf0       0x20 CMakeFiles/picow-usb-composite-wifi-adapter.dir/pico-sdk/lib/tinyusb/src/class/net/ecm_rndis_device.c.obj
                0x0000000010006bf0                tud_network_recv_renew
 .text.netd_report
                0x0000000010006c10       0x24 CMakeFiles/picow-usb-composite-wifi-adapter.dir/pico-sdk/lib/tinyusb/src/class/net/ecm_rndis_device.c.obj
                0x0000000010006c10                netd_report
 .text.netd_init
                0x0000000010006c34       0x14 CMakeFiles/picow-usb-composite-wifi-adapter.dir/pico-sdk/lib/tinyusb/src/class/net/ecm_rndis_device.c.obj
                0x0000000010006c34                netd_init
 .text.netd_reset
                0x0000000010006c48       0x14 CMakeFiles/picow-usb-composite-wifi-adapter.dir/pico-sdk/lib/tinyusb/src/class/net/ecm_rndis_device.c.obj
                0x0000000010006c48                netd_reset
 .text.netd_open
                0x0000000010006c5c      0x11c CMakeFiles/picow-usb-composite-wifi-adapter.dir/pico-sdk/lib/tinyusb/src/class/net/ecm_rndis_device.c.obj
                0x0000000010006c5c                netd_open
 .text.netd_control_xfer_cb
                0x0000000010006d78      0x174 CMakeFiles/picow-usb-composite-wifi-adapter.dir/pico-sdk/lib/tinyusb/src/class/net/ecm_rndis_device.c.obj
                0x0000000010006d78                netd_control_xfer_cb
 .text.netd_xfer_cb
                0x0000000010006eec       0xec CMakeFiles/picow-usb-composite-wifi-adapter.dir/pico-sdk/lib/tinyusb/src/class/net/ecm_rndis_device.c.obj
                0x0000000010006eec                netd_xfer_cb
 .text.tud_network_can_xmit
                0x0000000010006fd8        0xc CMakeFiles/picow-usb-composite-wifi-adapter.dir/pico-sdk/lib/tinyusb/src/class/net/ecm_rndis_device.c.obj
                0x0000000010006fd8                tud_network_can_xmit
 .text.tud_network_xmit
                0x0000000010006fe4       0x98 CMakeFiles/picow-usb-composite-wifi-adapter.dir/pico-sdk/lib/tinyusb/src/class/net/ecm_rndis_device.c.obj
                0x0000000010006fe4                tud_network_xmit
 .text.tu_edpt_claim
                0x000000001000707c       0x50 CMakeFiles/picow-usb-composite-wifi-adapter.dir/pico-sdk/lib/tinyusb/src/tusb.c.obj
                0x000000001000707c                tu_edpt_claim
 .text.tu_edpt_release
                0x00000000100070cc       0x38 CMakeFiles/picow-usb-composite-wifi-adapter.dir/pico-sdk/lib/tinyusb/src/tusb.c.obj
                0x00000000100070cc                tu_edpt_release
 .text.tu_edpt_validate
                0x0000000010007104       0x78 CMakeFiles/picow-usb-composite-wifi-adapter.dir/pico-sdk/lib/tinyusb/src/tusb.c.obj
                0x0000000010007104                tu_edpt_validate
 .text.tu_edpt_bind_driver
                0x000000001000717c       0x34 CMakeFiles/picow-usb-composite-wifi-adapter.dir/pico-sdk/lib/tinyusb/src/tusb.c.obj
                0x000000001000717c                tu_edpt_bind_driver
 .text.tu_fifo_config
                0x00000000100071b0       0x70 CMakeFiles/picow-usb-composite-wifi-adapter.dir/pico-sdk/lib/tinyusb/src/common/tusb_fifo.c.obj
                0x00000000100071b0                tu_fifo_config
 .text.tu_fifo_count
                0x0000000010007220       0x2c CMakeFiles/picow-usb-composite-wifi-adapter.dir/pico-sdk/lib/tinyusb/src/common/tusb_fifo.c.obj
                0x0000000010007220                tu_fifo_count
 .text.tu_fifo_empty
                0x000000001000724c       0x10 CMakeFiles/picow-usb-composite-wifi-adapter.dir/pico-sdk/lib/tinyusb/src/common/tusb_fifo.c.obj
                0x000000001000724c                tu_fifo_empty
 .text.tu_fifo_remaining
                0x000000001000725c       0x2c CMakeFiles/picow-usb-composite-wifi-adapter.dir/pico-sdk/lib/tinyusb/src/common/tusb_fifo.c.obj
                0x000000001000725c                tu_fifo_remaining
 .text.tu_fifo_read
                0x0000000010007288       0xa0 CMakeFiles/picow-usb-composite-wifi-adapter.dir/pico-sdk/lib/tinyusb/src/common/tusb_fifo.c.obj
                0x0000000010007288                tu_fifo_read
 .text.tu_fifo_read_n
                0x0000000010007328       0xec CMakeFiles/picow-usb-composite-wifi-adapter.dir/pico-sdk/lib/tinyusb/src/common/tusb_fifo.c.obj
                0x0000000010007328                tu_fifo_read_n
 .text.tu_fifo_write
                0x0000000010007414       0x88 CMakeFiles/picow-usb-composite-wifi-adapter.dir/pico-sdk/lib/tinyusb/src/common/tusb_fifo.c.obj
                0x0000000010007414                tu_fifo_write
 .text.tu_fifo_write_n
                0x000000001000749c      0x168 CMakeFiles/picow-usb-composite-wifi-adapter.dir/pico-sdk/lib/tinyusb/src/common/tusb_fifo.c.obj
                0x000000001000749c                tu_fifo_write_n
 .text.tu_fifo_clear
                0x0000000010007604       0x40 CMakeFiles/picow-usb-composite-wifi-adapter.dir/pico-sdk/lib/tinyusb/src/common/tusb_fifo.c.obj
                0x0000000010007604                tu_fifo_clear
 .text.tu_fifo_set_overwritable
                0x0000000010007644       0x48 CMakeFiles/picow-usb-composite-wifi-adapter.dir/pico-sdk/lib/tinyusb/src/common/tusb_fifo.c.obj
                0x0000000010007644                tu_fifo_set_overwritable
 .text.cyw43_arch_set_async_context
                0x000000001000768c        0xc CMakeFiles/picow-usb-composite-wifi-adapter.dir/pico-sdk/src/rp2_common/pico_cyw43_arch/cyw43_arch.c.obj
                0x000000001000768c                cyw43_arch_set_async_context
 .text.cyw43_arch_enable_sta_mode
                0x0000000010007698       0x1c CMakeFiles/picow-usb-composite-wifi-adapter.dir/pico-sdk/src/rp2_common/pico_cyw43_arch/cyw43_arch.c.obj
                0x0000000010007698                cyw43_arch_enable_sta_mode
 .text.cyw43_arch_wifi_connect_async
                0x00000000100076b4       0x48 CMakeFiles/picow-usb-composite-wifi-adapter.dir/pico-sdk/src/rp2_common/pico_cyw43_arch/cyw43_arch.c.obj
                0x00000000100076b4                cyw43_arch_wifi_connect_async
 .text.cyw43_arch_init_with_country
                0x00000000100076fc       0x10 CMakeFiles/picow-usb-composite-wifi-adapter.dir/pico-sdk/src/rp2_common/pico_cyw43_arch/cyw43_arch.c.obj
                0x00000000100076fc                cyw43_arch_init_with_country
 .text.cyw43_arch_gpio_put
                0x000000001000770c       0x14 CMakeFiles/picow-usb-composite-wifi-adapter.dir/pico-sdk/src/rp2_common/pico_cyw43_arch/cyw43_arch.c.obj
                0x000000001000770c                cyw43_arch_gpio_put
 .text.cyw43_arch_async_context
                0x0000000010007720        0xc CMakeFiles/picow-usb-composite-wifi-adapter.dir/pico-sdk/src/rp2_common/pico_cyw43_arch/cyw43_arch.c.obj
                0x0000000010007720                cyw43_arch_async_context
 .text.cyw43_arch_init
                0x000000001000772c       0x6c CMakeFiles/picow-usb-composite-wifi-adapter.dir/pico-sdk/src/rp2_common/pico_cyw43_arch/cyw43_arch_threadsafe_background.c.obj
                0x000000001000772c                cyw43_arch_init
 .text.ns_delay.constprop.0
                0x0000000010007798       0x20 CMakeFiles/picow-usb-composite-wifi-adapter.dir/pico-sdk/src/rp2_common/pico_cyw43_driver/cyw43_bus_pio_spi.c.obj
 .text.cyw43_spi_deinit
                0x00000000100077b8       0x7c CMakeFiles/picow-usb-composite-wifi-adapter.dir/pico-sdk/src/rp2_common/pico_cyw43_driver/cyw43_bus_pio_spi.c.obj
                0x00000000100077b8                cyw43_spi_deinit
 .text.cyw43_spi_init
                0x0000000010007834      0x154 CMakeFiles/picow-usb-composite-wifi-adapter.dir/pico-sdk/src/rp2_common/pico_cyw43_driver/cyw43_bus_pio_spi.c.obj
                0x0000000010007834                cyw43_spi_init
 .text.cyw43_spi_transfer
                0x0000000010007988      0x430 CMakeFiles/picow-usb-composite-wifi-adapter.dir/pico-sdk/src/rp2_common/pico_cyw43_driver/cyw43_bus_pio_spi.c.obj
                0x0000000010007988                cyw43_spi_transfer
 .text.cyw43_spi_gpio_setup
                0x0000000010007db8       0x3c CMakeFiles/picow-usb-composite-wifi-adapter.dir/pico-sdk/src/rp2_common/pico_cyw43_driver/cyw43_bus_pio_spi.c.obj
                0x0000000010007db8                cyw43_spi_gpio_setup
 .text.cyw43_spi_reset
                0x0000000010007df4       0x28 CMakeFiles/picow-usb-composite-wifi-adapter.dir/pico-sdk/src/rp2_common/pico_cyw43_driver/cyw43_bus_pio_spi.c.obj
                0x0000000010007df4                cyw43_spi_reset
 .text.read_reg_u32_swap
                0x0000000010007e1c       0x3c CMakeFiles/picow-usb-composite-wifi-adapter.dir/pico-sdk/src/rp2_common/pico_cyw43_driver/cyw43_bus_pio_spi.c.obj
                0x0000000010007e1c                read_reg_u32_swap
 .text.cyw43_read_reg_u32
                0x0000000010007e58       0x6c CMakeFiles/picow-usb-composite-wifi-adapter.dir/pico-sdk/src/rp2_common/pico_cyw43_driver/cyw43_bus_pio_spi.c.obj
                0x0000000010007e58                cyw43_read_reg_u32
 .text.cyw43_read_reg_u16
                0x0000000010007ec4       0x6c CMakeFiles/picow-usb-composite-wifi-adapter.dir/pico-sdk/src/rp2_common/pico_cyw43_driver/cyw43_bus_pio_spi.c.obj
                0x0000000010007ec4                cyw43_read_reg_u16
 .text.cyw43_read_reg_u8
                0x0000000010007f30       0x6c CMakeFiles/picow-usb-composite-wifi-adapter.dir/pico-sdk/src/rp2_common/pico_cyw43_driver/cyw43_bus_pio_spi.c.obj
                0x0000000010007f30                cyw43_read_reg_u8
 .text.write_reg_u32_swap
                0x0000000010007f9c      0x1e0 CMakeFiles/picow-usb-composite-wifi-adapter.dir/pico-sdk/src/rp2_common/pico_cyw43_driver/cyw43_bus_pio_spi.c.obj
                0x0000000010007f9c                write_reg_u32_swap
 .text.cyw43_write_reg_u32
                0x000000001000817c      0x200 CMakeFiles/picow-usb-composite-wifi-adapter.dir/pico-sdk/src/rp2_common/pico_cyw43_driver/cyw43_bus_pio_spi.c.obj
                0x000000001000817c                cyw43_write_reg_u32
 .text.cyw43_write_reg_u16
                0x000000001000837c      0x200 CMakeFiles/picow-usb-composite-wifi-adapter.dir/pico-sdk/src/rp2_common/pico_cyw43_driver/cyw43_bus_pio_spi.c.obj
                0x000000001000837c                cyw43_write_reg_u16
 .text.cyw43_write_reg_u8
                0x000000001000857c      0x200 CMakeFiles/picow-usb-composite-wifi-adapter.dir/pico-sdk/src/rp2_common/pico_cyw43_driver/cyw43_bus_pio_spi.c.obj
                0x000000001000857c                cyw43_write_reg_u8
 .text.cyw43_read_bytes
                0x000000001000877c       0x78 CMakeFiles/picow-usb-composite-wifi-adapter.dir/pico-sdk/src/rp2_common/pico_cyw43_driver/cyw43_bus_pio_spi.c.obj
                0x000000001000877c                cyw43_read_bytes
 .text.cyw43_write_bytes
                0x00000000100087f4       0xec CMakeFiles/picow-usb-composite-wifi-adapter.dir/pico-sdk/src/rp2_common/pico_cyw43_driver/cyw43_bus_pio_spi.c.obj
                0x00000000100087f4                cyw43_write_bytes
 .text.cyw43_set_backplane_window
                0x00000000100088e0       0x64 CMakeFiles/picow-usb-composite-wifi-adapter.dir/pico-sdk/lib/cyw43-driver/src/cyw43_ll.c.obj
 .text.cyw43_ll_parse_async_event
                0x0000000010008944      0x13c CMakeFiles/picow-usb-composite-wifi-adapter.dir/pico-sdk/lib/cyw43-driver/src/cyw43_ll.c.obj
 .text.cyw43_kso_set
                0x0000000010008a80       0xa0 CMakeFiles/picow-usb-composite-wifi-adapter.dir/pico-sdk/lib/cyw43-driver/src/cyw43_ll.c.obj
 .text.cyw43_ll_sdpcm_poll_device
                0x0000000010008b20      0x238 CMakeFiles/picow-usb-composite-wifi-adapter.dir/pico-sdk/lib/cyw43-driver/src/cyw43_ll.c.obj
 .text.cyw43_sdpcm_send_common
                0x0000000010008d58       0xf0 CMakeFiles/picow-usb-composite-wifi-adapter.dir/pico-sdk/lib/cyw43-driver/src/cyw43_ll.c.obj
 .text.cyw43_do_ioctl.part.0
                0x0000000010008e48       0xc4 CMakeFiles/picow-usb-composite-wifi-adapter.dir/pico-sdk/lib/cyw43-driver/src/cyw43_ll.c.obj
 .text.cyw43_write_iovar_u32
                0x0000000010008f0c       0xa4 CMakeFiles/picow-usb-composite-wifi-adapter.dir/pico-sdk/lib/cyw43-driver/src/cyw43_ll.c.obj
 .text.cyw43_write_iovar_u32_u32.constprop.0
                0x0000000010008fb0       0xb0 CMakeFiles/picow-usb-composite-wifi-adapter.dir/pico-sdk/lib/cyw43-driver/src/cyw43_ll.c.obj
 .text.cyw43_read_backplane.constprop.0
                0x0000000010009060       0xdc CMakeFiles/picow-usb-composite-wifi-adapter.dir/pico-sdk/lib/cyw43-driver/src/cyw43_ll.c.obj
 .text.cyw43_write_backplane
                0x000000001000913c      0x104 CMakeFiles/picow-usb-composite-wifi-adapter.dir/pico-sdk/lib/cyw43-driver/src/cyw43_ll.c.obj
 .text.reset_device_core.constprop.0
                0x0000000010009240      0x3f0 CMakeFiles/picow-usb-composite-wifi-adapter.dir/pico-sdk/lib/cyw43-driver/src/cyw43_ll.c.obj
 .text.cyw43_ll_init
                0x0000000010009630       0x1c CMakeFiles/picow-usb-composite-wifi-adapter.dir/pico-sdk/lib/cyw43-driver/src/cyw43_ll.c.obj
                0x0000000010009630                cyw43_ll_init
 .text.cyw43_ll_deinit
                0x000000001000964c        0x8 CMakeFiles/picow-usb-composite-wifi-adapter.dir/pico-sdk/lib/cyw43-driver/src/cyw43_ll.c.obj
                0x000000001000964c                cyw43_ll_deinit
 .text.cyw43_ll_send_ethernet
                0x0000000010009654       0x60 CMakeFiles/picow-usb-composite-wifi-adapter.dir/pico-sdk/lib/cyw43-driver/src/cyw43_ll.c.obj
                0x0000000010009654                cyw43_ll_send_ethernet
 .text.cyw43_ll_process_packets
                0x00000000100096b4       0x54 CMakeFiles/picow-usb-composite-wifi-adapter.dir/pico-sdk/lib/cyw43-driver/src/cyw43_ll.c.obj
                0x00000000100096b4                cyw43_ll_process_packets
 .text.cyw43_ll_ioctl
                0x0000000010009708       0x80 CMakeFiles/picow-usb-composite-wifi-adapter.dir/pico-sdk/lib/cyw43-driver/src/cyw43_ll.c.obj
                0x0000000010009708                cyw43_ll_ioctl
 .text.cyw43_ll_bus_sleep
                0x0000000010009788       0x34 CMakeFiles/picow-usb-composite-wifi-adapter.dir/pico-sdk/lib/cyw43-driver/src/cyw43_ll.c.obj
                0x0000000010009788                cyw43_ll_bus_sleep
 .text.cyw43_ll_wifi_on
                0x00000000100097bc      0x220 CMakeFiles/picow-usb-composite-wifi-adapter.dir/pico-sdk/lib/cyw43-driver/src/cyw43_ll.c.obj
                0x00000000100097bc                cyw43_ll_wifi_on
 .text.cyw43_ll_wifi_get_mac
                0x00000000100099dc       0x74 CMakeFiles/picow-usb-composite-wifi-adapter.dir/pico-sdk/lib/cyw43-driver/src/cyw43_ll.c.obj
                0x00000000100099dc                cyw43_ll_wifi_get_mac
 .text.cyw43_ll_bus_init
                0x0000000010009a50      0xa24 CMakeFiles/picow-usb-composite-wifi-adapter.dir/pico-sdk/lib/cyw43-driver/src/cyw43_ll.c.obj
                0x0000000010009a50                cyw43_ll_bus_init
 .text.cyw43_ll_wifi_pm
                0x000000001000a474      0x138 CMakeFiles/picow-usb-composite-wifi-adapter.dir/pico-sdk/lib/cyw43-driver/src/cyw43_ll.c.obj
                0x000000001000a474                cyw43_ll_wifi_pm
 .text.cyw43_ll_wifi_join
                0x000000001000a5ac      0x3ec CMakeFiles/picow-usb-composite-wifi-adapter.dir/pico-sdk/lib/cyw43-driver/src/cyw43_ll.c.obj
                0x000000001000a5ac                cyw43_ll_wifi_join
 .text.cyw43_ll_wifi_set_wpa_auth
                0x000000001000a998       0x4c CMakeFiles/picow-usb-composite-wifi-adapter.dir/pico-sdk/lib/cyw43-driver/src/cyw43_ll.c.obj
                0x000000001000a998                cyw43_ll_wifi_set_wpa_auth
 .text.cyw43_ll_wifi_rejoin
                0x000000001000a9e4       0x58 CMakeFiles/picow-usb-composite-wifi-adapter.dir/pico-sdk/lib/cyw43-driver/src/cyw43_ll.c.obj
                0x000000001000a9e4                cyw43_ll_wifi_rejoin
 .text.cyw43_ll_wifi_ap_init
                0x000000001000aa3c      0x2e8 CMakeFiles/picow-usb-composite-wifi-adapter.dir/pico-sdk/lib/cyw43-driver/src/cyw43_ll.c.obj
                0x000000001000aa3c                cyw43_ll_wifi_ap_init
 .text.cyw43_ll_wifi_ap_set_up
                0x000000001000ad24       0x80 CMakeFiles/picow-usb-composite-wifi-adapter.dir/pico-sdk/lib/cyw43-driver/src/cyw43_ll.c.obj
                0x000000001000ad24                cyw43_ll_wifi_ap_set_up
 .text.cyw43_ll_gpio_set
                0x000000001000ada4       0x9c CMakeFiles/picow-usb-composite-wifi-adapter.dir/pico-sdk/lib/cyw43-driver/src/cyw43_ll.c.obj
                0x000000001000ada4                cyw43_ll_gpio_set
 .text.cyw43_ll_has_work
                0x000000001000ae40       0x14 CMakeFiles/picow-usb-composite-wifi-adapter.dir/pico-sdk/lib/cyw43-driver/src/cyw43_ll.c.obj
                0x000000001000ae40                cyw43_ll_has_work
 .text.cyw43_poll_func
                0x000000001000ae54       0xc0 CMakeFiles/picow-usb-composite-wifi-adapter.dir/pico-sdk/lib/cyw43-driver/src/cyw43_ctrl.c.obj
 .text.cyw43_init
                0x000000001000af14       0x6c CMakeFiles/picow-usb-composite-wifi-adapter.dir/pico-sdk/lib/cyw43-driver/src/cyw43_ctrl.c.obj
                0x000000001000af14                cyw43_init
 .text.cyw43_deinit
                0x000000001000af80       0x90 CMakeFiles/picow-usb-composite-wifi-adapter.dir/pico-sdk/lib/cyw43-driver/src/cyw43_ctrl.c.obj
                0x000000001000af80                cyw43_deinit
 .text.cyw43_cb_read_host_interrupt_pin
                0x000000001000b010        0xc CMakeFiles/picow-usb-composite-wifi-adapter.dir/pico-sdk/lib/cyw43-driver/src/cyw43_ctrl.c.obj
                0x000000001000b010                cyw43_cb_read_host_interrupt_pin
 .text.cyw43_cb_ensure_awake
                0x000000001000b01c        0xc CMakeFiles/picow-usb-composite-wifi-adapter.dir/pico-sdk/lib/cyw43-driver/src/cyw43_ctrl.c.obj
                0x000000001000b01c                cyw43_cb_ensure_awake
 .text.cyw43_cb_process_async_event
                0x000000001000b028      0x228 CMakeFiles/picow-usb-composite-wifi-adapter.dir/pico-sdk/lib/cyw43-driver/src/cyw43_ctrl.c.obj
                0x000000001000b028                cyw43_cb_process_async_event
 .text.cyw43_send_ethernet
                0x000000001000b250       0xc0 CMakeFiles/picow-usb-composite-wifi-adapter.dir/pico-sdk/lib/cyw43-driver/src/cyw43_ctrl.c.obj
                0x000000001000b250                cyw43_send_ethernet
 .text.cyw43_wifi_pm
                0x000000001000b310       0xb4 CMakeFiles/picow-usb-composite-wifi-adapter.dir/pico-sdk/lib/cyw43-driver/src/cyw43_ctrl.c.obj
                0x000000001000b310                cyw43_wifi_pm
 .text.cyw43_wifi_set_up
                0x000000001000b3c4      0x308 CMakeFiles/picow-usb-composite-wifi-adapter.dir/pico-sdk/lib/cyw43-driver/src/cyw43_ctrl.c.obj
                0x000000001000b3c4                cyw43_wifi_set_up
 .text.cyw43_wifi_join
                0x000000001000b6cc       0xf4 CMakeFiles/picow-usb-composite-wifi-adapter.dir/pico-sdk/lib/cyw43-driver/src/cyw43_ctrl.c.obj
                0x000000001000b6cc                cyw43_wifi_join
 .text.cyw43_gpio_set
                0x000000001000b7c0       0xa0 CMakeFiles/picow-usb-composite-wifi-adapter.dir/pico-sdk/lib/cyw43-driver/src/cyw43_ctrl.c.obj
                0x000000001000b7c0                cyw43_gpio_set
 .text.pio_sm_unclaim
                0x000000001000b860       0x20 CMakeFiles/picow-usb-composite-wifi-adapter.dir/pico-sdk/src/rp2_common/hardware_pio/pio.c.obj
                0x000000001000b860                pio_sm_unclaim
 .text.pio_claim_unused_sm
                0x000000001000b880       0x3c CMakeFiles/picow-usb-composite-wifi-adapter.dir/pico-sdk/src/rp2_common/hardware_pio/pio.c.obj
                0x000000001000b880                pio_claim_unused_sm
 .text.pio_can_add_program
                0x000000001000b8bc       0x68 CMakeFiles/picow-usb-composite-wifi-adapter.dir/pico-sdk/src/rp2_common/hardware_pio/pio.c.obj
                0x000000001000b8bc                pio_can_add_program
 .text.pio_add_program
                0x000000001000b924       0xc8 CMakeFiles/picow-usb-composite-wifi-adapter.dir/pico-sdk/src/rp2_common/hardware_pio/pio.c.obj
                0x000000001000b924                pio_add_program
 .text.pio_remove_program
                0x000000001000b9ec       0x34 CMakeFiles/picow-usb-composite-wifi-adapter.dir/pico-sdk/src/rp2_common/hardware_pio/pio.c.obj
                0x000000001000b9ec                pio_remove_program
 .text.pio_sm_set_pindirs_with_mask
                0x000000001000ba20       0xa4 CMakeFiles/picow-usb-composite-wifi-adapter.dir/pico-sdk/src/rp2_common/hardware_pio/pio.c.obj
                0x000000001000ba20                pio_sm_set_pindirs_with_mask
 .text.pio_sm_set_consecutive_pindirs
                0x000000001000bac4       0xb0 CMakeFiles/picow-usb-composite-wifi-adapter.dir/pico-sdk/src/rp2_common/hardware_pio/pio.c.obj
                0x000000001000bac4                pio_sm_set_consecutive_pindirs
 .text.dma_channel_unclaim
                0x000000001000bb74       0x10 CMakeFiles/picow-usb-composite-wifi-adapter.dir/pico-sdk/src/rp2_common/hardware_dma/dma.c.obj
                0x000000001000bb74                dma_channel_unclaim
 .text.dma_claim_unused_channel
                0x000000001000bb84       0x20 CMakeFiles/picow-usb-composite-wifi-adapter.dir/pico-sdk/src/rp2_common/hardware_dma/dma.c.obj
                0x000000001000bb84                dma_claim_unused_channel
 .text.dma_channel_cleanup
                0x000000001000bba4       0x60 CMakeFiles/picow-usb-composite-wifi-adapter.dir/pico-sdk/src/rp2_common/hardware_dma/dma.c.obj
                0x000000001000bba4                dma_channel_cleanup
 .text.cyw43_sleep_timeout_reached
                0x000000001000bc04       0x10 CMakeFiles/picow-usb-composite-wifi-adapter.dir/pico-sdk/src/rp2_common/pico_cyw43_driver/cyw43_driver.c.obj
 .text.cyw43_irq_init
                0x000000001000bc14       0x28 CMakeFiles/picow-usb-composite-wifi-adapter.dir/pico-sdk/src/rp2_common/pico_cyw43_driver/cyw43_driver.c.obj
                0x000000001000bc14                cyw43_irq_init
 .text.cyw43_irq_deinit
                0x000000001000bc3c       0x20 CMakeFiles/picow-usb-composite-wifi-adapter.dir/pico-sdk/src/rp2_common/pico_cyw43_driver/cyw43_driver.c.obj
                0x000000001000bc3c                cyw43_irq_deinit
 .text.cyw43_gpio_irq_handler
                0x000000001000bc5c       0x44 CMakeFiles/picow-usb-composite-wifi-adapter.dir/pico-sdk/src/rp2_common/pico_cyw43_driver/cyw43_driver.c.obj
 .text.cyw43_do_poll
                0x000000001000bca0       0x68 CMakeFiles/picow-usb-composite-wifi-adapter.dir/pico-sdk/src/rp2_common/pico_cyw43_driver/cyw43_driver.c.obj
 .text.cyw43_post_poll_hook
                0x000000001000bd08       0x10 CMakeFiles/picow-usb-composite-wifi-adapter.dir/pico-sdk/src/rp2_common/pico_cyw43_driver/cyw43_driver.c.obj
                0x000000001000bd08                cyw43_post_poll_hook
 .text.cyw43_schedule_internal_poll_dispatch
                0x000000001000bd18       0x18 CMakeFiles/picow-usb-composite-wifi-adapter.dir/pico-sdk/src/rp2_common/pico_cyw43_driver/cyw43_driver.c.obj
                0x000000001000bd18                cyw43_schedule_internal_poll_dispatch
 .text.cyw43_driver_init
                0x000000001000bd30       0x38 CMakeFiles/picow-usb-composite-wifi-adapter.dir/pico-sdk/src/rp2_common/pico_cyw43_driver/cyw43_driver.c.obj
                0x000000001000bd30                cyw43_driver_init
 .text.cyw43_driver_deinit
                0x000000001000bd68       0x44 CMakeFiles/picow-usb-composite-wifi-adapter.dir/pico-sdk/src/rp2_common/pico_cyw43_driver/cyw43_driver.c.obj
                0x000000001000bd68                cyw43_driver_deinit
 .text.cyw43_hal_generate_laa_mac
                0x000000001000bdac       0x28 CMakeFiles/picow-usb-composite-wifi-adapter.dir/pico-sdk/src/rp2_common/pico_cyw43_driver/cyw43_driver.c.obj
                0x000000001000bdac                cyw43_hal_generate_laa_mac
 .text.cyw43_hal_get_mac
                0x000000001000bdd4       0x1c CMakeFiles/picow-usb-composite-wifi-adapter.dir/pico-sdk/src/rp2_common/pico_cyw43_driver/cyw43_driver.c.obj
                0x000000001000bdd4                cyw43_hal_get_mac
 .text.cyw43_thread_enter
                0x000000001000bdf0       0x14 CMakeFiles/picow-usb-composite-wifi-adapter.dir/pico-sdk/src/rp2_common/pico_cyw43_driver/cyw43_driver.c.obj
                0x000000001000bdf0                cyw43_thread_enter
 .text.cyw43_thread_exit
                0x000000001000be04       0x14 CMakeFiles/picow-usb-composite-wifi-adapter.dir/pico-sdk/src/rp2_common/pico_cyw43_driver/cyw43_driver.c.obj
                0x000000001000be04                cyw43_thread_exit
 .text.cyw43_await_background_or_timeout_us
                0x000000001000be18       0x34 CMakeFiles/picow-usb-composite-wifi-adapter.dir/pico-sdk/src/rp2_common/pico_cyw43_driver/cyw43_driver.c.obj
                0x000000001000be18                cyw43_await_background_or_timeout_us
 .text.cyw43_delay_ms
                0x000000001000be4c       0x44 CMakeFiles/picow-usb-composite-wifi-adapter.dir/pico-sdk/src/rp2_common/pico_cyw43_driver/cyw43_driver.c.obj
                0x000000001000be4c                cyw43_delay_ms
 .text.cyw43_delay_us
                0x000000001000be90       0x34 CMakeFiles/picow-usb-composite-wifi-adapter.dir/pico-sdk/src/rp2_common/pico_cyw43_driver/cyw43_driver.c.obj
                0x000000001000be90                cyw43_delay_us
 .text.cyw43_cb_tcpip_init
                0x000000001000bec4        0x4 CMakeFiles/picow-usb-composite-wifi-adapter.dir/pico-sdk/src/rp2_common/pico_cyw43_driver/cyw43_driver.c.obj
                0x000000001000bec4                cyw43_cb_tcpip_init
 .text.cyw43_cb_tcpip_deinit
                0x000000001000bec8        0x4 CMakeFiles/picow-usb-composite-wifi-adapter.dir/pico-sdk/src/rp2_common/pico_cyw43_driver/cyw43_driver.c.obj
                0x000000001000bec8                cyw43_cb_tcpip_deinit
 .text.handle_sync_func_call
                0x000000001000becc       0x24 CMakeFiles/picow-usb-composite-wifi-adapter.dir/pico-sdk/src/rp2_common/pico_async_context/async_context_threadsafe_background.c.obj
 .text.async_context_threadsafe_background_acquire_lock_blocking
                0x000000001000bef0        0xc CMakeFiles/picow-usb-composite-wifi-adapter.dir/pico-sdk/src/rp2_common/pico_async_context/async_context_threadsafe_background.c.obj
 .text.process_under_lock
                0x000000001000befc       0xc8 CMakeFiles/picow-usb-composite-wifi-adapter.dir/pico-sdk/src/rp2_common/pico_async_context/async_context_threadsafe_background.c.obj
 .text.async_context_threadsafe_background_deinit
                0x000000001000bfc4       0x64 CMakeFiles/picow-usb-composite-wifi-adapter.dir/pico-sdk/src/rp2_common/pico_async_context/async_context_threadsafe_background.c.obj
 .text.low_priority_irq_handler
                0x000000001000c028       0x3c CMakeFiles/picow-usb-composite-wifi-adapter.dir/pico-sdk/src/rp2_common/pico_async_context/async_context_threadsafe_background.c.obj
 .text.async_context_threadsafe_background_wait_for_work_until
                0x000000001000c064        0xc CMakeFiles/picow-usb-composite-wifi-adapter.dir/pico-sdk/src/rp2_common/pico_async_context/async_context_threadsafe_background.c.obj
 .text.async_context_threadsafe_background_wait_until
                0x000000001000c070       0x1c CMakeFiles/picow-usb-composite-wifi-adapter.dir/pico-sdk/src/rp2_common/pico_async_context/async_context_threadsafe_background.c.obj
 .text.async_context_threadsafe_background_lock_check
                0x000000001000c08c       0x28 CMakeFiles/picow-usb-composite-wifi-adapter.dir/pico-sdk/src/rp2_common/pico_async_context/async_context_threadsafe_background.c.obj
 .text.async_context_threadsafe_background_execute_sync
                0x000000001000c0b4       0xe4 CMakeFiles/picow-usb-composite-wifi-adapter.dir/pico-sdk/src/rp2_common/pico_async_context/async_context_threadsafe_background.c.obj
                0x000000001000c0b4                async_context_threadsafe_background_execute_sync
 .text.async_context_threadsafe_background_set_work_pending
                0x000000001000c198       0x50 CMakeFiles/picow-usb-composite-wifi-adapter.dir/pico-sdk/src/rp2_common/pico_async_context/async_context_threadsafe_background.c.obj
 .text.alarm_handler
                0x000000001000c1e8       0x58 CMakeFiles/picow-usb-composite-wifi-adapter.dir/pico-sdk/src/rp2_common/pico_async_context/async_context_threadsafe_background.c.obj
 .text.async_context_threadsafe_background_release_lock
                0x000000001000c240       0x7c CMakeFiles/picow-usb-composite-wifi-adapter.dir/pico-sdk/src/rp2_common/pico_async_context/async_context_threadsafe_background.c.obj
 .text.async_context_threadsafe_background_when_pending_worker
                0x000000001000c2bc       0x90 CMakeFiles/picow-usb-composite-wifi-adapter.dir/pico-sdk/src/rp2_common/pico_async_context/async_context_threadsafe_background.c.obj
 .text.async_context_threadsafe_background_remove_at_time_worker
                0x000000001000c34c       0x90 CMakeFiles/picow-usb-composite-wifi-adapter.dir/pico-sdk/src/rp2_common/pico_async_context/async_context_threadsafe_background.c.obj
 .text.async_context_threadsafe_background_add_when_pending_worker
                0x000000001000c3dc       0x90 CMakeFiles/picow-usb-composite-wifi-adapter.dir/pico-sdk/src/rp2_common/pico_async_context/async_context_threadsafe_background.c.obj
 .text.async_context_threadsafe_background_add_at_time_worker
                0x000000001000c46c       0x90 CMakeFiles/picow-usb-composite-wifi-adapter.dir/pico-sdk/src/rp2_common/pico_async_context/async_context_threadsafe_background.c.obj
 .text.async_context_threadsafe_background_default_config
                0x000000001000c4fc        0xc CMakeFiles/picow-usb-composite-wifi-adapter.dir/pico-sdk/src/rp2_common/pico_async_context/async_context_threadsafe_background.c.obj
                0x000000001000c4fc                async_context_threadsafe_background_default_config
 .text.async_context_threadsafe_background_init
                0x000000001000c508       0xa4 CMakeFiles/picow-usb-composite-wifi-adapter.dir/pico-sdk/src/rp2_common/pico_async_context/async_context_threadsafe_background.c.obj
                0x000000001000c508                async_context_threadsafe_background_init
 .text.async_context_base_add_at_time_worker
                0x000000001000c5ac       0x28 CMakeFiles/picow-usb-composite-wifi-adapter.dir/pico-sdk/src/rp2_common/pico_async_context/async_context_base.c.obj
                0x000000001000c5ac                async_context_base_add_at_time_worker
 .text.async_context_base_remove_at_time_worker
                0x000000001000c5d4       0x28 CMakeFiles/picow-usb-composite-wifi-adapter.dir/pico-sdk/src/rp2_common/pico_async_context/async_context_base.c.obj
                0x000000001000c5d4                async_context_base_remove_at_time_worker
 .text.async_context_base_add_when_pending_worker
                0x000000001000c5fc       0x24 CMakeFiles/picow-usb-composite-wifi-adapter.dir/pico-sdk/src/rp2_common/pico_async_context/async_context_base.c.obj
                0x000000001000c5fc                async_context_base_add_when_pending_worker
 .text.async_context_base_remove_when_pending_worker
                0x000000001000c620       0x28 CMakeFiles/picow-usb-composite-wifi-adapter.dir/pico-sdk/src/rp2_common/pico_async_context/async_context_base.c.obj
                0x000000001000c620                async_context_base_remove_when_pending_worker
 .text.async_context_base_execute_once
                0x000000001000c648       0xe8 CMakeFiles/picow-usb-composite-wifi-adapter.dir/pico-sdk/src/rp2_common/pico_async_context/async_context_base.c.obj
                0x000000001000c648                async_context_base_execute_once
 .text.async_context_base_needs_servicing
                0x000000001000c730       0x54 CMakeFiles/picow-usb-composite-wifi-adapter.dir/pico-sdk/src/rp2_common/pico_async_context/async_context_base.c.obj
                0x000000001000c730                async_context_base_needs_servicing
 .text.core1_trampoline
                0x000000001000c784        0x4 CMakeFiles/picow-usb-composite-wifi-adapter.dir/pico-sdk/src/rp2_common/pico_multicore/multicore.c.obj
 .text.core1_wrapper
                0x000000001000c788        0xc CMakeFiles/picow-usb-composite-wifi-adapter.dir/pico-sdk/src/rp2_common/pico_multicore/multicore.c.obj
                0x000000001000c788                core1_wrapper
 .text.multicore_launch_core1_raw
                0x000000001000c794       0x84 CMakeFiles/picow-usb-composite-wifi-adapter.dir/pico-sdk/src/rp2_common/pico_multicore/multicore.c.obj
                0x000000001000c794                multicore_launch_core1_raw
 .text.multicore_launch_core1
                0x000000001000c818       0x4c CMakeFiles/picow-usb-composite-wifi-adapter.dir/pico-sdk/src/rp2_common/pico_multicore/multicore.c.obj
                0x000000001000c818                multicore_launch_core1
 .text          0x000000001000c864       0x18 /usr/lib/gcc/arm-none-eabi/10.3.1/../../../arm-none-eabi/lib/thumb/v6-m/nofp/libc.a(lib_a-calloc.o)
                0x000000001000c864                calloc
 .text          0x000000001000c87c       0x5c /usr/lib/gcc/arm-none-eabi/10.3.1/../../../arm-none-eabi/lib/thumb/v6-m/nofp/libc.a(lib_a-callocr.o)
                0x000000001000c87c                _calloc_r
 .text          0x000000001000c8d8       0x28 /usr/lib/gcc/arm-none-eabi/10.3.1/../../../arm-none-eabi/lib/thumb/v6-m/nofp/libc.a(lib_a-malloc.o)
                0x000000001000c8d8                malloc
                0x000000001000c8ec                free
 .text          0x000000001000c900      0x574 /usr/lib/gcc/arm-none-eabi/10.3.1/../../../arm-none-eabi/lib/thumb/v6-m/nofp/libc.a(lib_a-mallocr.o)
                0x000000001000c900                _malloc_r
 .text          0x000000001000ce74        0x8 /usr/lib/gcc/arm-none-eabi/10.3.1/../../../arm-none-eabi/lib/thumb/v6-m/nofp/libc.a(lib_a-mlock.o)
                0x000000001000ce74                __malloc_lock
                0x000000001000ce78                __malloc_unlock
 .text          0x000000001000ce7c       0x24 /usr/lib/gcc/arm-none-eabi/10.3.1/../../../arm-none-eabi/lib/thumb/v6-m/nofp/libc.a(lib_a-sbrkr.o)
                0x000000001000ce7c                _sbrk_r
 .text          0x000000001000cea0       0x5c /usr/lib/gcc/arm-none-eabi/10.3.1/../../../arm-none-eabi/lib/thumb/v6-m/nofp/libc.a(lib_a-strlen-stub.o)
                0x000000001000cea0                strlen
 .text          0x000000001000cefc       0x74 /usr/lib/gcc/arm-none-eabi/10.3.1/../../../arm-none-eabi/lib/thumb/v6-m/nofp/libc.a(lib_a-strncmp.o)
                0x000000001000cefc                strncmp
 .text          0x000000001000cf70      0x260 /usr/lib/gcc/arm-none-eabi/10.3.1/../../../arm-none-eabi/lib/thumb/v6-m/nofp/libc.a(lib_a-freer.o)
                0x000000001000cf70                _malloc_trim_r
                0x000000001000d00c                _free_r
 *(.fini)
 .fini          0x000000001000d1d0        0x4 /usr/lib/gcc/arm-none-eabi/10.3.1/thumb/v6-m/nofp/crti.o
                0x000000001000d1d0                _fini
 *fill*         0x000000001000d1d4        0x4 
 .fini.__stub   0x000000001000d1d8      0x140 linker stubs
 *crtbegin.o(.ctors)
 *crtbegin?.o(.ctors)
 *(EXCLUDE_FILE(*crtend.o *crtend?.o) .ctors)
 *(SORT_BY_NAME(.ctors.*))
 *(.ctors)
 *crtbegin.o(.dtors)
 *crtbegin?.o(.dtors)
 *(EXCLUDE_FILE(*crtend.o *crtend?.o) .dtors)
 *(SORT_BY_NAME(.dtors.*))
 *(.dtors)
 *(.eh_frame*)
 .eh_frame      0x000000001000d318        0x0 /usr/lib/gcc/arm-none-eabi/10.3.1/thumb/v6-m/nofp/crtbegin.o
                0x000000001000d318                . = ALIGN (0x4)

.glue_7         0x000000001000d318        0x0
 .glue_7        0x000000001000d318        0x0 linker stubs

.glue_7t        0x000000001000d318        0x0
 .glue_7t       0x000000001000d318        0x0 linker stubs

.vfp11_veneer   0x000000001000d318        0x0
 .vfp11_veneer  0x000000001000d318        0x0 linker stubs

.v4_bx          0x000000001000d318        0x0
 .v4_bx         0x000000001000d318        0x0 linker stubs

.iplt           0x000000001000d318        0x0
 .iplt          0x000000001000d318        0x0 /usr/lib/gcc/arm-none-eabi/10.3.1/thumb/v6-m/nofp/crtbegin.o

.rodata         0x000000001000d318    0x381d4
 *(EXCLUDE_FILE(*libm.a: *libc.a:*lib_a-mem*.o *libgcc.a:) .rodata*)
 .rodata.main.str1.4
                0x000000001000d318       0x56 CMakeFiles/picow-usb-composite-wifi-adapter.dir/main.c.obj
 *fill*         0x000000001000d36e        0x2 
 .rodata.core1_entry.str1.4
                0x000000001000d370       0x18 CMakeFiles/picow-usb-composite-wifi-adapter.dir/wifi_code.c.obj
 .rodata.tud_descriptor_string_cb.str1.4
                0x000000001000d388       0x11 CMakeFiles/picow-usb-composite-wifi-adapter.dir/usb_descriptors.c.obj
                                         0x25 (size before relaxing)
 *fill*         0x000000001000d399        0x3 
 .rodata.str1.4
                0x000000001000d39c       0x40 CMakeFiles/picow-usb-composite-wifi-adapter.dir/usb_descriptors.c.obj
 .rodata.__compound_literal.0
                0x000000001000d3dc        0x2 CMakeFiles/picow-usb-composite-wifi-adapter.dir/usb_descriptors.c.obj
 *fill*         0x000000001000d3de        0x2 
 .rodata.configuration_arr
                0x000000001000d3e0        0x8 CMakeFiles/picow-usb-composite-wifi-adapter.dir/usb_descriptors.c.obj
 .rodata.desc_device
                0x000000001000d3e8       0x12 CMakeFiles/picow-usb-composite-wifi-adapter.dir/usb_descriptors.c.obj
                0x000000001000d3e8                desc_device
 *fill*         0x000000001000d3fa        0x2 
 .rodata.ecm_configuration
                0x000000001000d3fc       0x9a CMakeFiles/picow-usb-composite-wifi-adapter.dir/usb_descriptors.c.obj
 *fill*         0x000000001000d496        0x2 
 .rodata.rndis_configuration
                0x000000001000d498       0x8d CMakeFiles/picow-usb-composite-wifi-adapter.dir/usb_descriptors.c.obj
 *fill*         0x000000001000d525        0x3 
 .rodata.string_desc_arr
                0x000000001000d528       0x1c CMakeFiles/picow-usb-composite-wifi-adapter.dir/usb_descriptors.c.obj
 .rodata.rndis_class_set_handler.str1.4
                0x000000001000d544        0x8 CMakeFiles/picow-usb-composite-wifi-adapter.dir/pico-sdk/lib/tinyusb/lib/networking/rndis_reports.c.obj
 .rodata.rndis_class_set_handler
                0x000000001000d544       0x90 CMakeFiles/picow-usb-composite-wifi-adapter.dir/pico-sdk/lib/tinyusb/lib/networking/rndis_reports.c.obj
 .rodata.OIDSupportedList
                0x000000001000d5d4       0x58 CMakeFiles/picow-usb-composite-wifi-adapter.dir/pico-sdk/lib/tinyusb/lib/networking/rndis_reports.c.obj
 .rodata.memp_FRAG_PBUF
                0x000000001000d62c       0x10 CMakeFiles/picow-usb-composite-wifi-adapter.dir/pico-sdk/lib/lwip/src/core/memp.c.obj
                0x000000001000d62c                memp_FRAG_PBUF
 .rodata.memp_PBUF
                0x000000001000d63c       0x10 CMakeFiles/picow-usb-composite-wifi-adapter.dir/pico-sdk/lib/lwip/src/core/memp.c.obj
                0x000000001000d63c                memp_PBUF
 .rodata.memp_PBUF_POOL
                0x000000001000d64c       0x10 CMakeFiles/picow-usb-composite-wifi-adapter.dir/pico-sdk/lib/lwip/src/core/memp.c.obj
                0x000000001000d64c                memp_PBUF_POOL
 .rodata.memp_RAW_PCB
                0x000000001000d65c       0x10 CMakeFiles/picow-usb-composite-wifi-adapter.dir/pico-sdk/lib/lwip/src/core/memp.c.obj
                0x000000001000d65c                memp_RAW_PCB
 .rodata.memp_REASSDATA
                0x000000001000d66c       0x10 CMakeFiles/picow-usb-composite-wifi-adapter.dir/pico-sdk/lib/lwip/src/core/memp.c.obj
                0x000000001000d66c                memp_REASSDATA
 .rodata.memp_SYS_TIMEOUT
                0x000000001000d67c       0x10 CMakeFiles/picow-usb-composite-wifi-adapter.dir/pico-sdk/lib/lwip/src/core/memp.c.obj
                0x000000001000d67c                memp_SYS_TIMEOUT
 .rodata.memp_TCP_PCB
                0x000000001000d68c       0x10 CMakeFiles/picow-usb-composite-wifi-adapter.dir/pico-sdk/lib/lwip/src/core/memp.c.obj
                0x000000001000d68c                memp_TCP_PCB
 .rodata.memp_TCP_PCB_LISTEN
                0x000000001000d69c       0x10 CMakeFiles/picow-usb-composite-wifi-adapter.dir/pico-sdk/lib/lwip/src/core/memp.c.obj
                0x000000001000d69c                memp_TCP_PCB_LISTEN
 .rodata.memp_TCP_SEG
                0x000000001000d6ac       0x10 CMakeFiles/picow-usb-composite-wifi-adapter.dir/pico-sdk/lib/lwip/src/core/memp.c.obj
                0x000000001000d6ac                memp_TCP_SEG
 .rodata.memp_UDP_PCB
                0x000000001000d6bc       0x10 CMakeFiles/picow-usb-composite-wifi-adapter.dir/pico-sdk/lib/lwip/src/core/memp.c.obj
                0x000000001000d6bc                memp_UDP_PCB
 .rodata.memp_pools
                0x000000001000d6cc       0x28 CMakeFiles/picow-usb-composite-wifi-adapter.dir/pico-sdk/lib/lwip/src/core/memp.c.obj
                0x000000001000d6cc                memp_pools
 .rodata.spin_lock_claim_unused.str1.4
                0x000000001000d6f4       0x1b CMakeFiles/picow-usb-composite-wifi-adapter.dir/pico-sdk/src/rp2_common/hardware_sync/sync.c.obj
 *fill*         0x000000001000d70f        0x1 
 .rodata.user_irq_claim_unused.str1.4
                0x000000001000d710       0x1b CMakeFiles/picow-usb-composite-wifi-adapter.dir/pico-sdk/src/rp2_common/hardware_irq/irq.c.obj
 *fill*         0x000000001000d72b        0x5 
 .rodata.at_the_end_of_time
                0x000000001000d730        0x8 CMakeFiles/picow-usb-composite-wifi-adapter.dir/pico-sdk/src/common/pico_time/time.c.obj
                0x000000001000d730                at_the_end_of_time
 .rodata.hardware_alarm_claim.str1.4
                0x000000001000d738       0x22 CMakeFiles/picow-usb-composite-wifi-adapter.dir/pico-sdk/src/rp2_common/hardware_timer/timer.c.obj
 *fill*         0x000000001000d75a        0x2 
 .rodata.hardware_alarm_claim_unused.str1.4
                0x000000001000d75c       0x14 CMakeFiles/picow-usb-composite-wifi-adapter.dir/pico-sdk/src/rp2_common/hardware_timer/timer.c.obj
 .rodata.panic.str1.4